Godot Engine v4.6.2.stable.mono.official.71f334935 - https://godotengine.org

ERROR: Failed to read the root certificate store.
   at: get_system_ca_certificates (platform/windows/os_windows.cpp:2570)
[DataManager] PackLoader: loading packs from F:/dev/Pf2e.Core/Data/pf2e-source/packs/pf2e
[DataManager] PackLoader: skipped raja-rakshasa.json (JsonException: The JSON value could not be converted to System.Int32. Path: $.splashDamage.value | LineNumber: 64 | BytePositionInLine: 33.)
[DataManager] PackLoader: skipped 1 malformed creature file(s)
[DataManager] PackLoader: loaded 40 conditions, 1795 spells, 1268 equipment, 658 creatures
[DataManager] Ready — 40 conditions, 1795 spells, 1268 equipment, 658 creatures, 6810 feat entries indexed
==================== AI CASTER SPIKE ====================
-- (a) AI Medic: Heal targets the most-wounded ally --
[PF2e] [AI] StrategyEvaluator: evaluating for 'Tharr' (intelligence=Low)
[PF2e] [AI] AIMemory: ? transitioning Aggressive -> Casting
[PF2e] [AI] StrategyEvaluator: first evaluation -> Casting
[PF2e] [AI] PlanGenerator: generating plans for strategy=Casting
[PF2e] [AI] SpecialAbility: scanning 9 available actions
[PF2e] [AI] SpecialAbility: generated 0 plan(s)
[PF2e] [AI] AITargetSelector: selecting from 1 enemies using priority=Nearest
[PF2e] [AI] AITargetSelector: selected 'Goblin Warrior' (score=-100.0, hp=6/6, dist=10)
[PF2e] [AI] AIMovementPlanner.FindBestTileToward: path-based waypoint (7, 5) toward goal (11, 4) (target 'Goblin Warrior' at (12, 5))
[PF2e] [AI] AITargetSelector: selecting from 1 enemies using priority=Nearest
[PF2e] [AI] AITargetSelector: selected 'Goblin Warrior' (score=-100.0, hp=6/6, dist=10)
[PF2e] [AI] AIMovementPlanner.FindBestTileToward: path-based waypoint (7, 5) toward goal (11, 4) (target 'Goblin Warrior' at (12, 5))
[PF2e] [AI] FindNextStride: computing for 'Tharr' from (2, 5) toward (12, 5), goal=(11, 4), speed=5, maxStrides=2
[PF2e] [AI] FindNextStride: got 2 stride(s)
[PF2e] [AI] FindNextStride: computing for 'Tharr' from (2, 5) toward (12, 5), goal=(11, 4), speed=5, maxStrides=1
[PF2e] [AI] FindNextStride: got 1 stride(s)
[PF2e] [AI] AITargetSelector: selecting from 1 enemies using priority=Nearest
[PF2e] [AI] AITargetSelector: selected 'Goblin Warrior' (score=-100.0, hp=6/6, dist=10)
[PF2e] [AI] SpellPlan: generated 4 plan(s)
[PF2e] [AI] FindNextStride: computing for 'Tharr' from (2, 5) toward (12, 5), goal=(11, 4), speed=5, maxStrides=3
[PF2e] [AI] FindNextStride: got 2 stride(s)
[PF2e] [AI] Permutation: generated 1 plan(s) across 1 target(s)
[PF2e] [AI] PlanGenerator: 5 raw candidate(s) from Casting tree
[PF2e] [AI]     Score 'Move > Divine Lance R1 vs Goblin Warrior': Move Divine Lance R1 TOTAL=10.50
[PF2e] [AI]     Score 'Move > Daze R1 vs Goblin Warrior': Move Daze R1 TOTAL=10.50
[PF2e] [AI]     Score 'Heal[Touch] R1 > Stride > Stride vs Goblin Warrior': Heal[Touch] R1 Stride Stride TOTAL=24.41
[PF2e] [AI]     Score 'Heal[30 ft] R1 > Stride vs Goblin Warrior': Heal[30 ft] R1 Stride TOTAL=19.41
[PF2e] [AI]     Score 'Stride > Stride > Scimitar(MAP0) vs Goblin Warrior': Stride Stride Scimitar(MAP0) TOTAL=10.48
[PF2e] [AI] Top 5 of 5 plan(s):
[PF2e] [AI]   #1 [24.41] Heal[Touch] R1 > Stride > Stride vs Goblin Warrior
[PF2e] [AI]   #2 [19.41] Heal[30 ft] R1 > Stride vs Goblin Warrior
[PF2e] [AI]   #3 [10.50] Move > Divine Lance R1 vs Goblin Warrior
[PF2e] [AI]   #4 [10.50] Move > Daze R1 vs Goblin Warrior
[PF2e] [AI]   #5 [10.48] Stride > Stride > Scimitar(MAP0) vs Goblin Warrior
[PF2e] [AI] Tharr: executing plan [24.4] Heal[Touch] R1 > Stride > Stride vs Goblin Warrior
  [PASS] (a) AI turn casts Heal (Healed event emitted)
  [PASS] (a) heal lands on the MOST-wounded ally (the Veteran)
  [PASS] (a) the wounded ally's HP increased
  [PASS] (a) the full-HP ally was not healed
  [PASS] (a) the Heal was paid from the divine font (font-first slot routing)
    healed Aldric for 4 (13 -> 17/32)
-- (b) AI Fenwick: casts a damage cantrip at an enemy --
[PF2e] [AI] StrategyEvaluator: evaluating for 'Fenwick' (intelligence=High)
[PF2e] [AI] AIMemory: ? transitioning Aggressive -> Casting
[PF2e] [AI] StrategyEvaluator: first evaluation -> Casting
[PF2e] [AI] PlanGenerator: generating plans for strategy=Casting
[PF2e] [AI] SpecialAbility: scanning 13 available actions
[PF2e] [AI] SpecialAbility: generated 0 plan(s)
[PF2e] [AI] AITargetSelector: selecting from 1 enemies using priority=Nearest
[PF2e] [AI] AITargetSelector: selected 'Goblin Warrior' (score=-40.0, hp=6/6, dist=4)
[PF2e] [AI] FindNextStride: computing for 'Fenwick' from (5, 5) toward (9, 5), goal=(8, 4), speed=5, maxStrides=1
[PF2e] [AI] FindNextStride: got 1 stride(s)
[PF2e] [AI] AITargetSelector: selecting from 1 enemies using priority=Nearest
[PF2e] [AI] AITargetSelector: selected 'Goblin Warrior' (score=-40.0, hp=6/6, dist=4)
[PF2e] [AI] AITargetSelector: selecting from 1 enemies using priority=Nearest
[PF2e] [AI] AITargetSelector: selected 'Goblin Warrior' (score=-40.0, hp=6/6, dist=4)
[PF2e] [AI] FindNextStride: computing for 'Fenwick' from (5, 5) toward (9, 5), goal=(8, 4), speed=5, maxStrides=1
[PF2e] [AI] FindNextStride: got 1 stride(s)
[PF2e] [AI] AITargetSelector: selecting from 1 enemies using priority=Nearest
[PF2e] [AI] AITargetSelector: selected 'Goblin Warrior' (score=-40.0, hp=6/6, dist=4)
[PF2e] [AI] FindNextStride: computing for 'Fenwick' from (5, 5) toward (9, 5), goal=(8, 4), speed=5, maxStrides=1
[PF2e] [AI] FindNextStride: got 1 stride(s)
[PF2e] [AI] AITargetSelector: selecting from 1 enemies using priority=Nearest
[PF2e] [AI] AITargetSelector: selected 'Goblin Warrior' (score=-40.0, hp=6/6, dist=4)
[PF2e] [AI] FindNextStride: computing for 'Fenwick' from (5, 5) toward (9, 5), goal=(8, 4), speed=5, maxStrides=1
[PF2e] [AI] FindNextStride: got 1 stride(s)
[PF2e] [AI] AITargetSelector: selecting from 1 enemies using priority=Nearest
[PF2e] [AI] AITargetSelector: selected 'Goblin Warrior' (score=-40.0, hp=6/6, dist=4)
[PF2e] [AI] FindNextStride: computing for 'Fenwick' from (5, 5) toward (9, 5), goal=(8, 4), speed=5, maxStrides=2
[PF2e] [AI] FindNextStride: got 1 stride(s)
[PF2e] [AI] AITargetSelector: selecting from 1 enemies using priority=Nearest
[PF2e] [AI] AITargetSelector: selected 'Goblin Warrior' (score=-40.0, hp=6/6, dist=4)
[PF2e] [AI] AITargetSelector: selecting from 1 enemies using priority=Nearest
[PF2e] [AI] AITargetSelector: selected 'Goblin Warrior' (score=-40.0, hp=6/6, dist=4)
[PF2e] [AI] SpellPlan: generated 5 plan(s)
[PF2e] [AI] FindNextStride: computing for 'Fenwick' from (5, 5) toward (9, 5), goal=(8, 4), speed=5, maxStrides=3
[PF2e] [AI] FindNextStride: got 1 stride(s)
[PF2e] [AI] Permutation: generated 1 plan(s) across 1 target(s)
[PF2e] [AI] PlanGenerator: 6 raw candidate(s) from Casting tree
[PF2e] [AI]     Score 'Telekinetic Projectile R1 > Stride vs Goblin Warrior': Telekinetic Projectile R1 Stride TOTAL=12.50
[PF2e] [AI]     Score 'Electric Arc R1 > Stride vs Goblin Warrior': Electric Arc R1 Stride TOTAL=12.50
[PF2e] [AI]     Score 'Ignition R1 > Stride vs Goblin Warrior': Ignition R1 Stride TOTAL=12.50
[PF2e] [AI]     Score 'Frostbite R1 > Stride vs Goblin Warrior': Frostbite R1 Stride TOTAL=12.50
[PF2e] [AI]     Score 'Force Bolt R1 > Stride > Staff(MAP0) vs Goblin Warrior': Force Bolt R1 Stride Staff(MAP0) TOTAL=13.75
[PF2e] [AI]     Score 'Stride > Staff(MAP0) > Staff(MAP1) vs Goblin Warrior': Stride Staff(MAP0) Staff(MAP1) TOTAL=6.88
[PF2e] [AI] Top 5 of 6 plan(s):
[PF2e] [AI]   #1 [13.75] Force Bolt R1 > Stride > Staff(MAP0) vs Goblin Warrior
[PF2e] [AI]   #2 [12.50] Telekinetic Projectile R1 > Stride vs Goblin Warrior
[PF2e] [AI]   #3 [12.50] Electric Arc R1 > Stride vs Goblin Warrior
[PF2e] [AI]   #4 [12.50] Ignition R1 > Stride vs Goblin Warrior
[PF2e] [AI]   #5 [12.50] Frostbite R1 > Stride vs Goblin Warrior
[PF2e] [AI] Fenwick: executing plan [13.8] Force Bolt R1 > Stride > Staff(MAP0) vs Goblin Warrior
  [PASS] (b) AI turn casts a spell (SpellCast event emitted)
  [PASS] (b) the cast is a no-slot damage spell (Fenwick casts Force Bolt)
  [PASS] (b) slotted spells conserved vs a single enemy (judicious-slot heuristic)
    goblin HP 6 -> 1 (damage depends on the save/attack roll; the cast itself is the assertion)
-- (c) AI Veteran: equipment longsword strikes through the planner --
[PF2e] [AI] StrategyEvaluator: evaluating for 'Aldric' (intelligence=Low)
[PF2e] [AI] StrategyEvaluator: first evaluation -> Aggressive
[PF2e] [AI] PlanGenerator: generating plans for strategy=Aggressive
[PF2e] [AI] SpecialAbility: scanning 5 available actions
[PF2e] [AI] SpecialAbility: generated 0 plan(s)
[PF2e] [AI] FindNextStride: computing for 'Aldric' from (3, 5) toward (7, 5), goal=(6, 4), speed=5, maxStrides=3
[PF2e] [AI] FindNextStride: got 1 stride(s)
[PF2e] [AI] Permutation: generated 1 plan(s) across 1 target(s)
[PF2e] [AI] PlanGenerator: 1 raw candidate(s) from Aggressive tree
[PF2e] [AI]     Score 'Stride > Longsword(MAP0) > Longsword(MAP1) vs Goblin Warrior': Stride Longsword(MAP0) Longsword(MAP1) TOTAL=18.17
[PF2e] [AI] Top 1 of 1 plan(s):
[PF2e] [AI]   #1 [18.17] Stride > Longsword(MAP0) > Longsword(MAP1) vs Goblin Warrior
[PF2e] [AI] Aldric: executing plan [18.2] Stride > Longsword(MAP0) > Longsword(MAP1) vs Goblin Warrior
  [PASS] (c) the planner ran for the AI PC ("executing plan" logged — no fallback path)
  [PASS] (c) the plan contains equipment Longsword strikes
  [PASS] (c) strikes resolved through StrikeResolver (AttackRolled events emitted)
    plan: [AI] Aldric: executing plan [18.2] Stride > Longsword(MAP0) > Longsword(MAP1) vs Goblin Warrior; strikes rolled: 1
---------------------------------------------------------
[AiCasterSpike] checks: 11, failures: 0
SPIKE RESULT: PASS
