Godot Engine v4.6.2.stable.mono.official.71f334935 - https://godotengine.org

ERROR: Failed to read the root certificate store.
   at: get_system_ca_certificates (platform/windows/os_windows.cpp:2570)
[DataManager] PackLoader: loading packs from F:/dev/Pf2e.Core/Data/pf2e-source/packs/pf2e
[DataManager] PackLoader: skipped raja-rakshasa.json (JsonException: The JSON value could not be converted to System.Int32. Path: $.splashDamage.value | LineNumber: 64 | BytePositionInLine: 33.)
[DataManager] PackLoader: skipped 1 malformed creature file(s)
[DataManager] PackLoader: loaded 40 conditions, 1795 spells, 1268 equipment, 658 creatures
[DataManager] Ready — 40 conditions, 1795 spells, 1268 equipment, 658 creatures, 6810 feat entries indexed
==================== AI STACK SPIKE ====================
[Spike] 2 PCs (team 1, AI) vs 4 Goblin Warriors (team 2), seed 1234
[PF2e] [AI] StrategyEvaluator: evaluating for 'the Recruit' (intelligence=Low)
[PF2e] [AI] StrategyEvaluator: first evaluation -> Aggressive
[PF2e] [AI] PlanGenerator: generating plans for strategy=Aggressive
[PF2e] [AI] SpecialAbility: scanning 5 available actions
[PF2e] [AI] SpecialAbility: generated 0 plan(s)
[PF2e] [AI] FindNextStride: computing for 'the Recruit' from (2, 7) toward (11, 6), goal=(10, 6), speed=5, maxStrides=3
[PF2e] [AI] FindNextStride: got 2 stride(s)
[PF2e] [AI] FindNextStride: computing for 'the Recruit' from (2, 7) toward (11, 7), goal=(10, 6), speed=5, maxStrides=3
[PF2e] [AI] FindNextStride: got 2 stride(s)
[PF2e] [AI] FindNextStride: computing for 'the Recruit' from (2, 7) toward (11, 4), goal=(10, 4), speed=5, maxStrides=3
[PF2e] [AI] FindNextStride: got 2 stride(s)
[PF2e] [AI] Permutation: generated 3 plan(s) across 3 target(s)
[PF2e] [AI] PlanGenerator: 3 raw candidate(s) from Aggressive tree
[PF2e] [AI]     Score 'Stride > Stride > Longsword(MAP0) vs Goblin Warrior': Stride Stride Longsword(MAP0) TOTAL=14.75
[PF2e] [AI]     Score 'Stride > Stride > Longsword(MAP0) vs Goblin Warrior': Stride Stride Longsword(MAP0) TOTAL=14.75
[PF2e] [AI]     Score 'Stride > Stride > Longsword(MAP0) vs Goblin Warrior': Stride Stride Longsword(MAP0) TOTAL=14.75
[PF2e] [AI] Top 3 of 3 plan(s):
[PF2e] [AI]   #1 [14.75] Stride > Stride > Longsword(MAP0) vs Goblin Warrior
[PF2e] [AI]   #2 [14.75] Stride > Stride > Longsword(MAP0) vs Goblin Warrior
[PF2e] [AI]   #3 [14.75] Stride > Stride > Longsword(MAP0) vs Goblin Warrior
[PF2e] [AI] the Recruit: executing plan [14.8] Stride > Stride > Longsword(MAP0) vs Goblin Warrior
[PF2e] [AI] StrategyEvaluator: evaluating for 'Goblin Warrior' (intelligence=Low)
[PF2e] [AI] StrategyEvaluator: first evaluation -> Aggressive
[PF2e] [AI] PlanGenerator: generating plans for strategy=Aggressive
[PF2e] [AI] SpecialAbility: scanning 7 available actions
[PF2e] [AI] SpecialAbility: generated 0 plan(s)
[PF2e] [AI] FindNextStride: computing for 'Goblin Warrior' from (12, 4) toward (10, 6), goal=(11, 5), speed=5, maxStrides=1
[PF2e] [AI] FindNextStride: got 1 stride(s)
[PF2e] [AI] FindNextStride: computing for 'Goblin Warrior' from (12, 4) toward (10, 6), goal=(11, 5), speed=5, maxStrides=2
[PF2e] [AI] FindNextStride: got 1 stride(s)
[PF2e] [AI] FindNextStride: computing for 'Goblin Warrior' from (11, 5) toward (2, 5), goal=(3, 4), speed=5, maxStrides=3
[PF2e] [AI] FindNextStride: got 2 stride(s)
[PF2e] [AI] Permutation: generated 2 plan(s) across 2 target(s)
[PF2e] [AI] PlanGenerator: 2 raw candidate(s) from Aggressive tree
[PF2e] [AI]     Score 'Dogslicer(MAP0) > Step > Stride vs the Recruit': Dogslicer(MAP0) Step Stride TOTAL=7.25
[PF2e] [AI]     Score 'Stride > Stride > Dogslicer(MAP0) vs Aldric': Stride Stride Dogslicer(MAP0) TOTAL=9.75
[PF2e] [AI] Top 2 of 2 plan(s):
[PF2e] [AI]   #1 [9.75] Stride > Stride > Dogslicer(MAP0) vs Aldric
[PF2e] [AI]   #2 [7.25] Dogslicer(MAP0) > Step > Stride vs the Recruit
[PF2e] [AI] Goblin Warrior: executing plan [9.8] Stride > Stride > Dogslicer(MAP0) vs Aldric
[PF2e] [AI] StrategyEvaluator: evaluating for 'Goblin Warrior' (intelligence=Low)
[PF2e] [AI] StrategyEvaluator: first evaluation -> Aggressive
[PF2e] [AI] PlanGenerator: generating plans for strategy=Aggressive
[PF2e] [AI] SpecialAbility: scanning 7 available actions
[PF2e] [AI] SpecialAbility: generated 0 plan(s)
[PF2e] [AI] FindNextStride: computing for 'Goblin Warrior' from (12, 8) toward (10, 6), goal=(11, 7), speed=5, maxStrides=1
[PF2e] [AI] FindNextStride: got 1 stride(s)
[PF2e] [AI] FindNextStride: computing for 'Goblin Warrior' from (12, 8) toward (10, 6), goal=(11, 7), speed=5, maxStrides=2
[PF2e] [AI] FindNextStride: got 1 stride(s)
[PF2e] [AI] FindNextStride: computing for 'Goblin Warrior' from (11, 7) toward (2, 5), goal=(3, 6), speed=5, maxStrides=3
[PF2e] [AI] FindNextStride: got 2 stride(s)
[PF2e] [AI] Permutation: generated 2 plan(s) across 2 target(s)
[PF2e] [AI] PlanGenerator: 2 raw candidate(s) from Aggressive tree
[PF2e] [AI]     Score 'Dogslicer(MAP0) > Step > Stride vs the Recruit': Dogslicer(MAP0) Step Stride TOTAL=7.25
[PF2e] [AI]     Score 'Stride > Stride > Dogslicer(MAP0) vs Aldric': Stride Stride Dogslicer(MAP0) TOTAL=9.75
[PF2e] [AI] Top 2 of 2 plan(s):
[PF2e] [AI]   #1 [9.75] Stride > Stride > Dogslicer(MAP0) vs Aldric
[PF2e] [AI]   #2 [7.25] Dogslicer(MAP0) > Step > Stride vs the Recruit
[PF2e] [AI] Goblin Warrior: executing plan [9.8] Stride > Stride > Dogslicer(MAP0) vs Aldric
[PF2e] [AI] StrategyEvaluator: evaluating for 'Aldric' (intelligence=Low)
[PF2e] [AI] StrategyEvaluator: first evaluation -> Aggressive
[PF2e] [AI] PlanGenerator: generating plans for strategy=Aggressive
[PF2e] [AI] SpecialAbility: scanning 5 available actions
[PF2e] [AI] SpecialAbility: generated 0 plan(s)
[PF2e] [AI] FindNextStride: computing for 'Aldric' from (1, 4) toward (3, 4), goal=(2, 5), speed=5, maxStrides=1
[PF2e] [AI] FindNextStride: got 1 stride(s)
[PF2e] [AI] FindNextStride: computing for 'Aldric' from (1, 4) toward (3, 4), goal=(2, 5), speed=5, maxStrides=2
[PF2e] [AI] FindNextStride: got 1 stride(s)
[PF2e] [AI] FindNextStride: computing for 'Aldric' from (1, 4) toward (3, 6), goal=(2, 5), speed=5, maxStrides=1
[PF2e] [AI] FindNextStride: got 1 stride(s)
[PF2e] [AI] FindNextStride: computing for 'Aldric' from (1, 4) toward (3, 6), goal=(2, 5), speed=5, maxStrides=2
[PF2e] [AI] FindNextStride: got 1 stride(s)
[PF2e] [AI] FindNextStride: computing for 'Aldric' from (2, 5) toward (11, 4), goal=(10, 4), speed=5, maxStrides=3
[PF2e] [AI] FindNextStride: got 2 stride(s)
[PF2e] [AI] Permutation: generated 3 plan(s) across 3 target(s)
[PF2e] [AI] PlanGenerator: 3 raw candidate(s) from Aggressive tree
[PF2e] [AI]     Score 'Longsword(MAP0) > Longsword(MAP1) > Longsword(MAP2) vs Goblin Warrior': Longsword(MAP0) Longsword(MAP1) Longsword(MAP2) TOTAL=15.73
[PF2e] [AI]     Score 'Longsword(MAP0) > Longsword(MAP1) > Longsword(MAP2) vs Goblin Warrior': Longsword(MAP0) Longsword(MAP1) Longsword(MAP2) TOTAL=15.73
[PF2e] [AI]     Score 'Stride > Stride > Longsword(MAP0) vs Goblin Warrior': Stride Stride Longsword(MAP0) TOTAL=16.50
[PF2e] [AI] Top 3 of 3 plan(s):
[PF2e] [AI]   #1 [16.50] Stride > Stride > Longsword(MAP0) vs Goblin Warrior
[PF2e] [AI]   #2 [15.73] Longsword(MAP0) > Longsword(MAP1) > Longsword(MAP2) vs Goblin Warrior
[PF2e] [AI]   #3 [15.73] Longsword(MAP0) > Longsword(MAP1) > Longsword(MAP2) vs Goblin Warrior
[PF2e] [AI] Aldric: executing plan [16.5] Stride > Stride > Longsword(MAP0) vs Goblin Warrior
WARNING: [PF2e WARN] TurnManager: Skipping turn for dead character Goblin Warrior (should have been removed from turn order)
   at: void Delve.Autoload.DataManager+<>c.<WireLogging>b__27_1(string) (res://scripts/autoload/DataManager.cs:131)
   C# backtrace (most recent call first):
       [0] void Godot.GD.PushWarning(string) (/root/godot/modules/mono/glue/GodotSharp/GodotSharp/Core/GD.cs:396)
       [1] void Delve.Autoload.DataManager+<>c.<WireLogging>b__27_1(string) (G:\Godot\Gamestorming\delve\scripts\autoload\DataManager.cs:131)
       [2] void PF2e.Log.Warn(object) (F:\dev\Pf2e.Core\Pf2e.Core\Core\Log.cs:23)
       [3] void PF2e.TurnManagement.TurnManager.StartTurn() (F:\dev\Pf2e.Core\Pf2e.Core\TurnManagement\TurnManager.cs:575)
       [4] void PF2e.TurnManagement.TurnManager.EndTurn() (F:\dev\Pf2e.Core\Pf2e.Core\TurnManagement\TurnManager.cs:363)
       [5] void PF2e.Core.BattleSimulator+<RunEncounter>d__19.MoveNext() (F:\dev\Pf2e.Core\Pf2e.Core\Core\BattleSimulator.cs:118)
       [6] void System.Runtime.CompilerServices.AsyncMethodBuilderCore.Start<TStateMachine>(TStateMachine&)
       [7] void System.Runtime.CompilerServices.AsyncTaskMethodBuilder`1.Start<TStateMachine>(TStateMachine&)
       [8] System.Threading.Tasks.Task`1[PF2e.Core.BattleResult] PF2e.Core.BattleSimulator.RunEncounter(System.Collections.Generic.List`1[PF2e.Core.ICharacter], System.Collections.Generic.List`1[PF2e.Core.ICharacter])
       [9] void Delve.Dev.AiStackSpike+<RunSpikeAsync>d__10.MoveNext() (G:\Godot\Gamestorming\delve\scripts\dev\AiStackSpike.cs:94)
       [10] void System.Runtime.CompilerServices.AsyncMethodBuilderCore.Start<TStateMachine>(TStateMachine&)
       [11] System.Threading.Tasks.Task Delve.Dev.AiStackSpike.RunSpikeAsync(Delve.Autoload.DataManager)
       [12] void Delve.Dev.SpikeBase+<RunAsync>d__10.MoveNext() (G:\Godot\Gamestorming\delve\scripts\dev\SpikeBase.cs:53)
       [13] void System.Runtime.CompilerServices.AsyncMethodBuilderCore.Start<TStateMachine>(TStateMachine&)
       [14] System.Threading.Tasks.Task Delve.Dev.SpikeBase.RunAsync()
       [15] void Delve.Dev.SpikeBase._Ready() (G:\Godot\Gamestorming\delve\scripts\dev\SpikeBase.cs:38)
       [16] bool Godot.Node.InvokeGodotClassMethod(Godot.NativeInterop.godot_string_name&, Godot.NativeInterop.NativeVariantPtrArgs, Godot.NativeInterop.godot_variant&) (/root/godot/modules/mono/glue/GodotSharp/GodotSharp/Generated/GodotObjects/Node.cs:2646)
       [17] bool Delve.Dev.SpikeBase.InvokeGodotClassMethod(Godot.NativeInterop.godot_string_name&, Godot.NativeInterop.NativeVariantPtrArgs, Godot.NativeInterop.godot_variant&) (G:\Godot\Gamestorming\delve\.godot\mono\temp\obj\Debug\Godot.SourceGenerators\Godot.SourceGenerators.ScriptMethodsGenerator\Delve.Dev.SpikeBase_ScriptMethods.generated.cs:80)
       [18] bool Delve.Dev.AiStackSpike.InvokeGodotClassMethod(Godot.NativeInterop.godot_string_name&, Godot.NativeInterop.NativeVariantPtrArgs, Godot.NativeInterop.godot_variant&) (G:\Godot\Gamestorming\delve\.godot\mono\temp\obj\Debug\Godot.SourceGenerators\Godot.SourceGenerators.ScriptMethodsGenerator\Delve.Dev.AiStackSpike_ScriptMethods.generated.cs:40)
       [19] Godot.NativeInterop.godot_bool Godot.Bridge.CSharpInstanceBridge.Call(nint, Godot.NativeInterop.godot_string_name*, Godot.NativeInterop.godot_variant**, int, Godot.NativeInterop.godot_variant_call_error*, Godot.NativeInterop.godot_variant*) (/root/godot/modules/mono/glue/GodotSharp/GodotSharp/Core/Bridge/CSharpInstanceBridge.cs:24)
WARNING: [PF2e WARN] TurnManager: Skipping turn for dead character Goblin Warrior (should have been removed from turn order)
   at: void Delve.Autoload.DataManager+<>c.<WireLogging>b__27_1(string) (res://scripts/autoload/DataManager.cs:131)
   C# backtrace (most recent call first):
       [0] void Godot.GD.PushWarning(string) (/root/godot/modules/mono/glue/GodotSharp/GodotSharp/Core/GD.cs:396)
       [1] void Delve.Autoload.DataManager+<>c.<WireLogging>b__27_1(string) (G:\Godot\Gamestorming\delve\scripts\autoload\DataManager.cs:131)
       [2] void PF2e.Log.Warn(object) (F:\dev\Pf2e.Core\Pf2e.Core\Core\Log.cs:23)
       [3] void PF2e.TurnManagement.TurnManager.StartTurn() (F:\dev\Pf2e.Core\Pf2e.Core\TurnManagement\TurnManager.cs:575)
       [4] void PF2e.TurnManagement.TurnManager.RemoveCombatant(PF2e.Core.ICharacter) (F:\dev\Pf2e.Core\Pf2e.Core\TurnManagement\TurnManager.cs:496)
       [5] void PF2e.TurnManagement.TurnManager.StartTurn() (F:\dev\Pf2e.Core\Pf2e.Core\TurnManagement\TurnManager.cs:578)
       [6] void PF2e.TurnManagement.TurnManager.EndTurn() (F:\dev\Pf2e.Core\Pf2e.Core\TurnManagement\TurnManager.cs:363)
       [7] void PF2e.Core.BattleSimulator+<RunEncounter>d__19.MoveNext() (F:\dev\Pf2e.Core\Pf2e.Core\Core\BattleSimulator.cs:118)
       [8] void System.Runtime.CompilerServices.AsyncMethodBuilderCore.Start<TStateMachine>(TStateMachine&)
       [9] void System.Runtime.CompilerServices.AsyncTaskMethodBuilder`1.Start<TStateMachine>(TStateMachine&)
       [10] System.Threading.Tasks.Task`1[PF2e.Core.BattleResult] PF2e.Core.BattleSimulator.RunEncounter(System.Collections.Generic.List`1[PF2e.Core.ICharacter], System.Collections.Generic.List`1[PF2e.Core.ICharacter])
       [11] void Delve.Dev.AiStackSpike+<RunSpikeAsync>d__10.MoveNext() (G:\Godot\Gamestorming\delve\scripts\dev\AiStackSpike.cs:94)
       [12] void System.Runtime.CompilerServices.AsyncMethodBuilderCore.Start<TStateMachine>(TStateMachine&)
       [13] System.Threading.Tasks.Task Delve.Dev.AiStackSpike.RunSpikeAsync(Delve.Autoload.DataManager)
       [14] void Delve.Dev.SpikeBase+<RunAsync>d__10.MoveNext() (G:\Godot\Gamestorming\delve\scripts\dev\SpikeBase.cs:53)
       [15] void System.Runtime.CompilerServices.AsyncMethodBuilderCore.Start<TStateMachine>(TStateMachine&)
       [16] System.Threading.Tasks.Task Delve.Dev.SpikeBase.RunAsync()
       [17] void Delve.Dev.SpikeBase._Ready() (G:\Godot\Gamestorming\delve\scripts\dev\SpikeBase.cs:38)
       [18] bool Godot.Node.InvokeGodotClassMethod(Godot.NativeInterop.godot_string_name&, Godot.NativeInterop.NativeVariantPtrArgs, Godot.NativeInterop.godot_variant&) (/root/godot/modules/mono/glue/GodotSharp/GodotSharp/Generated/GodotObjects/Node.cs:2646)
       [19] bool Delve.Dev.SpikeBase.InvokeGodotClassMethod(Godot.NativeInterop.godot_string_name&, Godot.NativeInterop.NativeVariantPtrArgs, Godot.NativeInterop.godot_variant&) (G:\Godot\Gamestorming\delve\.godot\mono\temp\obj\Debug\Godot.SourceGenerators\Godot.SourceGenerators.ScriptMethodsGenerator\Delve.Dev.SpikeBase_ScriptMethods.generated.cs:80)
       [20] bool Delve.Dev.AiStackSpike.InvokeGodotClassMethod(Godot.NativeInterop.godot_string_name&, Godot.NativeInterop.NativeVariantPtrArgs, Godot.NativeInterop.godot_variant&) (G:\Godot\Gamestorming\delve\.godot\mono\temp\obj\Debug\Godot.SourceGenerators\Godot.SourceGenerators.ScriptMethodsGenerator\Delve.Dev.AiStackSpike_ScriptMethods.generated.cs:40)
       [21] Godot.NativeInterop.godot_bool Godot.Bridge.CSharpInstanceBridge.Call(nint, Godot.NativeInterop.godot_string_name*, Godot.NativeInterop.godot_variant**, int, Godot.NativeInterop.godot_variant_call_error*, Godot.NativeInterop.godot_variant*) (/root/godot/modules/mono/glue/GodotSharp/GodotSharp/Core/Bridge/CSharpInstanceBridge.cs:24)
[PF2e] [AI] StrategyEvaluator: evaluating for 'the Recruit' (intelligence=Low)
[PF2e] [AI] StrategyEvaluator: first evaluation -> Aggressive
[PF2e] [AI] PlanGenerator: generating plans for strategy=Aggressive
[PF2e] [AI] SpecialAbility: scanning 5 available actions
[PF2e] [AI] SpecialAbility: generated 0 plan(s)
[PF2e] [AI] FindNextStride: computing for 'the Recruit' from (10, 6) toward (3, 6), goal=(4, 5), speed=5, maxStrides=3
[PF2e] [AI] FindNextStride: got 2 stride(s)
[PF2e] [AI] FindNextStride: computing for 'the Recruit' from (10, 6) toward (3, 4), goal=(4, 5), speed=5, maxStrides=3
[PF2e] [AI] FindNextStride: got 2 stride(s)
[PF2e] [AI] Permutation: generated 2 plan(s) across 2 target(s)
[PF2e] [AI] PlanGenerator: 2 raw candidate(s) from Aggressive tree
[PF2e] [AI]     Score 'Stride > Stride > Longsword(MAP0) vs Goblin Warrior': Stride Stride Longsword(MAP0) TOTAL=14.75
[PF2e] [AI]     Score 'Stride > Stride > Longsword(MAP0) vs Goblin Warrior': Stride Stride Longsword(MAP0) TOTAL=14.75
[PF2e] [AI] Top 2 of 2 plan(s):
[PF2e] [AI]   #1 [14.75] Stride > Stride > Longsword(MAP0) vs Goblin Warrior
[PF2e] [AI]   #2 [14.75] Stride > Stride > Longsword(MAP0) vs Goblin Warrior
[PF2e] [AI] the Recruit: executing plan [14.8] Stride > Stride > Longsword(MAP0) vs Goblin Warrior
[PF2e] [AI] StrategyEvaluator: evaluating for 'Goblin Warrior' (intelligence=Low)
[PF2e] [AI] StrategyEvaluator: first evaluation -> Aggressive
[PF2e] [AI] PlanGenerator: generating plans for strategy=Aggressive
[PF2e] [AI] SpecialAbility: scanning 7 available actions
[PF2e] [AI] SpecialAbility: generated 0 plan(s)
[PF2e] [AI] FindNextStride: computing for 'Goblin Warrior' from (2, 3) toward (4, 5), goal=(3, 4), speed=5, maxStrides=1
[PF2e] [AI] FindNextStride: got 1 stride(s)
[PF2e] [AI] FindNextStride: computing for 'Goblin Warrior' from (2, 3) toward (4, 5), goal=(3, 4), speed=5, maxStrides=2
[PF2e] [AI] FindNextStride: got 1 stride(s)
[PF2e] [AI] FindNextStride: computing for 'Goblin Warrior' from (3, 4) toward (10, 4), goal=(9, 3), speed=5, maxStrides=3
[PF2e] [AI] FindNextStride: got 2 stride(s)
[PF2e] [AI] Permutation: generated 2 plan(s) across 2 target(s)
[PF2e] [AI] PlanGenerator: 2 raw candidate(s) from Aggressive tree
[PF2e] [AI]     Score 'Dogslicer(MAP0) > Step > Stride vs the Recruit': Dogslicer(MAP0) Step Stride TOTAL=7.25
[PF2e] [AI]     Score 'Stride > Stride > Dogslicer(MAP0) vs Aldric': Stride Stride Dogslicer(MAP0) TOTAL=9.75
[PF2e] [AI] Top 2 of 2 plan(s):
[PF2e] [AI]   #1 [9.75] Stride > Stride > Dogslicer(MAP0) vs Aldric
[PF2e] [AI]   #2 [7.25] Dogslicer(MAP0) > Step > Stride vs the Recruit
[PF2e] [AI] Goblin Warrior: executing plan [9.8] Stride > Stride > Dogslicer(MAP0) vs Aldric
WARNING: [PF2e WARN] TurnManager: Skipping turn for dead character Goblin Warrior (should have been removed from turn order)
   at: void Delve.Autoload.DataManager+<>c.<WireLogging>b__27_1(string) (res://scripts/autoload/DataManager.cs:131)
   C# backtrace (most recent call first):
       [0] void Godot.GD.PushWarning(string) (/root/godot/modules/mono/glue/GodotSharp/GodotSharp/Core/GD.cs:396)
       [1] void Delve.Autoload.DataManager+<>c.<WireLogging>b__27_1(string) (G:\Godot\Gamestorming\delve\scripts\autoload\DataManager.cs:131)
       [2] void PF2e.Log.Warn(object) (F:\dev\Pf2e.Core\Pf2e.Core\Core\Log.cs:23)
       [3] void PF2e.TurnManagement.TurnManager.StartTurn() (F:\dev\Pf2e.Core\Pf2e.Core\TurnManagement\TurnManager.cs:575)
       [4] void PF2e.TurnManagement.TurnManager.EndTurn() (F:\dev\Pf2e.Core\Pf2e.Core\TurnManagement\TurnManager.cs:363)
       [5] void PF2e.Core.BattleSimulator+<RunEncounter>d__19.MoveNext() (F:\dev\Pf2e.Core\Pf2e.Core\Core\BattleSimulator.cs:118)
       [6] void System.Runtime.CompilerServices.AsyncMethodBuilderCore.Start<TStateMachine>(TStateMachine&)
       [7] void System.Runtime.CompilerServices.AsyncTaskMethodBuilder`1.Start<TStateMachine>(TStateMachine&)
       [8] System.Threading.Tasks.Task`1[PF2e.Core.BattleResult] PF2e.Core.BattleSimulator.RunEncounter(System.Collections.Generic.List`1[PF2e.Core.ICharacter], System.Collections.Generic.List`1[PF2e.Core.ICharacter])
       [9] void Delve.Dev.AiStackSpike+<RunSpikeAsync>d__10.MoveNext() (G:\Godot\Gamestorming\delve\scripts\dev\AiStackSpike.cs:94)
       [10] void System.Runtime.CompilerServices.AsyncMethodBuilderCore.Start<TStateMachine>(TStateMachine&)
       [11] System.Threading.Tasks.Task Delve.Dev.AiStackSpike.RunSpikeAsync(Delve.Autoload.DataManager)
       [12] void Delve.Dev.SpikeBase+<RunAsync>d__10.MoveNext() (G:\Godot\Gamestorming\delve\scripts\dev\SpikeBase.cs:53)
       [13] void System.Runtime.CompilerServices.AsyncMethodBuilderCore.Start<TStateMachine>(TStateMachine&)
       [14] System.Threading.Tasks.Task Delve.Dev.SpikeBase.RunAsync()
       [15] void Delve.Dev.SpikeBase._Ready() (G:\Godot\Gamestorming\delve\scripts\dev\SpikeBase.cs:38)
       [16] bool Godot.Node.InvokeGodotClassMethod(Godot.NativeInterop.godot_string_name&, Godot.NativeInterop.NativeVariantPtrArgs, Godot.NativeInterop.godot_variant&) (/root/godot/modules/mono/glue/GodotSharp/GodotSharp/Generated/GodotObjects/Node.cs:2646)
       [17] bool Delve.Dev.SpikeBase.InvokeGodotClassMethod(Godot.NativeInterop.godot_string_name&, Godot.NativeInterop.NativeVariantPtrArgs, Godot.NativeInterop.godot_variant&) (G:\Godot\Gamestorming\delve\.godot\mono\temp\obj\Debug\Godot.SourceGenerators\Godot.SourceGenerators.ScriptMethodsGenerator\Delve.Dev.SpikeBase_ScriptMethods.generated.cs:80)
       [18] bool Delve.Dev.AiStackSpike.InvokeGodotClassMethod(Godot.NativeInterop.godot_string_name&, Godot.NativeInterop.NativeVariantPtrArgs, Godot.NativeInterop.godot_variant&) (G:\Godot\Gamestorming\delve\.godot\mono\temp\obj\Debug\Godot.SourceGenerators\Godot.SourceGenerators.ScriptMethodsGenerator\Delve.Dev.AiStackSpike_ScriptMethods.generated.cs:40)
       [19] Godot.NativeInterop.godot_bool Godot.Bridge.CSharpInstanceBridge.Call(nint, Godot.NativeInterop.godot_string_name*, Godot.NativeInterop.godot_variant**, int, Godot.NativeInterop.godot_variant_call_error*, Godot.NativeInterop.godot_variant*) (/root/godot/modules/mono/glue/GodotSharp/GodotSharp/Core/Bridge/CSharpInstanceBridge.cs:24)
[PF2e] [AI] StrategyEvaluator: evaluating for 'Aldric' (intelligence=Low)
[PF2e] [AI] StrategyEvaluator: first evaluation -> Aggressive
[PF2e] [AI] PlanGenerator: generating plans for strategy=Aggressive
[PF2e] [AI] SpecialAbility: scanning 5 available actions
[PF2e] [AI] SpecialAbility: generated 0 plan(s)
[PF2e] [AI] FindNextStride: computing for 'Aldric' from (11, 5) toward (9, 3), goal=(10, 4), speed=5, maxStrides=1
[PF2e] [AI] FindNextStride: got 1 stride(s)
[PF2e] [AI] FindNextStride: computing for 'Aldric' from (11, 5) toward (9, 3), goal=(10, 4), speed=5, maxStrides=2
[PF2e] [AI] FindNextStride: got 1 stride(s)
[PF2e] [AI] Permutation: generated 1 plan(s) across 1 target(s)
[PF2e] [AI] PlanGenerator: 1 raw candidate(s) from Aggressive tree
[PF2e] [AI]     Score 'Longsword(MAP0) > Longsword(MAP1) > Longsword(MAP2) vs Goblin Warrior': Longsword(MAP0) Longsword(MAP1) Longsword(MAP2) TOTAL=15.73
[PF2e] [AI] Top 1 of 1 plan(s):
[PF2e] [AI]   #1 [15.73] Longsword(MAP0) > Longsword(MAP1) > Longsword(MAP2) vs Goblin Warrior
[PF2e] [AI] Aldric: executing plan [15.7] Longsword(MAP0) > Longsword(MAP1) > Longsword(MAP2) vs Goblin Warrior
[PF2e] [AI] StrategyEvaluator: evaluating for 'the Recruit' (intelligence=Low)
[PF2e] [AI] StrategyEvaluator: first evaluation -> Aggressive
[PF2e] [AI] PlanGenerator: generating plans for strategy=Aggressive
[PF2e] [AI] SpecialAbility: scanning 5 available actions
[PF2e] [AI] SpecialAbility: generated 0 plan(s)
[PF2e] [AI] FindNextStride: computing for 'the Recruit' from (4, 5) toward (9, 3), goal=(8, 4), speed=5, maxStrides=3
[PF2e] [AI] FindNextStride: got 1 stride(s)
[PF2e] [AI] Permutation: generated 1 plan(s) across 1 target(s)
[PF2e] [AI] PlanGenerator: 1 raw candidate(s) from Aggressive tree
[PF2e] [AI]     Score 'Stride > Longsword(MAP0) > Longsword(MAP1) vs Goblin Warrior': Stride Longsword(MAP0) Longsword(MAP1) TOTAL=15.50
[PF2e] [AI] Top 1 of 1 plan(s):
[PF2e] [AI]   #1 [15.50] Stride > Longsword(MAP0) > Longsword(MAP1) vs Goblin Warrior
[PF2e] [AI] the Recruit: executing plan [15.5] Stride > Longsword(MAP0) > Longsword(MAP1) vs Goblin Warrior
[Spike] Result: Team1Wins
[Spike] Movement events checked: 13, turn-end events checked: 8
  [PASS] distinct-tiles: no two living combatants share a tile (0 violations)
  [PASS] registration-integrity: GetGroundOccupant(pos)==c (0 violations)
  [PASS] a goblin ran the planner ("executing plan")
  [PASS] encounter reached a decisive result (Team1Wins)
---------------------------------------------------------
[AiStackSpike] checks: 4, failures: 0
SPIKE RESULT: PASS
