Godot Engine v4.6.2.stable.mono.official.71f334935 - https://godotengine.org

ERROR: Failed to read the root certificate store.
   at: get_system_ca_certificates (platform/windows/os_windows.cpp:2570)
[DataManager] PackLoader: loading packs from F:/dev/Pf2e.Core/Data/pf2e-source/packs/pf2e
[DataManager] PackLoader: skipped raja-rakshasa.json (JsonException: The JSON value could not be converted to System.Int32. Path: $.splashDamage.value | LineNumber: 64 | BytePositionInLine: 33.)
[DataManager] PackLoader: skipped 1 malformed creature file(s)
[DataManager] PackLoader: loaded 40 conditions, 1795 spells, 1268 equipment, 658 creatures
[DataManager] Ready — 40 conditions, 1795 spells, 1268 equipment, 658 creatures, 6810 feat entries indexed
==================== CampaignProgressSpike ====================
  [PASS] four starter unlocks
  [PASS] guests locked
  [PASS] no early binding
  [PASS] meeting does not unlock
  [PASS] meeting fulfills Elara focus
  [PASS] personal focus does not transfer
  [PASS] victory credited once
  [PASS] new run retains shared progress
  [PASS] recruitment shared across leaders
  [PASS] shared outpost progress
  [PASS] only active leader earned focus
  [PASS] boss alone insufficient
  [PASS] requirements enable explicit stay
  [PASS] progress survives file roundtrip
  [PASS] explicit overnight binds
  [PASS] binding is idempotent
  [PASS] unlock survives next load
  [PASS] Raven identity survives level-up
  [PASS] Thistle identity survives level-up
---------------------------------------------------------
[CampaignProgressSpike] checks: 19, failures: 0
SPIKE RESULT: PASS
