Godot Engine v4.6.2.stable.mono.official.71f334935 - https://godotengine.org

ERROR: Failed to read the root certificate store.
   at: get_system_ca_certificates (platform/windows/os_windows.cpp:2570)
[DataManager] PackLoader: loading packs from F:/dev/Pf2e.Core/Data/pf2e-source/packs/pf2e
[DataManager] PackLoader: skipped raja-rakshasa.json (JsonException: The JSON value could not be converted to System.Int32. Path: $.splashDamage.value | LineNumber: 64 | BytePositionInLine: 33.)
[DataManager] PackLoader: skipped 1 malformed creature file(s)
[DataManager] PackLoader: loaded 40 conditions, 1795 spells, 1268 equipment, 658 creatures
[DataManager] Ready — 40 conditions, 1795 spells, 1268 equipment, 658 creatures, 6810 feat entries indexed
==================== CLASS COMBO SPIKE ====================
-------------------- (a) Medic (Warpriest, Aveline, Marshal) --------------------
  [PASS] (a) resolved class is Warpriest
  [PASS] (a) deity is Aveline
  [PASS] (a) Shield Block granted (First Doctrine, L1)
  [PASS] (a) steel shield equipped
  [PASS] (a) wearing MEDIUM armor (breastplate)
  [info] medic L2 AC = 19 (expect 19 = 10 + trained 4 + item 4 + dex 1)
  [PASS] (a) medium-armor AC == 19 (doctrine armor training applied)
  [PASS] (a) divine font pool exists (Heal)
  [PASS] (a) font has 4 slots at L2
  [PASS] (a) font rank == highest castable rank (1)
  [PASS] (a) Heal castable (font identity match)
  [PASS] (a) scimitar equipped
  [PASS] (a) equipped weapon IS the deity's favored weapon (same definition instance)
  [info] medic L2 scimitar attack = +5 (expect +5 = 2 level + 2 trained favored + 1 Str)
  [PASS] (a) scimitar attack bonus == +5 (favored-weapon training)
  [PASS] (a) Marshal Dedication granted at L2
  [PASS] (a) Marshal skill upgrade landed (Diplomacy trained → expert)
  [PASS] (a) Breathe Fire on the rank-1 available list (deity grant)
  [PASS] (a) L2 medic can PREPARE granted Breathe Fire in a rank-1 slot
WARNING: [PF2e WARN] Tharr: Cannot prepare 'Force Barrage' — not available
   at: void Delve.Autoload.DataManager+<>c.<WireLogging>b__27_1(string) (res://scripts/autoload/DataManager.cs:131)
   C# backtrace (most recent call first):
       [0] void Godot.GD.PushWarning(string) (/root/godot/modules/mono/glue/GodotSharp/GodotSharp/Core/GD.cs:396)
       [1] void Delve.Autoload.DataManager+<>c.<WireLogging>b__27_1(string) (G:\Godot\Gamestorming\delve\scripts\autoload\DataManager.cs:131)
       [2] void PF2e.Log.Warn(object) (F:\dev\Pf2e.Core\Pf2e.Core\Core\Log.cs:23)
       [3] bool PF2e.CharacterComponents.Spellcasting.PrepareSpells(System.Collections.Generic.List`1[PF2e.Actions.SpellAction]) (F:\dev\Pf2e.Core\Pf2e.Core\CharacterComponents\Spellcasting.cs:403)
       [4] void Delve.Dev.ClassComboSpike.CheckA_MedicWarpriest() (G:\Godot\Gamestorming\delve\scripts\dev\ClassComboSpike.cs:101)
       [5] void Delve.Dev.ClassComboSpike+<RunSpikeAsync>d__2.MoveNext() (G:\Godot\Gamestorming\delve\scripts\dev\ClassComboSpike.cs:38)
       [6] void System.Runtime.CompilerServices.AsyncMethodBuilderCore.Start<TStateMachine>(TStateMachine&)
       [7] System.Threading.Tasks.Task Delve.Dev.ClassComboSpike.RunSpikeAsync(Delve.Autoload.DataManager)
       [8] void Delve.Dev.SpikeBase+<RunAsync>d__10.MoveNext() (G:\Godot\Gamestorming\delve\scripts\dev\SpikeBase.cs:53)
       [9] void System.Runtime.CompilerServices.AsyncMethodBuilderCore.Start<TStateMachine>(TStateMachine&)
       [10] System.Threading.Tasks.Task Delve.Dev.SpikeBase.RunAsync()
       [11] void Delve.Dev.SpikeBase._Ready() (G:\Godot\Gamestorming\delve\scripts\dev\SpikeBase.cs:38)
       [12] bool Godot.Node.InvokeGodotClassMethod(Godot.NativeInterop.godot_string_name&, Godot.NativeInterop.NativeVariantPtrArgs, Godot.NativeInterop.godot_variant&) (/root/godot/modules/mono/glue/GodotSharp/GodotSharp/Generated/GodotObjects/Node.cs:2646)
       [13] bool Delve.Dev.SpikeBase.InvokeGodotClassMethod(Godot.NativeInterop.godot_string_name&, Godot.NativeInterop.NativeVariantPtrArgs, Godot.NativeInterop.godot_variant&) (G:\Godot\Gamestorming\delve\.godot\mono\temp\obj\Debug\Godot.SourceGenerators\Godot.SourceGenerators.ScriptMethodsGenerator\Delve.Dev.SpikeBase_ScriptMethods.generated.cs:80)
       [14] bool Delve.Dev.ClassComboSpike.InvokeGodotClassMethod(Godot.NativeInterop.godot_string_name&, Godot.NativeInterop.NativeVariantPtrArgs, Godot.NativeInterop.godot_variant&) (G:\Godot\Gamestorming\delve\.godot\mono\temp\obj\Debug\Godot.SourceGenerators\Godot.SourceGenerators.ScriptMethodsGenerator\Delve.Dev.ClassComboSpike_ScriptMethods.generated.cs:70)
       [15] Godot.NativeInterop.godot_bool Godot.Bridge.CSharpInstanceBridge.Call(nint, Godot.NativeInterop.godot_string_name*, Godot.NativeInterop.godot_variant**, int, Godot.NativeInterop.godot_variant_call_error*, Godot.NativeInterop.godot_variant*) (/root/godot/modules/mono/glue/GodotSharp/GodotSharp/Core/Bridge/CSharpInstanceBridge.cs:24)
  [PASS] (a) control: non-granted arcane spell (Force Barrage) rejected
  [PASS] (a) L5 font = 5 slots at rank 3
  [PASS] (a) L5 martial weapons Trained (Second Doctrine @3)
  [PASS] (a) L5 medic can PREPARE granted Fireball in a rank-3 slot
  [PASS] (a) Fireball NOT on the rank-1 available list (grant is rank 3)
  [PASS] (a) Inspiring Marshal Stance NOT granted at L2
  [PASS] (a) Inspiring Marshal Stance granted at L4
  [PASS] (a) stance feature grants the stance action
  [PASS] (a) no attack bonus before entering the stance
  [PASS] (a) success enters the stance
  [PASS] (a) +1 status to ally attack roll INSIDE 10 ft
  [PASS] (a) NO bonus to ally attack roll OUTSIDE the aura
  [PASS] (a) +1 status to the marshal's own attack roll
  [PASS] (a) stance ends at encounter end
  [PASS] (a) aura benefit gone after encounter end
-------------------- (b) Fenwick (Battle Magic, Spell Blending, Medic) --------------------
  [PASS] (b) rank-1 max slots == 4 (3 base + 1 school)
  [PASS] (b) school bonus slot flagged at rank 1
  [PASS] (b) 4 rank-1 preparations at build (school slot filled with curriculum)
WARNING: [PF2e WARN] Fenwick: Rank 1 has 4 non-curriculum preparations but only 3 unrestricted slots (school slot requires a School of Battle Magic curriculum spell)
   at: void Delve.Autoload.DataManager+<>c.<WireLogging>b__27_1(string) (res://scripts/autoload/DataManager.cs:131)
   C# backtrace (most recent call first):
       [0] void Godot.GD.PushWarning(string) (/root/godot/modules/mono/glue/GodotSharp/GodotSharp/Core/GD.cs:396)
       [1] void Delve.Autoload.DataManager+<>c.<WireLogging>b__27_1(string) (G:\Godot\Gamestorming\delve\scripts\autoload\DataManager.cs:131)
       [2] void PF2e.Log.Warn(object) (F:\dev\Pf2e.Core\Pf2e.Core\Core\Log.cs:23)
       [3] bool PF2e.CharacterComponents.Spellcasting.PrepareSpells(System.Collections.Generic.List`1[PF2e.Actions.SpellAction]) (F:\dev\Pf2e.Core\Pf2e.Core\CharacterComponents\Spellcasting.cs:448)
       [4] void Delve.Dev.ClassComboSpike.CheckB_FenwickBattleMagic() (G:\Godot\Gamestorming\delve\scripts\dev\ClassComboSpike.cs:222)
       [5] void Delve.Dev.ClassComboSpike+<RunSpikeAsync>d__2.MoveNext() (G:\Godot\Gamestorming\delve\scripts\dev\ClassComboSpike.cs:39)
       [6] void System.Runtime.CompilerServices.AsyncMethodBuilderCore.Start<TStateMachine>(TStateMachine&)
       [7] System.Threading.Tasks.Task Delve.Dev.ClassComboSpike.RunSpikeAsync(Delve.Autoload.DataManager)
       [8] void Delve.Dev.SpikeBase+<RunAsync>d__10.MoveNext() (G:\Godot\Gamestorming\delve\scripts\dev\SpikeBase.cs:53)
       [9] void System.Runtime.CompilerServices.AsyncMethodBuilderCore.Start<TStateMachine>(TStateMachine&)
       [10] System.Threading.Tasks.Task Delve.Dev.SpikeBase.RunAsync()
       [11] void Delve.Dev.SpikeBase._Ready() (G:\Godot\Gamestorming\delve\scripts\dev\SpikeBase.cs:38)
       [12] bool Godot.Node.InvokeGodotClassMethod(Godot.NativeInterop.godot_string_name&, Godot.NativeInterop.NativeVariantPtrArgs, Godot.NativeInterop.godot_variant&) (/root/godot/modules/mono/glue/GodotSharp/GodotSharp/Generated/GodotObjects/Node.cs:2646)
       [13] bool Delve.Dev.SpikeBase.InvokeGodotClassMethod(Godot.NativeInterop.godot_string_name&, Godot.NativeInterop.NativeVariantPtrArgs, Godot.NativeInterop.godot_variant&) (G:\Godot\Gamestorming\delve\.godot\mono\temp\obj\Debug\Godot.SourceGenerators\Godot.SourceGenerators.ScriptMethodsGenerator\Delve.Dev.SpikeBase_ScriptMethods.generated.cs:80)
       [14] bool Delve.Dev.ClassComboSpike.InvokeGodotClassMethod(Godot.NativeInterop.godot_string_name&, Godot.NativeInterop.NativeVariantPtrArgs, Godot.NativeInterop.godot_variant&) (G:\Godot\Gamestorming\delve\.godot\mono\temp\obj\Debug\Godot.SourceGenerators\Godot.SourceGenerators.ScriptMethodsGenerator\Delve.Dev.ClassComboSpike_ScriptMethods.generated.cs:70)
       [15] Godot.NativeInterop.godot_bool Godot.Bridge.CSharpInstanceBridge.Call(nint, Godot.NativeInterop.godot_string_name*, Godot.NativeInterop.godot_variant**, int, Godot.NativeInterop.godot_variant_call_error*, Godot.NativeInterop.godot_variant*) (/root/godot/modules/mono/glue/GodotSharp/GodotSharp/Core/Bridge/CSharpInstanceBridge.cs:24)
  [PASS] (b) school slot rejects a 4th NON-curriculum preparation
  [PASS] (b) school slot accepts a curriculum spell
  [PASS] (b) Force Bolt focus spell granted
  [PASS] (b) focus pool == 1
  [PASS] (b) curriculum cantrip (Telekinetic Projectile) added
  [PASS] (b) Battle Medicine granted at L2
  [PASS] (b) Medic Dedication granted at L2
  [PASS] (b) Medicine is Expert (trained at build, upgraded by Medic Dedication)
  [PASS] (b) L5 blend trade active
  [info] L5 slots r1=2 r2=4 r3=4
  [PASS] (b) L5 rank-1 max == 2 (3 base − 2 blended + 1 school)
  [PASS] (b) L5 rank-3 max == 4 (2 base + 1 blended + 1 school)
  [PASS] (b) L5 rank-3 prepared with Fireballs (curriculum, incl. school slot)
  [PASS] (b) Treat Condition granted at L4
-------------------- (c) Elara (Thief, Dual-Weapon Warrior) --------------------
  [PASS] (c) resolved class is Thief
  [PASS] (c) Thief racket granted
  [PASS] (c) rapier in main hand
  [PASS] (c) shortsword in off hand
  [PASS] (c) off-hand is AGILE and FINESSE
  [PASS] (c) agile MAP −4 on the off-hand after one attack
  [PASS] (c) non-agile MAP −5 control (main hand rapier)
  [PASS] (c) DWW Dedication granted at L2
  [PASS] (c) Double Slice granted by the dedication
  [PASS] (c) Double Slice action surfaced via granted actions
  [PASS] (c) Double Slice consumed 2 actions
  [PASS] (c) both strikes landed (target damaged)
  [PASS] (c) Double Slice counts as two attacks for MAP
  [PASS] (c) double-slice record captured (both hit)
  [PASS] (c) Dual Thrower granted at L4
-------------------- (d) Veteran (Sentinel, Bastion) --------------------
  [PASS] (d) Bastion Dedication granted at L2
  [PASS] (d) dedication granted Reactive Shield
  [PASS] (d) Disarming Block NOT granted at L2
  [PASS] (d) Disarming Block granted at L4
  [PASS] (d) Reactive Shield still active at L5
---------------------------------------------------------
[ClassComboSpike] checks: 68, failures: 0
SPIKE RESULT: PASS
