Godot Engine v4.6.2.stable.mono.official.71f334935 - https://godotengine.org

ERROR: Failed to read the root certificate store.
   at: get_system_ca_certificates (platform/windows/os_windows.cpp:2570)
[   0% ] first_scan_filesystem | Started Project initialization (5 steps)
[   0% ] first_scan_filesystem | Scanning file structure...
[  16% ] first_scan_filesystem | Loading global class names...
[  33% ] first_scan_filesystem | Verifying GDExtensions...
[  50% ] first_scan_filesystem | Creating autoload scripts...
[  66% ] first_scan_filesystem | Initializing plugins...
[  83% ] first_scan_filesystem | Starting file scan...
[ DONE ] first_scan_filesystem

[   0% ] update_scripts_classes | Started Registering global classes... (3 steps)
[   0% ] update_scripts_classes | 
[  25% ] update_scripts_classes | 
[  50% ] update_scripts_classes | 
[ DONE ] update_scripts_classes

[   0% ] _update_scan_actions | Started Scanning actions... (30 steps)
[   0% ] _update_scan_actions | combat_check_off.svg
[   3% ] _update_scan_actions | combat_check_on.svg
[   6% ] _update_scan_actions | combat_controls.png
[   9% ] _update_scan_actions | combat_dice_roll.png
[  12% ] _update_scan_actions | combat_log_compact.png
[  16% ] _update_scan_actions | combat_log_entry_expanded.png
[  19% ] _update_scan_actions | combat_log_history.png
[  22% ] _update_scan_actions | combat_shot.png
[  25% ] _update_scan_actions | combat_shot_alt.png
[  29% ] _update_scan_actions | combat_shot_bands_slope.png
[  32% ] _update_scan_actions | combat_shot_flyout.png
[  35% ] _update_scan_actions | combat_shot_horizon.png
[  38% ] _update_scan_actions | combat_shot_low_a.png
[  41% ] _update_scan_actions | combat_shot_low_b.png
[  45% ] _update_scan_actions | combat_shot_move_hover.png
[  48% ] _update_scan_actions | combat_shot_skills.png
[  51% ] _update_scan_actions | combat_target_preview.png
[  54% ] _update_scan_actions | combat_dice_roll.png
[  58% ] _update_scan_actions | combat_log_compact.png
[  61% ] _update_scan_actions | combat_log_entry_expanded.png
[  64% ] _update_scan_actions | combat_log_history.png
[  67% ] _update_scan_actions | combat_shot.png
[  70% ] _update_scan_actions | combat_shot_alt.png
[  74% ] _update_scan_actions | combat_shot_bands_slope.png
[  77% ] _update_scan_actions | combat_shot_flyout.png
[  80% ] _update_scan_actions | combat_shot_horizon.png
[  83% ] _update_scan_actions | combat_shot_low_a.png
[  87% ] _update_scan_actions | combat_shot_low_b.png
[  90% ] _update_scan_actions | combat_shot_move_hover.png
[  93% ] _update_scan_actions | combat_shot_skills.png
[ DONE ] _update_scan_actions

[   0% ] reimport | Started (Re)Importing Assets (30 steps)
[   0% ] reimport | Preparing files to reimport...
[   3% ] reimport | Preparing files to reimport...
[   6% ] reimport | Preparing files to reimport...
[   9% ] reimport | Preparing files to reimport...
[  12% ] reimport | Preparing files to reimport...
[  16% ] reimport | Preparing files to reimport...
[  19% ] reimport | Preparing files to reimport...
[  22% ] reimport | Preparing files to reimport...
[  25% ] reimport | Preparing files to reimport...
[  29% ] reimport | Preparing files to reimport...
[  32% ] reimport | Preparing files to reimport...
[  35% ] reimport | Preparing files to reimport...
[  38% ] reimport | Preparing files to reimport...
[  41% ] reimport | Preparing files to reimport...
[  45% ] reimport | Preparing files to reimport...
[  48% ] reimport | Preparing files to reimport...
[  51% ] reimport | Preparing files to reimport...
[  54% ] reimport | Preparing files to reimport...
[  58% ] reimport | Preparing files to reimport...
[  61% ] reimport | Preparing files to reimport...
[  64% ] reimport | Preparing files to reimport...
[  67% ] reimport | Preparing files to reimport...
[  70% ] reimport | Preparing files to reimport...
[  74% ] reimport | Preparing files to reimport...
[  77% ] reimport | Preparing files to reimport...
[  80% ] reimport | Preparing files to reimport...
[  83% ] reimport | Preparing files to reimport...
[  87% ] reimport | Preparing files to reimport...
[  90% ] reimport | Preparing files to reimport...
[  93% ] reimport | Preparing files to reimport...
[   0% ] reimport | Executing pre-reimport operations...
[   0% ] reimport | combat_shot_skills.png
[   3% ] reimport | combat_shot_move_hover.png
[   6% ] reimport | combat_shot_low_b.png
[   9% ] reimport | combat_shot_low_a.png
[  12% ] reimport | combat_shot_horizon.png
[  16% ] reimport | combat_shot_flyout.png
[  19% ] reimport | combat_shot_bands_slope.png
[  22% ] reimport | combat_shot_alt.png
[  25% ] reimport | combat_shot.png
[  29% ] reimport | combat_log_history.png
[  32% ] reimport | combat_log_entry_expanded.png
[  35% ] reimport | combat_log_compact.png
[  38% ] reimport | combat_dice_roll.png
[  41% ] reimport | combat_target_preview.png
[  45% ] reimport | combat_shot_skills.png
[  48% ] reimport | combat_shot_move_hover.png
[  51% ] reimport | combat_shot_low_b.png
[  54% ] reimport | combat_shot_low_a.png
[  58% ] reimport | combat_shot_horizon.png
[  61% ] reimport | combat_shot_flyout.png
[  64% ] reimport | combat_shot_bands_slope.png
[  67% ] reimport | combat_shot_alt.png
[  70% ] reimport | combat_shot.png
[  74% ] reimport | combat_log_history.png
[  77% ] reimport | combat_log_entry_expanded.png
[  80% ] reimport | combat_log_compact.png
[  83% ] reimport | combat_dice_roll.png
[  87% ] reimport | combat_controls.png
[  90% ] reimport | combat_check_on.svg
[  93% ] reimport | combat_check_off.svg
[  96% ] reimport | Finalizing Asset Import...
[ DONE ] reimport

[   0% ] reimport | Started (Re)Importing Assets (30 steps)
[   0% ] reimport | Executing post-reimport operations...
[ DONE ] reimport

[   0% ] loading_editor_layout | Started Loading editor (5 steps)
[   0% ] loading_editor_layout | Loading editor layout...
[  16% ] loading_editor_layout | Loading docks...
[  33% ] loading_editor_layout | Reopening scenes...
[  50% ] loading_editor_layout | Loading central editor layout...
[  66% ] loading_editor_layout | Loading plugin window layout...
[  83% ] loading_editor_layout | Editor layout ready.
[ DONE ] loading_editor_layout

ERROR: Cannot save file 'C:/Users/Midge/AppData/Roaming/Godot/editor_settings-4.6.tres'.
   at: save (scene/resources/resource_format_text.cpp:1756)
ERROR: Error saving editor settings to C:/Users/Midge/AppData/Roaming/Godot/editor_settings-4.6.tres
   at: save (editor/settings/editor_settings.cpp:1404)
