Godot Engine v4.6.2.stable.mono.official.71f334935 - https://godotengine.org

ERROR: Failed to read the root certificate store.
   at: get_system_ca_certificates (platform/windows/os_windows.cpp:2570)
[DataManager] PackLoader: loading packs from F:/dev/Pf2e.Core/Data/pf2e-source/packs/pf2e
[DataManager] PackLoader: skipped raja-rakshasa.json (JsonException: The JSON value could not be converted to System.Int32. Path: $.splashDamage.value | LineNumber: 64 | BytePositionInLine: 33.)
[DataManager] PackLoader: skipped 1 malformed creature file(s)
[DataManager] PackLoader: loaded 40 conditions, 1795 spells, 1268 equipment, 658 creatures
[DataManager] Ready — 40 conditions, 1795 spells, 1268 equipment, 658 creatures, 6810 feat entries indexed
==================== RUN RECOVERY SPIKE ====================
-------------------- (1) Down and kill --------------------
  [PASS] (1) the downed member is at 0 HP and Dying
  [PASS] (1) the downed member is NOT dead
  [PASS] (1) massive damage killed the other member
-------------------- (2) CompleteEncounter --------------------
  [PASS] (2) the downed member stands at 1 HP
  [PASS] (2) the slain member stands at 1 HP
  [PASS] (2) neither is dead
  [PASS] (2) neither is still Dying
  [PASS] (2) the downed member is Wounded >= 1 (1)
  [PASS] (2) the revived dead member is Wounded >= 1 (1)
  [PASS] (2) the untouched member is unchanged
  [PASS] (2) the party is not wiped
-------------------- (3) LongRest --------------------
  [PASS] (3) a short rest was taken before resting
  [PASS] (3) both healed above their stabilized 1 HP
  [PASS] (3) Wounded is cleared party-wide
  [PASS] (3) the day advanced
  [PASS] (3) the new day starts with no blocks taken
  [PASS] (3) the rest healed at least 2 HP (min 1/level)
---------------------------------------------------------
[RunRecoverySpike] checks: 17, failures: 0
SPIKE RESULT: PASS
