Godot Engine v4.6.2.stable.mono.official.71f334935 - https://godotengine.org
Vulkan 1.4.341 - Forward+ - Using Device #0: NVIDIA - NVIDIA GeForce RTX 3080 Ti

ERROR: Failed to read the root certificate store.
   at: get_system_ca_certificates (platform/windows/os_windows.cpp:2570)
[DataManager] PackLoader: loading packs from F:/dev/Pf2e.Core/Data/pf2e-source/packs/pf2e
[DataManager] PackLoader: skipped raja-rakshasa.json (JsonException: The JSON value could not be converted to System.Int32. Path: $.splashDamage.value | LineNumber: 64 | BytePositionInLine: 33.)
[DataManager] PackLoader: skipped 1 malformed creature file(s)
[DataManager] PackLoader: loaded 40 conditions, 1795 spells, 1268 equipment, 658 creatures
[DataManager] Ready — 40 conditions, 1795 spells, 1268 equipment, 658 creatures, 6810 feat entries indexed
==================== COMBAT SHOT SPIKE ====================
[CombatTest] generated 'forest' map 22x24 seed 20260804 (4 party / 5 enemy anchors).
  [PASS] forest outskirts have two mist layers
[combatshot] spike ready
[combatshot] combat_shot.png: Ok (G:/Godot/Gamestorming/delve/design/aldric-human/after/combat_shot.png)
  [PASS] combat_shot.png saved
  [PASS] hero review subject exists
[combatshot] hero_idle.png: Ok (G:/Godot/Gamestorming/delve/design/aldric-human/after/hero_idle.png)
  [PASS] hero_idle.png saved
[combatshot] hero_attack_1.png: Ok (G:/Godot/Gamestorming/delve/design/aldric-human/after/hero_attack_1.png)
  [PASS] hero_attack_1.png saved
[combatshot] hero_attack_2.png: Ok (G:/Godot/Gamestorming/delve/design/aldric-human/after/hero_attack_2.png)
  [PASS] hero_attack_2.png saved
[combatshot] hero_attack_3.png: Ok (G:/Godot/Gamestorming/delve/design/aldric-human/after/hero_attack_3.png)
  [PASS] hero_attack_3.png saved
[combatshot] hero_attack_4.png: Ok (G:/Godot/Gamestorming/delve/design/aldric-human/after/hero_attack_4.png)
  [PASS] hero_attack_4.png saved
[combatshot] hero_attack_5.png: Ok (G:/Godot/Gamestorming/delve/design/aldric-human/after/hero_attack_5.png)
  [PASS] hero_attack_5.png saved
[combatshot] hero_attack_6.png: Ok (G:/Godot/Gamestorming/delve/design/aldric-human/after/hero_attack_6.png)
  [PASS] hero_attack_6.png saved
[combatshot] hero_attack_7.png: Ok (G:/Godot/Gamestorming/delve/design/aldric-human/after/hero_attack_7.png)
  [PASS] hero_attack_7.png saved
[combatshot] hero_attack_8.png: Ok (G:/Godot/Gamestorming/delve/design/aldric-human/after/hero_attack_8.png)
  [PASS] hero_attack_8.png saved
[combatshot] hero_attack_9.png: Ok (G:/Godot/Gamestorming/delve/design/aldric-human/after/hero_attack_9.png)
  [PASS] hero_attack_9.png saved
[combatshot] hero_mirrored.png: Ok (G:/Godot/Gamestorming/delve/design/aldric-human/after/hero_mirrored.png)
  [PASS] hero_mirrored.png saved
  [PASS] movement bands show on the player's Idle turn (642 markers)
[combatshot] combat_shot_move_hover.png: Ok (G:/Godot/Gamestorming/delve/design/aldric-human/after/combat_shot_move_hover.png)
  [PASS] combat_shot_move_hover.png saved
[combatshot] combat_shot_bands_slope.png: Ok (G:/Godot/Gamestorming/delve/design/aldric-human/after/combat_shot_bands_slope.png)
  [PASS] combat_shot_bands_slope.png saved
[combatshot] combat_shot_alt.png: Ok (G:/Godot/Gamestorming/delve/design/aldric-human/after/combat_shot_alt.png)
  [PASS] combat_shot_alt.png saved
[combatshot] combat_shot_horizon.png: Ok (G:/Godot/Gamestorming/delve/design/aldric-human/after/combat_shot_horizon.png)
  [PASS] combat_shot_horizon.png saved
[combatshot] combat_shot_low_a.png: Ok (G:/Godot/Gamestorming/delve/design/aldric-human/after/combat_shot_low_a.png)
  [PASS] combat_shot_low_a.png saved
[combatshot] combat_shot_low_b.png: Ok (G:/Godot/Gamestorming/delve/design/aldric-human/after/combat_shot_low_b.png)
  [PASS] combat_shot_low_b.png saved
[combatshot] combat_shot_flyout.png: Ok (G:/Godot/Gamestorming/delve/design/aldric-human/after/combat_shot_flyout.png)
  [PASS] combat_shot_flyout.png saved
[combatshot] combat_shot_skills.png: Ok (G:/Godot/Gamestorming/delve/design/aldric-human/after/combat_shot_skills.png)
  [PASS] combat_shot_skills.png saved
[combatshot] combat_log_compact.png: Ok (G:/Godot/Gamestorming/delve/design/aldric-human/after/combat_log_compact.png)
  [PASS] combat_log_compact.png saved
[combatshot] combat_log_entry_expanded.png: Ok (G:/Godot/Gamestorming/delve/design/aldric-human/after/combat_log_entry_expanded.png)
  [PASS] combat_log_entry_expanded.png saved
[combatshot] combat_log_history.png: Ok (G:/Godot/Gamestorming/delve/design/aldric-human/after/combat_log_history.png)
  [PASS] combat_log_history.png saved
[combatshot] combat_dice_roll.png: Ok (G:/Godot/Gamestorming/delve/design/aldric-human/after/combat_dice_roll.png)
  [PASS] combat_dice_roll.png saved
---------------------------------------------------------
[CombatShotSpike] checks: 27, failures: 0
SPIKE RESULT: PASS
