Godot Engine v4.6.2.stable.mono.official.71f334935 - https://godotengine.org

ERROR: Failed to read the root certificate store.
   at: get_system_ca_certificates (platform/windows/os_windows.cpp:2570)
[   0% ] first_scan_filesystem | Started Project initialization (5 steps)
[   0% ] first_scan_filesystem | Scanning file structure...
[  16% ] first_scan_filesystem | Loading global class names...
[  33% ] first_scan_filesystem | Verifying GDExtensions...
[  50% ] first_scan_filesystem | Creating autoload scripts...
[  66% ] first_scan_filesystem | Initializing plugins...
[  83% ] first_scan_filesystem | Starting file scan...
[ DONE ] first_scan_filesystem

[   0% ] update_scripts_classes | Started Registering global classes... (2 steps)
[   0% ] update_scripts_classes | 
[  33% ] update_scripts_classes | 
[ DONE ] update_scripts_classes

[   0% ] _update_scan_actions | Started Scanning actions... (52 steps)
[   0% ] _update_scan_actions | attack_1.png
[   1% ] _update_scan_actions | attack_2.png
[   3% ] _update_scan_actions | attack_3.png
[   5% ] _update_scan_actions | attack_4.png
[   7% ] _update_scan_actions | attack_5.png
[   9% ] _update_scan_actions | attack_6.png
[  11% ] _update_scan_actions | attack_7.png
[  13% ] _update_scan_actions | attack_8.png
[  15% ] _update_scan_actions | attack_9.png
[  16% ] _update_scan_actions | idle_1.png
[  18% ] _update_scan_actions | idle_2.png
[  20% ] _update_scan_actions | idle_3.png
[  22% ] _update_scan_actions | idle_4.png
[  24% ] _update_scan_actions | idle_5.png
[  26% ] _update_scan_actions | idle_6.png
[  28% ] _update_scan_actions | idle_7.png
[  30% ] _update_scan_actions | idle_8.png
[  32% ] _update_scan_actions | idle_9.png
[  33% ] _update_scan_actions | portrait.png
[  35% ] _update_scan_actions | walk_1.png
[  37% ] _update_scan_actions | walk_2.png
[  39% ] _update_scan_actions | walk_3.png
[  41% ] _update_scan_actions | walk_4.png
[  43% ] _update_scan_actions | combat_dice_roll.png
[  45% ] _update_scan_actions | combat_log_compact.png
[  47% ] _update_scan_actions | combat_log_entry_expanded.png
[  49% ] _update_scan_actions | combat_log_history.png
[  50% ] _update_scan_actions | combat_shot.png
[  52% ] _update_scan_actions | combat_shot_alt.png
[  54% ] _update_scan_actions | combat_shot_bands_slope.png
[  56% ] _update_scan_actions | combat_shot_flyout.png
[  58% ] _update_scan_actions | combat_shot_horizon.png
[  60% ] _update_scan_actions | combat_shot_low_a.png
[  62% ] _update_scan_actions | combat_shot_low_b.png
[  64% ] _update_scan_actions | combat_shot_move_hover.png
[  66% ] _update_scan_actions | combat_shot_skills.png
[  67% ] _update_scan_actions | hero_attack_1.png
[  69% ] _update_scan_actions | hero_attack_2.png
[  71% ] _update_scan_actions | hero_attack_3.png
[  73% ] _update_scan_actions | hero_attack_4.png
[  75% ] _update_scan_actions | hero_attack_5.png
[  77% ] _update_scan_actions | hero_attack_6.png
[  79% ] _update_scan_actions | hero_attack_7.png
[  81% ] _update_scan_actions | hero_attack_8.png
[  83% ] _update_scan_actions | hero_attack_9.png
[  84% ] _update_scan_actions | hero_idle.png
[  86% ] _update_scan_actions | hero_mirrored.png
[  88% ] _update_scan_actions | aldric-5x.png
[  90% ] _update_scan_actions | aldric.png
[  92% ] _update_scan_actions | attack-target-frames-2x.png
[  94% ] _update_scan_actions | attack-frames-3x.png
[  96% ] _update_scan_actions | source-anatomy-5x.png
[ DONE ] _update_scan_actions

[   0% ] reimport | Started (Re)Importing Assets (31 steps)
[   0% ] reimport | Preparing files to reimport...
[   3% ] reimport | Preparing files to reimport...
[   6% ] reimport | Preparing files to reimport...
[   9% ] reimport | Preparing files to reimport...
[  12% ] reimport | Preparing files to reimport...
[  15% ] reimport | Preparing files to reimport...
[  18% ] reimport | Preparing files to reimport...
[  21% ] reimport | Preparing files to reimport...
[  25% ] reimport | Preparing files to reimport...
[  28% ] reimport | Preparing files to reimport...
[  31% ] reimport | Preparing files to reimport...
[  34% ] reimport | Preparing files to reimport...
[  37% ] reimport | Preparing files to reimport...
[  40% ] reimport | Preparing files to reimport...
[  43% ] reimport | Preparing files to reimport...
[  46% ] reimport | Preparing files to reimport...
[  50% ] reimport | Preparing files to reimport...
[  53% ] reimport | Preparing files to reimport...
[  56% ] reimport | Preparing files to reimport...
[  59% ] reimport | Preparing files to reimport...
[  62% ] reimport | Preparing files to reimport...
[  65% ] reimport | Preparing files to reimport...
[  68% ] reimport | Preparing files to reimport...
[  71% ] reimport | Preparing files to reimport...
[  75% ] reimport | Preparing files to reimport...
[  78% ] reimport | Preparing files to reimport...
[  81% ] reimport | Preparing files to reimport...
[  84% ] reimport | Preparing files to reimport...
[  87% ] reimport | Preparing files to reimport...
[  90% ] reimport | Preparing files to reimport...
[  93% ] reimport | Preparing files to reimport...
[   0% ] reimport | Executing pre-reimport operations...
[   0% ] reimport | source-anatomy-5x.png
[   3% ] reimport | attack-frames-3x.png
[   6% ] reimport | attack-target-frames-2x.png
[   9% ] reimport | hero_mirrored.png
[  12% ] reimport | hero_idle.png
[  15% ] reimport | hero_attack_9.png
[  18% ] reimport | hero_attack_8.png
[  21% ] reimport | hero_attack_7.png
[  25% ] reimport | hero_attack_6.png
[  28% ] reimport | hero_attack_5.png
[  31% ] reimport | hero_attack_4.png
[  34% ] reimport | hero_attack_3.png
[  37% ] reimport | hero_attack_2.png
[  40% ] reimport | hero_attack_1.png
[  43% ] reimport | combat_shot_skills.png
[  46% ] reimport | combat_shot_move_hover.png
[  50% ] reimport | combat_shot_low_b.png
[  53% ] reimport | combat_shot_low_a.png
[  56% ] reimport | combat_shot_horizon.png
[  59% ] reimport | combat_shot_flyout.png
[  62% ] reimport | combat_shot_bands_slope.png
[  65% ] reimport | combat_shot_alt.png
[  68% ] reimport | combat_shot.png
[  71% ] reimport | combat_log_history.png
[  75% ] reimport | combat_log_entry_expanded.png
[  78% ] reimport | combat_log_compact.png
[  81% ] reimport | combat_dice_roll.png
[  84% ] reimport | attack_7.png
[  87% ] reimport | attack_6.png
[  90% ] reimport | attack_5.png
[  93% ] reimport | attack_4.png
[  96% ] reimport | Finalizing Asset Import...
[ DONE ] reimport

[   0% ] reimport | Started (Re)Importing Assets (31 steps)
[   0% ] reimport | Executing post-reimport operations...
[ DONE ] reimport

[   0% ] loading_editor_layout | Started Loading editor (5 steps)
[   0% ] loading_editor_layout | Loading editor layout...
[  16% ] loading_editor_layout | Loading docks...
[  33% ] loading_editor_layout | Reopening scenes...
[  50% ] loading_editor_layout | Loading central editor layout...
[  66% ] loading_editor_layout | Loading plugin window layout...
[  83% ] loading_editor_layout | Editor layout ready.
[ DONE ] loading_editor_layout

ERROR: Cannot save file 'C:/Users/Midge/AppData/Roaming/Godot/editor_settings-4.6.tres'.
   at: save (scene/resources/resource_format_text.cpp:1756)
ERROR: Error saving editor settings to C:/Users/Midge/AppData/Roaming/Godot/editor_settings-4.6.tres
   at: save (editor/settings/editor_settings.cpp:1404)
