Godot Engine v4.6.2.stable.mono.official.71f334935 - https://godotengine.org

matchlab matrix shard 3 of 6: 546 matches
  a field: freestyle_swords, pyre_ascent, pyre_attrition, pyre_beatdown, root_seals, shade_henchmen, shade_mind_siege, shade_salvage, steel_beatdown, steel_heir, storm_unbound, storm_volley, tide_companions, tide_deepwater
  b field: freestyle_swords, pyre_ascent, pyre_attrition, pyre_beatdown, root_seals, shade_henchmen, shade_mind_siege, shade_salvage, steel_beatdown, steel_heir, storm_unbound, storm_volley, tide_companions, tide_deepwater
  a side : scorer
  b side : scorer
  flags  : --json=res://reports/tournament_2026-09-26/scorer_after/shard_2.json --mode=matrix --policy=scorer --progress=0 --repeats=9 --scenario=res://tests/scenarios/balance.json --seed=77 --shard=2/6 --styles=1 --tsv=res://reports/tournament_2026-09-26/scorer_after/shard_2.tsv

=== matchlab, 414s ===
side a: scorer
side b: scorer
546 matches, 0 unusable

RECORD  (both sides, scorer)
deck               played win% (95% range)       won by surv/seal/asc   lost to surv/seal/asc   turns
pyre_attrition         78  85.9% (76.5-91.9)                  23/0/44                   8/1/2     6.3
shade_mind_siege       78  84.6% (75.0-91.0)                   66/0/0                   6/1/5     6.6
steel_beatdown         78  76.9% (66.4-84.9)                   59/0/1                  12/0/6     5.6
freestyle_swords       78  69.2% (58.3-78.4)                   54/0/0                  24/0/0     6.9
pyre_beatdown          78  55.1% (44.1-65.7)                   41/0/2                  26/2/7     6.7
shade_henchmen         78  53.8% (42.9-64.5)                   42/0/0                  27/0/9     5.6
pyre_ascent            78  44.9% (34.3-55.9)                  11/0/24                  40/2/1     7.6
storm_unbound          78  41.0% (30.8-52.1)                   32/0/0                  35/2/9     8.4
tide_deepwater         78  39.7% (29.6-50.8)                   31/0/0                  44/2/1     7.6
root_seals             78  38.5% (28.4-49.6)                  16/14/0                  46/0/2    14.4
tide_companions        78  34.6% (25.0-45.7)                   27/0/0                 40/0/11     7.5
storm_volley           78  30.8% (21.6-41.7)                   24/0/0                 40/1/13     6.9
shade_salvage          78  24.4% (16.2-34.9)                   19/0/0                  54/1/4     7.7
steel_heir             78  20.5% (13.0-30.8)                   16/0/0                  59/2/1     6.3
all wins by route: 461/14/71

HOW CLOSE IT CAME WHEN IT LOST  (life cards left / Seals missing / share of the Fervor climb left)
deck               losses   own distance at the end      nearest route: surv/seal/asc
pyre_attrition         11     8.0 life / 6.9 seals /  52% asc   8/0/3
shade_mind_siege       12    13.4 life / 7.0 seals /  98% asc   12/0/0
steel_beatdown         18    11.8 life / 6.1 seals /  53% asc   15/0/3
freestyle_swords       24     0.0 life / 7.0 seals /  97% asc   24/0/0
pyre_beatdown          35     6.6 life / 6.9 seals /  70% asc   35/0/0
shade_henchmen         36    10.9 life / 6.8 seals /  97% asc   36/0/0
pyre_ascent            43     1.7 life / 6.8 seals /  60% asc   41/0/2
storm_unbound          46     9.5 life / 6.8 seals /  86% asc   44/0/2
tide_deepwater         47     2.6 life / 6.7 seals / 100% asc   47/0/0
root_seals             48     3.6 life / 4.4 seals /  96% asc   46/2/0
tide_companions        51     6.9 life / 6.9 seals /  96% asc   51/0/0
storm_volley           54     9.3 life / 6.8 seals / 100% asc   54/0/0
shade_salvage          59     2.0 life / 6.9 seals /  98% asc   59/0/0
steel_heir             62     1.3 life / 6.8 seals /  96% asc   62/0/0

WHAT IT HAD LEFT WHEN IT WON  (same three numbers, for the winner itself)
deck                 wins   own distance at the end
pyre_attrition         67    40.1 life / 6.8 seals /  33% asc
shade_mind_siege       66    42.2 life / 6.7 seals /  96% asc
steel_beatdown         60    42.6 life / 5.8 seals /  40% asc
freestyle_swords       54    28.9 life / 6.4 seals /  90% asc
pyre_beatdown          43    28.1 life / 6.7 seals /  63% asc
shade_henchmen         42    38.0 life / 6.4 seals /  87% asc
pyre_ascent            35    29.9 life / 6.5 seals /  34% asc
storm_unbound          32    25.2 life / 6.5 seals /  63% asc
tide_deepwater         31    26.0 life / 5.7 seals /  99% asc
root_seals             30    21.8 life / 1.8 seals /  95% asc
tide_companions        27    22.0 life / 6.6 seals /  96% asc
storm_volley           24    29.1 life / 6.5 seals / 100% asc
shade_salvage          19    28.9 life / 6.5 seals /  97% asc
steel_heir             16    27.4 life / 6.0 seals /  87% asc

MATCHUPS  (side a deck's win% against side b deck, n in brackets)
a \ b              freestyle_sw  pyre_ascent pyre_attriti pyre_beatdow   root_seals shade_henchm shade_mind_s shade_salvag steel_beatdo   steel_heir storm_unboun storm_volley tide_compani tide_deepwat
freestyle_swords              -      100%[3]       33%[3]       67%[3]      100%[3]       67%[3]        0%[3]       67%[3]       33%[3]      100%[3]      100%[3]       67%[3]       67%[3]       67%[3]
pyre_ascent               0%[3]            -       67%[3]        0%[3]       67%[3]      100%[3]        0%[3]       33%[3]        0%[3]      100%[3]       67%[3]       67%[3]       67%[3]       67%[3]
pyre_attrition           33%[3]      100%[3]            -      100%[3]       67%[3]      100%[3]       67%[3]      100%[3]      100%[3]      100%[3]      100%[3]      100%[3]      100%[3]       67%[3]
pyre_beatdown            67%[3]       67%[3]        0%[3]            -       33%[3]       67%[3]        0%[3]       33%[3]        0%[3]      100%[3]       67%[3]      100%[3]      100%[3]      100%[3]
root_seals                0%[3]      100%[3]        0%[3]       33%[3]            -        0%[3]       33%[3]      100%[3]        0%[3]       67%[3]      100%[3]       33%[3]       67%[3]       33%[3]
shade_henchmen            0%[3]      100%[3]        0%[3]       33%[3]      100%[3]            -        0%[3]      100%[3]       33%[3]      100%[3]       67%[3]      100%[3]       33%[3]       67%[3]
shade_mind_siege        100%[3]      100%[3]       33%[3]       67%[3]      100%[3]      100%[3]            -      100%[3]       67%[3]      100%[3]       67%[3]      100%[3]       67%[3]      100%[3]
shade_salvage             0%[3]       33%[3]        0%[3]       67%[3]      100%[3]        0%[3]        0%[3]            -       33%[3]       33%[3]        0%[3]        0%[3]       33%[3]        0%[3]
steel_beatdown           33%[3]       33%[3]       67%[3]       33%[3]      100%[3]      100%[3]       33%[3]      100%[3]            -      100%[3]      100%[3]      100%[3]      100%[3]      100%[3]
steel_heir                0%[3]        0%[3]        0%[3]       33%[3]       33%[3]       33%[3]        0%[3]       33%[3]        0%[3]            -       67%[3]        0%[3]        0%[3]       67%[3]
storm_unbound            67%[3]       33%[3]        0%[3]       33%[3]       67%[3]       33%[3]       33%[3]      100%[3]       33%[3]       33%[3]            -      100%[3]       67%[3]       33%[3]
storm_volley             33%[3]        0%[3]        0%[3]       33%[3]       33%[3]       33%[3]        0%[3]       67%[3]        0%[3]       67%[3]       33%[3]            -      100%[3]        0%[3]
tide_companions          33%[3]        0%[3]        0%[3]       67%[3]        0%[3]        0%[3]       33%[3]       33%[3]        0%[3]       67%[3]       33%[3]       33%[3]            -      100%[3]
tide_deepwater            0%[3]      100%[3]        0%[3]       33%[3]       67%[3]        0%[3]        0%[3]      100%[3]        0%[3]       67%[3]       67%[3]      100%[3]        0%[3]            -

DECISION COST
side   policy                       decisions  mean ms   med ms   p95 ms   max ms   search: mean depth / fallbacks
a      scorer                           32981     4.87     4.16     9.10       55   0.00 / 0
b      scorer                           32916     4.82     4.16     8.98       51   0.00 / 0

wrote G:/Godot/Gamestorming/zenith/reports/tournament_2026-09-26/scorer_after/shard_2.tsv (546 matches)
wrote G:/Godot/Gamestorming/zenith/reports/tournament_2026-09-26/scorer_after/shard_2.json
