Godot Engine v4.6.2.stable.mono.official.71f334935 - https://godotengine.org

matchlab matrix shard 4 of 6: 546 matches
  a field: freestyle_swords, pyre_ascent, pyre_attrition, pyre_beatdown, root_seals, shade_henchmen, shade_mind_siege, shade_salvage, steel_beatdown, steel_heir, storm_unbound, storm_volley, tide_companions, tide_deepwater
  b field: freestyle_swords, pyre_ascent, pyre_attrition, pyre_beatdown, root_seals, shade_henchmen, shade_mind_siege, shade_salvage, steel_beatdown, steel_heir, storm_unbound, storm_volley, tide_companions, tide_deepwater
  a side : scorer
  b side : scorer
  flags  : --json=res://reports/tournament_2026-09-26/scorer_after/shard_3.json --mode=matrix --policy=scorer --progress=0 --repeats=9 --scenario=res://tests/scenarios/balance.json --seed=77 --shard=3/6 --styles=1 --tsv=res://reports/tournament_2026-09-26/scorer_after/shard_3.tsv

=== matchlab, 412s ===
side a: scorer
side b: scorer
546 matches, 0 unusable

RECORD  (both sides, scorer)
deck               played win% (95% range)       won by surv/seal/asc   lost to surv/seal/asc   turns
pyre_attrition         78  85.9% (76.5-91.9)                  18/0/49                  11/0/0     6.1
steel_beatdown         78  84.6% (75.0-91.0)                   66/0/0                   7/0/5     5.4
shade_mind_siege       78  78.2% (67.8-85.9)                   61/0/0                  12/0/5     7.0
freestyle_swords       78  66.7% (55.6-76.1)                   52/0/0                  26/0/0     6.4
pyre_beatdown          78  59.0% (47.9-69.2)                   45/0/1                 21/1/10     6.7
pyre_ascent            78  55.1% (44.1-65.7)                  17/0/26                  29/0/6     6.9
shade_henchmen         78  55.1% (44.1-65.7)                   43/0/0                  26/0/9     5.3
tide_deepwater         78  44.9% (34.3-55.9)                   35/0/0                  41/2/0     7.8
storm_unbound          78  41.0% (30.8-52.1)                   27/0/5                 32/2/12     8.4
storm_volley           78  34.6% (25.0-45.7)                   27/0/0                 35/1/15     6.7
tide_companions        78  29.5% (20.5-40.4)                   23/0/0                  48/2/5     7.9
root_seals             78  25.6% (17.3-36.3)                   12/8/0                  54/0/4    13.9
steel_heir             78  24.4% (16.2-34.9)                   18/0/1                  56/0/3     6.2
shade_salvage          78  15.4% ( 9.0-25.0)                   12/0/0                  58/0/8     7.5
all wins by route: 456/8/82

HOW CLOSE IT CAME WHEN IT LOST  (life cards left / Seals missing / share of the Fervor climb left)
deck               losses   own distance at the end      nearest route: surv/seal/asc
pyre_attrition         11     0.0 life / 6.9 seals /  67% asc   11/0/0
steel_beatdown         12    18.5 life / 6.3 seals /  53% asc   8/0/4
shade_mind_siege       17     6.6 life / 7.0 seals /  96% asc   17/0/0
freestyle_swords       26     0.0 life / 6.9 seals /  97% asc   26/0/0
pyre_beatdown          32    12.6 life / 6.9 seals /  65% asc   28/0/4
pyre_ascent            35     6.1 life / 6.9 seals /  60% asc   31/0/4
shade_henchmen         35     9.7 life / 6.8 seals /  96% asc   35/0/0
tide_deepwater         43     2.9 life / 6.6 seals /  99% asc   43/0/0
storm_unbound          46    13.7 life / 6.9 seals /  82% asc   44/0/2
storm_volley           51    11.7 life / 6.7 seals / 100% asc   51/0/0
tide_companions        55     3.7 life / 6.9 seals /  96% asc   55/0/0
root_seals             58     3.0 life / 4.1 seals /  95% asc   57/1/0
steel_heir             59     1.3 life / 6.9 seals /  96% asc   59/0/0
shade_salvage          66     3.3 life / 6.8 seals /  97% asc   66/0/0

WHAT IT HAD LEFT WHEN IT WON  (same three numbers, for the winner itself)
deck                 wins   own distance at the end
pyre_attrition         67    42.5 life / 6.7 seals /  28% asc
steel_beatdown         66    40.3 life / 5.7 seals /  40% asc
shade_mind_siege       61    39.4 life / 6.8 seals /  97% asc
freestyle_swords       52    31.6 life / 6.8 seals /  93% asc
pyre_beatdown          46    28.8 life / 6.5 seals /  63% asc
pyre_ascent            43    31.3 life / 6.8 seals /  35% asc
shade_henchmen         43    41.0 life / 6.3 seals /  90% asc
tide_deepwater         35    30.3 life / 5.8 seals /  99% asc
storm_unbound          32    20.8 life / 6.4 seals /  56% asc
storm_volley           27    21.0 life / 6.3 seals / 100% asc
tide_companions        23    23.0 life / 6.7 seals /  95% asc
root_seals             20    27.1 life / 1.4 seals /  93% asc
steel_heir             19    22.0 life / 6.3 seals /  86% asc
shade_salvage          12    29.9 life / 5.9 seals /  95% asc

MATCHUPS  (side a deck's win% against side b deck, n in brackets)
a \ b              freestyle_sw  pyre_ascent pyre_attriti pyre_beatdow   root_seals shade_henchm shade_mind_s shade_salvag steel_beatdo   steel_heir storm_unboun storm_volley tide_compani tide_deepwat
freestyle_swords              -       67%[3]       67%[3]       67%[3]      100%[3]       67%[3]        0%[3]      100%[3]        0%[3]      100%[3]      100%[3]      100%[3]      100%[3]      100%[3]
pyre_ascent               0%[3]            -        0%[3]      100%[3]       33%[3]       67%[3]        0%[3]      100%[3]        0%[3]      100%[3]      100%[3]      100%[3]       33%[3]       33%[3]
pyre_attrition           33%[3]      100%[3]            -      100%[3]      100%[3]      100%[3]      100%[3]      100%[3]       67%[3]      100%[3]      100%[3]      100%[3]      100%[3]       67%[3]
pyre_beatdown            67%[3]       33%[3]       33%[3]            -      100%[3]      100%[3]       33%[3]      100%[3]        0%[3]      100%[3]       67%[3]       67%[3]      100%[3]       67%[3]
root_seals               33%[3]        0%[3]        0%[3]       33%[3]            -        0%[3]        0%[3]       33%[3]        0%[3]       67%[3]       33%[3]       67%[3]       67%[3]       33%[3]
shade_henchmen           67%[3]       67%[3]        0%[3]       33%[3]      100%[3]            -        0%[3]      100%[3]        0%[3]      100%[3]       67%[3]      100%[3]       67%[3]       67%[3]
shade_mind_siege         67%[3]      100%[3]       33%[3]      100%[3]      100%[3]       67%[3]            -      100%[3]       67%[3]      100%[3]       33%[3]       67%[3]      100%[3]      100%[3]
shade_salvage             0%[3]        0%[3]        0%[3]        0%[3]       67%[3]        0%[3]       33%[3]            -        0%[3]       33%[3]        0%[3]        0%[3]        0%[3]       33%[3]
steel_beatdown          100%[3]       33%[3]       67%[3]       67%[3]      100%[3]      100%[3]       67%[3]      100%[3]            -      100%[3]      100%[3]      100%[3]      100%[3]       67%[3]
steel_heir                0%[3]       33%[3]        0%[3]        0%[3]      100%[3]        0%[3]        0%[3]       33%[3]        0%[3]            -       33%[3]       33%[3]       33%[3]       67%[3]
storm_unbound            33%[3]        0%[3]        0%[3]       33%[3]       33%[3]       33%[3]       67%[3]       67%[3]        0%[3]      100%[3]            -       67%[3]       67%[3]       33%[3]
storm_volley             33%[3]        0%[3]        0%[3]       33%[3]      100%[3]       33%[3]        0%[3]      100%[3]        0%[3]       33%[3]       67%[3]            -      100%[3]        0%[3]
tide_companions          67%[3]       33%[3]        0%[3]       67%[3]        0%[3]        0%[3]        0%[3]       67%[3]        0%[3]       33%[3]       33%[3]        0%[3]            -       67%[3]
tide_deepwater           33%[3]       67%[3]       33%[3]        0%[3]       67%[3]       67%[3]        0%[3]       67%[3]       67%[3]       33%[3]       33%[3]      100%[3]       33%[3]            -

DECISION COST
side   policy                       decisions  mean ms   med ms   p95 ms   max ms   search: mean depth / fallbacks
a      scorer                           32968     4.83     4.16     9.00       58   0.00 / 0
b      scorer                           32630     4.86     4.17     9.07       43   0.00 / 0

wrote G:/Godot/Gamestorming/zenith/reports/tournament_2026-09-26/scorer_after/shard_3.tsv (546 matches)
wrote G:/Godot/Gamestorming/zenith/reports/tournament_2026-09-26/scorer_after/shard_3.json
