Godot Engine v4.6.2.stable.mono.official.71f334935 - https://godotengine.org

matchlab matrix shard 5 of 6: 546 matches
  a field: freestyle_swords, pyre_ascent, pyre_attrition, pyre_beatdown, root_seals, shade_henchmen, shade_mind_siege, shade_salvage, steel_beatdown, steel_heir, storm_unbound, storm_volley, tide_companions, tide_deepwater
  b field: freestyle_swords, pyre_ascent, pyre_attrition, pyre_beatdown, root_seals, shade_henchmen, shade_mind_siege, shade_salvage, steel_beatdown, steel_heir, storm_unbound, storm_volley, tide_companions, tide_deepwater
  a side : scorer
  b side : scorer
  flags  : --json=res://reports/tournament_2026-09-26/scorer_after/shard_4.json --mode=matrix --policy=scorer --progress=0 --repeats=9 --scenario=res://tests/scenarios/balance.json --seed=77 --shard=4/6 --styles=1 --tsv=res://reports/tournament_2026-09-26/scorer_after/shard_4.tsv

=== matchlab, 410s ===
side a: scorer
side b: scorer
546 matches, 0 unusable

RECORD  (both sides, scorer)
deck               played win% (95% range)       won by surv/seal/asc   lost to surv/seal/asc   turns
pyre_attrition         78  83.3% (73.5-90.0)                  17/0/48                  10/1/2     6.0
shade_mind_siege       78  78.2% (67.8-85.9)                   61/0/0                   9/2/6     7.0
steel_beatdown         78  76.9% (66.4-84.9)                   58/0/2                  11/1/6     5.4
freestyle_swords       78  60.3% (49.2-70.4)                   47/0/0                  29/0/2     7.1
pyre_beatdown          78  51.3% (40.4-62.1)                   39/0/1                  28/2/8     6.8
shade_henchmen         78  50.0% (39.2-60.8)                   39/0/0                  33/0/6     5.1
tide_deepwater         78  48.7% (37.9-59.6)                   38/0/0                  38/2/0     7.5
pyre_ascent            78  44.9% (34.3-55.9)                  11/0/24                  38/1/4     7.3
storm_volley           78  41.0% (30.8-52.1)                   32/0/0                 30/1/15     6.7
tide_companions        78  39.7% (29.6-50.8)                   31/0/0                  41/0/6     8.2
root_seals             78  38.5% (28.4-49.6)                  15/15/0                  42/1/5    14.1
storm_unbound          78  38.5% (28.4-49.6)                   27/0/3                 34/3/11     7.8
shade_salvage          78  26.9% (18.3-37.7)                   20/1/0                  51/1/5     7.4
steel_heir             78  21.8% (14.1-32.2)                   17/0/0                  58/1/2     6.7
all wins by route: 452/16/78

HOW CLOSE IT CAME WHEN IT LOST  (life cards left / Seals missing / share of the Fervor climb left)
deck               losses   own distance at the end      nearest route: surv/seal/asc
pyre_attrition         13     8.8 life / 7.0 seals /  64% asc   11/0/2
shade_mind_siege       17    11.6 life / 6.9 seals /  98% asc   17/0/0
steel_beatdown         18    17.9 life / 6.3 seals /  59% asc   15/0/3
freestyle_swords       31     1.0 life / 6.9 seals /  93% asc   31/0/0
pyre_beatdown          38     9.6 life / 6.9 seals /  70% asc   35/0/3
shade_henchmen         39     7.1 life / 6.8 seals /  98% asc   39/0/0
tide_deepwater         40     2.8 life / 6.7 seals / 100% asc   40/0/0
pyre_ascent            43     3.9 life / 6.9 seals /  63% asc   39/0/4
storm_volley           46    14.6 life / 6.8 seals / 100% asc   46/0/0
tide_companions        47     4.8 life / 6.9 seals /  93% asc   47/0/0
root_seals             48     5.0 life / 4.9 seals /  98% asc   47/1/0
storm_unbound          48    12.1 life / 7.0 seals /  84% asc   43/0/5
shade_salvage          57     2.8 life / 6.8 seals /  99% asc   57/0/0
steel_heir             61     0.8 life / 6.9 seals /  97% asc   61/0/0

WHAT IT HAD LEFT WHEN IT WON  (same three numbers, for the winner itself)
deck                 wins   own distance at the end
pyre_attrition         65    44.1 life / 6.8 seals /  29% asc
shade_mind_siege       61    39.4 life / 6.7 seals /  97% asc
steel_beatdown         60    43.8 life / 5.8 seals /  39% asc
freestyle_swords       47    34.4 life / 6.7 seals /  91% asc
pyre_beatdown          40    28.4 life / 6.6 seals /  56% asc
shade_henchmen         39    39.6 life / 6.3 seals /  88% asc
tide_deepwater         38    30.8 life / 5.7 seals /  96% asc
pyre_ascent            35    30.0 life / 6.4 seals /  32% asc
storm_volley           32    27.2 life / 6.0 seals / 100% asc
tide_companions        31    20.9 life / 6.8 seals /  94% asc
root_seals             30    22.6 life / 1.6 seals /  96% asc
storm_unbound          30    29.8 life / 6.5 seals /  56% asc
shade_salvage          21    26.7 life / 6.1 seals /  97% asc
steel_heir             17    16.1 life / 6.4 seals /  93% asc

MATCHUPS  (side a deck's win% against side b deck, n in brackets)
a \ b              freestyle_sw  pyre_ascent pyre_attriti pyre_beatdow   root_seals shade_henchm shade_mind_s shade_salvag steel_beatdo   steel_heir storm_unboun storm_volley tide_compani tide_deepwat
freestyle_swords              -      100%[3]       33%[3]        0%[3]      100%[3]       67%[3]        0%[3]       67%[3]       67%[3]       67%[3]       33%[3]       33%[3]       67%[3]      100%[3]
pyre_ascent              33%[3]            -       33%[3]       67%[3]       33%[3]       67%[3]        0%[3]       67%[3]       33%[3]       67%[3]       67%[3]      100%[3]       33%[3]       33%[3]
pyre_attrition           67%[3]       67%[3]            -      100%[3]      100%[3]      100%[3]      100%[3]      100%[3]       67%[3]      100%[3]      100%[3]      100%[3]      100%[3]      100%[3]
pyre_beatdown            33%[3]       67%[3]       33%[3]            -       67%[3]      100%[3]        0%[3]       33%[3]       67%[3]       67%[3]      100%[3]      100%[3]       33%[3]       67%[3]
root_seals               33%[3]       33%[3]       33%[3]       67%[3]            -        0%[3]       33%[3]       33%[3]       33%[3]       67%[3]      100%[3]        0%[3]      100%[3]       33%[3]
shade_henchmen            0%[3]      100%[3]       33%[3]       67%[3]      100%[3]            -        0%[3]      100%[3]        0%[3]       67%[3]      100%[3]       67%[3]       33%[3]       67%[3]
shade_mind_siege         67%[3]      100%[3]        0%[3]      100%[3]       33%[3]      100%[3]            -      100%[3]      100%[3]      100%[3]       67%[3]       67%[3]      100%[3]      100%[3]
shade_salvage            33%[3]      100%[3]       33%[3]        0%[3]      100%[3]        0%[3]        0%[3]            -        0%[3]       67%[3]        0%[3]        0%[3]       33%[3]        0%[3]
steel_beatdown           67%[3]       33%[3]       67%[3]      100%[3]      100%[3]      100%[3]       67%[3]      100%[3]            -      100%[3]       33%[3]      100%[3]      100%[3]      100%[3]
steel_heir                0%[3]        0%[3]        0%[3]        0%[3]       33%[3]       33%[3]        0%[3]        0%[3]        0%[3]            -      100%[3]       33%[3]        0%[3]       33%[3]
storm_unbound            33%[3]        0%[3]        0%[3]      100%[3]       33%[3]       33%[3]       33%[3]      100%[3]        0%[3]       67%[3]            -       67%[3]      100%[3]        0%[3]
storm_volley             33%[3]        0%[3]        0%[3]        0%[3]       67%[3]        0%[3]       33%[3]      100%[3]        0%[3]       67%[3]       33%[3]            -      100%[3]       67%[3]
tide_companions          33%[3]       67%[3]        0%[3]      100%[3]       33%[3]       67%[3]       33%[3]       67%[3]        0%[3]      100%[3]       67%[3]        0%[3]            -       33%[3]
tide_deepwater           33%[3]      100%[3]       67%[3]       33%[3]       67%[3]       67%[3]        0%[3]      100%[3]        0%[3]       33%[3]       67%[3]       67%[3]       67%[3]            -

DECISION COST
side   policy                       decisions  mean ms   med ms   p95 ms   max ms   search: mean depth / fallbacks
a      scorer                           32927     4.86     4.16     9.07       62   0.00 / 0
b      scorer                           32425     4.82     4.13     9.02       52   0.00 / 0

wrote G:/Godot/Gamestorming/zenith/reports/tournament_2026-09-26/scorer_after/shard_4.tsv (546 matches)
wrote G:/Godot/Gamestorming/zenith/reports/tournament_2026-09-26/scorer_after/shard_4.json
