Godot Engine v4.6.2.stable.mono.official.71f334935 - https://godotengine.org

matchlab matrix shard 2 of 6: 546 matches
  a field: freestyle_swords, pyre_ascent, pyre_attrition, pyre_beatdown, root_seals, shade_henchmen, shade_mind_siege, shade_salvage, steel_beatdown, steel_heir, storm_unbound, storm_volley, tide_companions, tide_deepwater
  b field: freestyle_swords, pyre_ascent, pyre_attrition, pyre_beatdown, root_seals, shade_henchmen, shade_mind_siege, shade_salvage, steel_beatdown, steel_heir, storm_unbound, storm_volley, tide_companions, tide_deepwater
  a side : scorer
  b side : scorer
  flags  : --json=res://reports/tournament_2026-09-26/scorer_after/shard_1.json --mode=matrix --policy=scorer --progress=0 --repeats=9 --scenario=res://tests/scenarios/balance.json --seed=77 --shard=1/6 --styles=1 --tsv=res://reports/tournament_2026-09-26/scorer_after/shard_1.tsv

=== matchlab, 409s ===
side a: scorer
side b: scorer
546 matches, 0 unusable

RECORD  (both sides, scorer)
deck               played win% (95% range)       won by surv/seal/asc   lost to surv/seal/asc   turns
pyre_attrition         78  87.2% (78.0-92.9)                  22/0/46                   8/1/1     5.9
shade_mind_siege       78  80.8% (70.7-88.0)                   63/0/0                   8/1/6     7.3
steel_beatdown         78  79.5% (69.2-87.0)                   61/0/1                  10/0/6     4.9
freestyle_swords       78  61.5% (50.4-71.6)                   47/0/1                  30/0/0     6.9
pyre_beatdown          78  59.0% (47.9-69.2)                   45/0/1                  26/0/6     7.0
shade_henchmen         78  50.0% (39.2-60.8)                   39/0/0                  31/0/8     5.8
tide_deepwater         78  46.2% (35.5-57.1)                   36/0/0                  42/0/0     7.3
pyre_ascent            78  43.6% (33.1-54.6)                  13/0/21                  42/0/2     7.0
tide_companions        78  39.7% (29.6-50.8)                   31/0/0                  40/0/7     7.6
storm_volley           78  38.5% (28.4-49.6)                   30/0/0                 33/2/13     6.7
storm_unbound          78  37.2% (27.3-48.3)                   27/0/2                 38/0/11     8.3
root_seals             78  26.9% (18.3-37.7)                   14/7/0                  53/0/4    13.6
steel_heir             78  26.9% (18.3-37.7)                   21/0/0                  55/1/1     6.4
shade_salvage          78  23.1% (15.1-33.6)                   18/0/0                  51/2/7     7.5
all wins by route: 467/7/72

HOW CLOSE IT CAME WHEN IT LOST  (life cards left / Seals missing / share of the Fervor climb left)
deck               losses   own distance at the end      nearest route: surv/seal/asc
pyre_attrition         10     9.9 life / 7.0 seals /  57% asc   8/0/2
shade_mind_siege       15    17.4 life / 6.9 seals /  98% asc   15/0/0
steel_beatdown         16    14.9 life / 6.3 seals /  52% asc   14/0/2
freestyle_swords       30     0.0 life / 6.9 seals /  95% asc   30/0/0
pyre_beatdown          32     8.8 life / 7.0 seals /  72% asc   31/0/1
shade_henchmen         39     8.6 life / 6.9 seals /  94% asc   39/0/0
tide_deepwater         42     1.0 life / 6.5 seals / 100% asc   42/0/0
pyre_ascent            44     2.1 life / 6.9 seals /  65% asc   43/0/1
tide_companions        47     4.7 life / 6.9 seals /  96% asc   47/0/0
storm_volley           48    11.9 life / 6.8 seals / 100% asc   48/0/0
storm_unbound          49    10.0 life / 6.9 seals /  90% asc   48/0/1
root_seals             57     4.5 life / 4.3 seals /  97% asc   55/2/0
steel_heir             57     0.7 life / 6.9 seals /  98% asc   57/0/0
shade_salvage          60     3.8 life / 6.8 seals /  97% asc   60/0/0

WHAT IT HAD LEFT WHEN IT WON  (same three numbers, for the winner itself)
deck                 wins   own distance at the end
pyre_attrition         68    43.8 life / 6.8 seals /  31% asc
shade_mind_siege       63    38.3 life / 6.7 seals /  96% asc
steel_beatdown         62    43.5 life / 5.8 seals /  40% asc
freestyle_swords       48    31.8 life / 6.9 seals /  90% asc
pyre_beatdown          46    23.6 life / 6.6 seals /  52% asc
shade_henchmen         39    37.4 life / 6.5 seals /  92% asc
tide_deepwater         36    30.7 life / 5.7 seals /  98% asc
pyre_ascent            34    31.6 life / 6.7 seals /  30% asc
tide_companions        31    27.7 life / 6.6 seals /  93% asc
storm_volley           30    24.6 life / 6.2 seals / 100% asc
storm_unbound          29    26.6 life / 6.5 seals /  58% asc
root_seals             21    24.0 life / 2.1 seals /  95% asc
steel_heir             21    16.2 life / 6.5 seals /  91% asc
shade_salvage          18    28.9 life / 6.5 seals /  94% asc

MATCHUPS  (side a deck's win% against side b deck, n in brackets)
a \ b              freestyle_sw  pyre_ascent pyre_attriti pyre_beatdow   root_seals shade_henchm shade_mind_s shade_salvag steel_beatdo   steel_heir storm_unboun storm_volley tide_compani tide_deepwat
freestyle_swords              -      100%[3]       67%[3]       33%[3]      100%[3]        0%[3]        0%[3]      100%[3]       33%[3]       67%[3]      100%[3]       67%[3]       67%[3]       67%[3]
pyre_ascent              33%[3]            -        0%[3]        0%[3]      100%[3]       33%[3]        0%[3]       67%[3]        0%[3]      100%[3]      100%[3]       33%[3]       33%[3]       33%[3]
pyre_attrition           67%[3]       67%[3]            -      100%[3]      100%[3]      100%[3]      100%[3]      100%[3]       33%[3]      100%[3]      100%[3]      100%[3]      100%[3]      100%[3]
pyre_beatdown             0%[3]       67%[3]       33%[3]            -       67%[3]       33%[3]       67%[3]       67%[3]        0%[3]      100%[3]      100%[3]       67%[3]       67%[3]      100%[3]
root_seals                0%[3]        0%[3]       33%[3]       33%[3]            -       33%[3]       33%[3]       67%[3]        0%[3]       67%[3]        0%[3]       67%[3]       33%[3]       33%[3]
shade_henchmen           33%[3]       67%[3]        0%[3]       67%[3]      100%[3]            -        0%[3]       33%[3]        0%[3]      100%[3]       33%[3]       67%[3]      100%[3]        0%[3]
shade_mind_siege        100%[3]       67%[3]       33%[3]       67%[3]      100%[3]      100%[3]            -       67%[3]       67%[3]      100%[3]       67%[3]      100%[3]      100%[3]      100%[3]
shade_salvage            33%[3]       67%[3]        0%[3]       33%[3]       67%[3]        0%[3]        0%[3]            -        0%[3]       33%[3]        0%[3]        0%[3]       33%[3]        0%[3]
steel_beatdown          100%[3]       33%[3]        0%[3]       33%[3]      100%[3]      100%[3]        0%[3]      100%[3]            -      100%[3]      100%[3]      100%[3]       67%[3]      100%[3]
steel_heir                0%[3]       33%[3]        0%[3]        0%[3]       67%[3]       33%[3]        0%[3]       67%[3]        0%[3]            -       67%[3]        0%[3]       67%[3]       33%[3]
storm_unbound            33%[3]        0%[3]        0%[3]       67%[3]       67%[3]        0%[3]       67%[3]       67%[3]       33%[3]       67%[3]            -       67%[3]       33%[3]       33%[3]
storm_volley             67%[3]       33%[3]        0%[3]       33%[3]        0%[3]       33%[3]        0%[3]       67%[3]        0%[3]       67%[3]       67%[3]            -        0%[3]       67%[3]
tide_companions          33%[3]       67%[3]       33%[3]       33%[3]       33%[3]       67%[3]        0%[3]       67%[3]        0%[3]       33%[3]       33%[3]        0%[3]            -       67%[3]
tide_deepwater            0%[3]      100%[3]        0%[3]       33%[3]      100%[3]       67%[3]        0%[3]      100%[3]        0%[3]       33%[3]      100%[3]       67%[3]       33%[3]            -

DECISION COST
side   policy                       decisions  mean ms   med ms   p95 ms   max ms   search: mean depth / fallbacks
a      scorer                           32791     4.83     4.15     9.00       59   0.00 / 0
b      scorer                           32623     4.83     4.15     8.99       48   0.00 / 0

wrote G:/Godot/Gamestorming/zenith/reports/tournament_2026-09-26/scorer_after/shard_1.tsv (546 matches)
wrote G:/Godot/Gamestorming/zenith/reports/tournament_2026-09-26/scorer_after/shard_1.json
