Godot Engine v4.6.2.stable.mono.official.71f334935 - https://godotengine.org

ERROR: Failed to read the root certificate store.
   at: get_system_ca_certificates (platform/windows/os_windows.cpp:2570)
[DataManager] PackLoader: loading packs from F:/dev/Pf2e.Core/Data/pf2e-source/packs/pf2e
[DataManager] PackLoader: skipped raja-rakshasa.json (JsonException: The JSON value could not be converted to System.Int32. Path: $.splashDamage.value | LineNumber: 64 | BytePositionInLine: 33.)
[DataManager] PackLoader: skipped 1 malformed creature file(s)
[DataManager] PackLoader: loaded 40 conditions, 1795 spells, 1268 equipment, 658 creatures
[DataManager] Ready — 40 conditions, 1795 spells, 1268 equipment, 658 creatures, 6810 feat entries indexed
==================== CreatureFootprintSpike ====================
  [PASS] width 1 centers over all occupied tiles
  [PASS] width 2 centers over all occupied tiles
  [PASS] width 3 centers over all occupied tiles
  [PASS] width 4 centers over all occupied tiles
  [PASS] width 1 samples ground at its footprint center
  [PASS] width 2 samples ground at its footprint center
  [PASS] width 3 samples ground at its footprint center
  [PASS] width 4 samples ground at its footprint center
  [PASS] even center includes surface at 2,3
  [PASS] even center includes surface at 3,3
  [PASS] even center includes surface at 2,4
  [PASS] even center includes surface at 3,4
  [PASS] below-zero terrain does not clamp an even footprint to sea level
  [PASS] even center uses only touching corners, not distant corners or whole-tile heights
  [PASS] odd footprints sample slope centers rather than the highest corner
  [PASS] width 1 ring has independent footprint geometry
  [PASS] width 2 ring has independent footprint geometry
  [PASS] width 3 ring has independent footprint geometry
  [PASS] width 4 ring has independent footprint geometry
  [PASS] sizing instances does not resize the shared scene mesh
  [PASS] width 1 turn pulse preserves its base radius
  [PASS] width 2 turn pulse preserves its base radius
  [PASS] width 3 turn pulse preserves its base radius
  [PASS] width 4 turn pulse preserves its base radius
  [PASS] width 1 deactivation restores scale without shrinking footprint
  [PASS] width 2 deactivation restores scale without shrinking footprint
  [PASS] width 3 deactivation restores scale without shrinking footprint
  [PASS] width 4 deactivation restores scale without shrinking footprint
  [PASS] monitor retains its authored contact anchor and pixel scale
  [PASS] monitor unflipped contact lands on root origin
  [PASS] monitor flipped contact lands on root origin
  [PASS] monitor reverses its horizontal offset when flipped
  [PASS] monitor HP reference excludes transparent headroom
  [PASS] monitor contact row is at ground height
  [PASS] monitor attack holds HP reference height
  [PASS] beetle retains its authored contact anchor and pixel scale
  [PASS] beetle unflipped contact lands on root origin
  [PASS] beetle flipped contact lands on root origin
  [PASS] beetle reverses its horizontal offset when flipped
  [PASS] beetle HP reference excludes transparent headroom
  [PASS] beetle contact row is at ground height
  [PASS] beetle attack holds HP reference height
  [PASS] real Giant Stag Beetle pack entry loads
  [PASS] real beetle occupies a Large two-tile footprint
  [PASS] Large token spawns centered over its occupied square
  [PASS] UnitVisual ready applies the Large ring radius
  [PASS] actual HP bar is above visible art, not transparent padding
  [PASS] Large movement segment lands at destination footprint center and elevation
  [PASS] movement completion does not jump back by half a tile
  [PASS] Large slide path also uses footprint center
  [PASS] authoritative reconciliation uses Large center after interrupted or corrected movement
---------------------------------------------------------
[CreatureFootprintSpike] checks: 51, failures: 0
SPIKE RESULT: PASS
