Godot Engine v4.6.2.stable.mono.official.71f334935 - https://godotengine.org
Vulkan 1.4.341 - Forward+ - Using Device #0: NVIDIA - NVIDIA GeForce RTX 3080 Ti

ERROR: Failed to read the root certificate store.
   at: get_system_ca_certificates (platform/windows/os_windows.cpp:2570)
[DataManager] PackLoader: loading packs from F:/dev/Pf2e.Core/Data/pf2e-source/packs/pf2e
[DataManager] PackLoader: skipped raja-rakshasa.json (JsonException: The JSON value could not be converted to System.Int32. Path: $.splashDamage.value | LineNumber: 64 | BytePositionInLine: 33.)
[DataManager] PackLoader: skipped 1 malformed creature file(s)
[DataManager] PackLoader: loaded 40 conditions, 1795 spells, 1268 equipment, 658 creatures
[DataManager] Ready — 40 conditions, 1795 spells, 1268 equipment, 658 creatures, 6810 feat entries indexed
==================== CreatureSilhouetteSpike ====================
ERROR: Condition "f.is_null()" is true.
   at: _save_to_cache (servers/rendering/renderer_rd/shader_rd.cpp:516)
  [PASS] unobstructed sprite pixels stay unchanged
  [PASS] angle 0: hidden body gains a silhouette
  [PASS] angle 0: overlay changes only pixels behind the obstacle
  [PASS] angle 1: hidden body gains a silhouette
  [PASS] angle 1: overlay changes only pixels behind the obstacle
  [PASS] angle 2: hidden body gains a silhouette
  [PASS] angle 2: overlay changes only pixels behind the obstacle
  [PASS] frozen attack silhouette samples the current pose
  [PASS] silhouette follows body fade
  [PASS] freeing sprites releases pre-draw callbacks
---------------------------------------------------------
[CreatureSilhouetteSpike] checks: 10, failures: 0
SPIKE RESULT: PASS
