Godot Engine v4.6.2.stable.mono.official.71f334935 - https://godotengine.org
Vulkan 1.4.341 - Forward+ - Using Device #0: NVIDIA - NVIDIA GeForce RTX 3080 Ti

ERROR: Failed to read the root certificate store.
   at: get_system_ca_certificates (platform/windows/os_windows.cpp:2570)
[DataManager] PackLoader: loading packs from F:/dev/Pf2e.Core/Data/pf2e-source/packs/pf2e
[DataManager] PackLoader: skipped raja-rakshasa.json (JsonException: The JSON value could not be converted to System.Int32. Path: $.splashDamage.value | LineNumber: 64 | BytePositionInLine: 33.)
[DataManager] PackLoader: skipped 1 malformed creature file(s)
[DataManager] PackLoader: loaded 40 conditions, 1795 spells, 1268 equipment, 658 creatures
[DataManager] Ready — 40 conditions, 1795 spells, 1268 equipment, 658 creatures, 6810 feat entries indexed
==================== COMBAT SHOT SPIKE ====================
[CombatTest] generated 'forest' map 22x24 seed 20260804 (4 party / 12 enemy anchors).
ERROR: Condition "f.is_null()" is true.
   at: _save_to_cache (servers/rendering/renderer_rd/shader_rd.cpp:516)
  [PASS] forest outskirts have two mist layers
[combatshot] spike ready
[combatshot] combat_shot.png: Ok (G:/Godot/Gamestorming/delve/design/fringe-sprite-review/silhouette/combat_shot.png)
  [PASS] combat_shot.png saved
  [PASS] movement bands show on the player's Idle turn (596 markers)
[combatshot] combat_shot_move_hover.png: Ok (G:/Godot/Gamestorming/delve/design/fringe-sprite-review/silhouette/combat_shot_move_hover.png)
  [PASS] combat_shot_move_hover.png saved
[combatshot] combat_shot_bands_slope.png: Ok (G:/Godot/Gamestorming/delve/design/fringe-sprite-review/silhouette/combat_shot_bands_slope.png)
  [PASS] combat_shot_bands_slope.png saved
  [PASS] preview has 12 enemy species
[combatshot] enemy_bases_closeup.png: Ok (G:/Godot/Gamestorming/delve/design/fringe-sprite-review/silhouette/enemy_bases_closeup.png)
  [PASS] enemy_bases_closeup.png saved
  [PASS] 11 species start attack clips
  [PASS] 11 attack accents accompany the contact poses
[combatshot] enemy_attacks_contact.png: Ok (G:/Godot/Gamestorming/delve/design/fringe-sprite-review/silhouette/enemy_attacks_contact.png)
  [PASS] enemy_attacks_contact.png saved
  [PASS] attack accents free themselves after recovery
[combatshot] enemy_attacks_recovered.png: Ok (G:/Godot/Gamestorming/delve/design/fringe-sprite-review/silhouette/enemy_attacks_recovered.png)
  [PASS] enemy_attacks_recovered.png saved
[combatshot] giant_rat_idle.png: Ok (G:/Godot/Gamestorming/delve/design/fringe-sprite-review/silhouette/giant_rat_idle.png)
  [PASS] giant_rat_idle.png saved
[combatshot] goblin_warrior_idle.png: Ok (G:/Godot/Gamestorming/delve/design/fringe-sprite-review/silhouette/goblin_warrior_idle.png)
  [PASS] goblin_warrior_idle.png saved
[combatshot] goblin_warrior_contact.png: Ok (G:/Godot/Gamestorming/delve/design/fringe-sprite-review/silhouette/goblin_warrior_contact.png)
  [PASS] goblin_warrior_contact.png saved
[combatshot] kobold_warrior_idle.png: Ok (G:/Godot/Gamestorming/delve/design/fringe-sprite-review/silhouette/kobold_warrior_idle.png)
  [PASS] kobold_warrior_idle.png saved
[combatshot] kobold_warrior_contact.png: Ok (G:/Godot/Gamestorming/delve/design/fringe-sprite-review/silhouette/kobold_warrior_contact.png)
  [PASS] kobold_warrior_contact.png saved
[combatshot] wolf_idle.png: Ok (G:/Godot/Gamestorming/delve/design/fringe-sprite-review/silhouette/wolf_idle.png)
  [PASS] wolf_idle.png saved
[combatshot] wolf_contact.png: Ok (G:/Godot/Gamestorming/delve/design/fringe-sprite-review/silhouette/wolf_contact.png)
  [PASS] wolf_contact.png saved
[combatshot] viper_idle.png: Ok (G:/Godot/Gamestorming/delve/design/fringe-sprite-review/silhouette/viper_idle.png)
  [PASS] viper_idle.png saved
[combatshot] viper_contact.png: Ok (G:/Godot/Gamestorming/delve/design/fringe-sprite-review/silhouette/viper_contact.png)
  [PASS] viper_contact.png saved
[combatshot] hunting_spider_idle.png: Ok (G:/Godot/Gamestorming/delve/design/fringe-sprite-review/silhouette/hunting_spider_idle.png)
  [PASS] hunting_spider_idle.png saved
[combatshot] hunting_spider_contact.png: Ok (G:/Godot/Gamestorming/delve/design/fringe-sprite-review/silhouette/hunting_spider_contact.png)
  [PASS] hunting_spider_contact.png saved
[combatshot] boar_idle.png: Ok (G:/Godot/Gamestorming/delve/design/fringe-sprite-review/silhouette/boar_idle.png)
  [PASS] boar_idle.png saved
[combatshot] boar_contact.png: Ok (G:/Godot/Gamestorming/delve/design/fringe-sprite-review/silhouette/boar_contact.png)
  [PASS] boar_contact.png saved
[combatshot] giant_viper_idle.png: Ok (G:/Godot/Gamestorming/delve/design/fringe-sprite-review/silhouette/giant_viper_idle.png)
  [PASS] giant_viper_idle.png saved
[combatshot] giant_viper_contact.png: Ok (G:/Godot/Gamestorming/delve/design/fringe-sprite-review/silhouette/giant_viper_contact.png)
  [PASS] giant_viper_contact.png saved
[combatshot] giant_monitor_lizard_idle.png: Ok (G:/Godot/Gamestorming/delve/design/fringe-sprite-review/silhouette/giant_monitor_lizard_idle.png)
  [PASS] giant_monitor_lizard_idle.png saved
[combatshot] giant_monitor_lizard_contact.png: Ok (G:/Godot/Gamestorming/delve/design/fringe-sprite-review/silhouette/giant_monitor_lizard_contact.png)
  [PASS] giant_monitor_lizard_contact.png saved
[combatshot] dire_wolf_idle.png: Ok (G:/Godot/Gamestorming/delve/design/fringe-sprite-review/silhouette/dire_wolf_idle.png)
  [PASS] dire_wolf_idle.png saved
[combatshot] dire_wolf_contact.png: Ok (G:/Godot/Gamestorming/delve/design/fringe-sprite-review/silhouette/dire_wolf_contact.png)
  [PASS] dire_wolf_contact.png saved
[combatshot] grizzly_bear_idle.png: Ok (G:/Godot/Gamestorming/delve/design/fringe-sprite-review/silhouette/grizzly_bear_idle.png)
  [PASS] grizzly_bear_idle.png saved
[combatshot] grizzly_bear_contact.png: Ok (G:/Godot/Gamestorming/delve/design/fringe-sprite-review/silhouette/grizzly_bear_contact.png)
  [PASS] grizzly_bear_contact.png saved
[combatshot] giant_stag_beetle_idle.png: Ok (G:/Godot/Gamestorming/delve/design/fringe-sprite-review/silhouette/giant_stag_beetle_idle.png)
  [PASS] giant_stag_beetle_idle.png saved
[combatshot] giant_stag_beetle_contact.png: Ok (G:/Godot/Gamestorming/delve/design/fringe-sprite-review/silhouette/giant_stag_beetle_contact.png)
  [PASS] giant_stag_beetle_contact.png saved
[combatshot] combat_shot_alt.png: Ok (G:/Godot/Gamestorming/delve/design/fringe-sprite-review/silhouette/combat_shot_alt.png)
  [PASS] combat_shot_alt.png saved
[combatshot] combat_shot_horizon.png: Ok (G:/Godot/Gamestorming/delve/design/fringe-sprite-review/silhouette/combat_shot_horizon.png)
  [PASS] combat_shot_horizon.png saved
[combatshot] combat_shot_low_a.png: Ok (G:/Godot/Gamestorming/delve/design/fringe-sprite-review/silhouette/combat_shot_low_a.png)
  [PASS] combat_shot_low_a.png saved
[combatshot] combat_shot_low_b.png: Ok (G:/Godot/Gamestorming/delve/design/fringe-sprite-review/silhouette/combat_shot_low_b.png)
  [PASS] combat_shot_low_b.png saved
[combatshot] combat_shot_flyout.png: Ok (G:/Godot/Gamestorming/delve/design/fringe-sprite-review/silhouette/combat_shot_flyout.png)
  [PASS] combat_shot_flyout.png saved
[combatshot] combat_shot_skills.png: Ok (G:/Godot/Gamestorming/delve/design/fringe-sprite-review/silhouette/combat_shot_skills.png)
  [PASS] combat_shot_skills.png saved
[combatshot] combat_log_compact.png: Ok (G:/Godot/Gamestorming/delve/design/fringe-sprite-review/silhouette/combat_log_compact.png)
  [PASS] combat_log_compact.png saved
[combatshot] combat_log_entry_expanded.png: Ok (G:/Godot/Gamestorming/delve/design/fringe-sprite-review/silhouette/combat_log_entry_expanded.png)
  [PASS] combat_log_entry_expanded.png saved
[combatshot] combat_log_history.png: Ok (G:/Godot/Gamestorming/delve/design/fringe-sprite-review/silhouette/combat_log_history.png)
  [PASS] combat_log_history.png saved
[combatshot] combat_dice_roll.png: Ok (G:/Godot/Gamestorming/delve/design/fringe-sprite-review/silhouette/combat_dice_roll.png)
  [PASS] combat_dice_roll.png saved
---------------------------------------------------------
[CombatShotSpike] checks: 45, failures: 0
SPIKE RESULT: PASS
