Godot Engine v4.6.2.stable.mono.official.71f334935 - https://godotengine.org

matchlab matrix shard 1 of 6: 61 matches
  a field: freestyle_swords, pyre_ascent, pyre_attrition, pyre_beatdown, root_seals, shade_henchmen, shade_mind_siege, shade_salvage, steel_beatdown, steel_heir, storm_unbound, storm_volley, tide_companions, tide_deepwater
  b field: freestyle_swords, pyre_ascent, pyre_attrition, pyre_beatdown, root_seals, shade_henchmen, shade_mind_siege, shade_salvage, steel_beatdown, steel_heir, storm_unbound, storm_volley, tide_companions, tide_deepwater
  a side : search / budget_ms=600
  b side : search / budget_ms=600
  flags  : --budget=600 --json=res://reports/tournament_2026-09-26/search_after/shard_0.json --mode=matrix --policy=search --progress=0 --repeats=1 --scenario=res://tests/scenarios/balance.json --seed=77 --shard=0/6 --styles=1 --tsv=res://reports/tournament_2026-09-26/search_after/shard_0.tsv

=== matchlab, 3524s ===
side a: search / budget_ms=600
side b: search / budget_ms=600
61 matches, 0 unusable

RECORD  (both sides, search / budget_ms=600)
deck               played win% (95% range)       won by surv/seal/asc   lost to surv/seal/asc   turns
shade_mind_siege        9 100.0% (70.1-100.0)                   9/0/0                   0/0/0     7.6
steel_beatdown          8  87.5% (52.9-97.8)                    7/0/0                   1/0/0     5.1
freestyle_swords        9  77.8% (45.3-93.7)                    7/0/0                   2/0/0     8.3
pyre_attrition          8  75.0% (40.9-92.9)                    4/0/2                   2/0/0     7.8
shade_henchmen          8  75.0% (40.9-92.9)                    6/0/0                   1/0/1     6.3
storm_volley            8  50.0% (21.5-78.5)                    4/0/0                   3/0/1     9.4
pyre_ascent             9  44.4% (18.9-73.3)                    1/0/3                   5/0/0     5.7
pyre_beatdown           9  44.4% (18.9-73.3)                    4/0/0                   3/1/1     8.1
root_seals              9  44.4% (18.9-73.3)                    2/2/0                   4/0/1    16.7
storm_unbound           9  44.4% (18.9-73.3)                    4/0/0                   5/0/0     9.3
shade_salvage           9  22.2% ( 6.3-54.7)                    2/0/0                   7/0/0     6.6
tide_deepwater          9  22.2% ( 6.3-54.7)                    2/0/0                   7/0/0     6.7
steel_heir              9  11.1% ( 2.0-43.5)                    1/0/0                   8/0/0     7.7
tide_companions         9  11.1% ( 2.0-43.5)                    1/0/0                   6/1/1     9.7
all wins by route: 54/2/5

HOW CLOSE IT CAME WHEN IT LOST  (life cards left / Seals missing / share of the Fervor climb left)
deck               losses   own distance at the end      nearest route: surv/seal/asc
shade_mind_siege        0     0.0 life / 0.0 seals /   0% asc   0/0/0
steel_beatdown          1     2.0 life / 7.0 seals /  60% asc   1/0/0
freestyle_swords        2     0.0 life / 7.0 seals / 100% asc   2/0/0
pyre_attrition          2     0.0 life / 7.0 seals /  74% asc   2/0/0
shade_henchmen          2    17.0 life / 6.0 seals /  90% asc   2/0/0
storm_volley            4    12.0 life / 6.3 seals / 100% asc   4/0/0
pyre_ascent             5     0.6 life / 6.8 seals /  69% asc   5/0/0
pyre_beatdown           5    14.6 life / 7.0 seals /  77% asc   4/0/1
root_seals              5    12.2 life / 3.8 seals /  94% asc   4/1/0
storm_unbound           5     0.4 life / 6.6 seals /  83% asc   5/0/0
shade_salvage           7     0.6 life / 7.0 seals /  99% asc   7/0/0
tide_deepwater          7     1.6 life / 6.3 seals /  98% asc   7/0/0
steel_heir              8     0.4 life / 6.9 seals /  99% asc   8/0/0
tide_companions         8     6.4 life / 7.0 seals /  98% asc   8/0/0

WHAT IT HAD LEFT WHEN IT WON  (same three numbers, for the winner itself)
deck                 wins   own distance at the end
shade_mind_siege        9    37.9 life / 6.9 seals / 100% asc
steel_beatdown          7    48.7 life / 6.4 seals /  41% asc
freestyle_swords        7    20.6 life / 6.7 seals /  95% asc
pyre_attrition          6    42.5 life / 7.0 seals /  35% asc
shade_henchmen          6    36.3 life / 5.7 seals /  88% asc
storm_volley            4    14.0 life / 7.0 seals / 100% asc
pyre_ascent             4    42.3 life / 7.0 seals /  35% asc
pyre_beatdown           4    29.0 life / 7.0 seals /  66% asc
root_seals              4    37.8 life / 1.5 seals /  95% asc
storm_unbound           4    32.8 life / 6.8 seals /  65% asc
shade_salvage           2    41.5 life / 6.5 seals /  98% asc
tide_deepwater          2    46.5 life / 6.5 seals / 100% asc
steel_heir              1    57.0 life / 7.0 seals / 100% asc
tide_companions         1     5.0 life / 7.0 seals /  93% asc

MATCHUPS  (side a deck's win% against side b deck, n in brackets)
a \ b              freestyle_sw  pyre_ascent pyre_attriti pyre_beatdow   root_seals shade_henchm shade_mind_s shade_salvag steel_beatdo   steel_heir storm_unboun storm_volley tide_compani tide_deepwat
freestyle_swords              -      100%[1]            -            -      100%[1]            -            -      100%[1]            -            -      100%[1]            -            -        0%[1]
pyre_ascent                   -            -            -      100%[1]            -            -        0%[1]            -            -      100%[1]            -            -      100%[1]            -
pyre_attrition                -      100%[1]            -            -            -        0%[1]            -            -        0%[1]            -            -      100%[1]            -            -
pyre_beatdown             0%[1]            -            -            -        0%[1]            -            -      100%[1]            -            -        0%[1]            -            -      100%[1]
root_seals                    -            -        0%[1]            -            -            -        0%[1]            -            -      100%[1]            -            -      100%[1]            -
shade_henchmen                -        0%[1]            -            -      100%[1]            -            -            -      100%[1]            -            -      100%[1]            -            -
shade_mind_siege        100%[1]            -            -      100%[1]            -            -            -      100%[1]            -            -      100%[1]            -            -      100%[1]
shade_salvage                 -            -        0%[1]            -            -        0%[1]            -            -            -      100%[1]            -            -      100%[1]            -
steel_beatdown                -      100%[1]            -            -      100%[1]            -            -      100%[1]            -            -            -      100%[1]            -            -
steel_heir                0%[1]            -            -        0%[1]            -            -        0%[1]            -            -            -        0%[1]            -            -        0%[1]
storm_unbound                 -            -        0%[1]            -            -      100%[1]            -            -        0%[1]            -            -            -      100%[1]            -
storm_volley                  -      100%[1]            -            -        0%[1]            -            -      100%[1]            -            -      100%[1]            -            -            -
tide_companions           0%[1]            -            -        0%[1]            -            -        0%[1]            -            -        0%[1]            -            -            -      100%[1]
tide_deepwater                -            -        0%[1]            -            -        0%[1]            -            -        0%[1]            -            -        0%[1]            -            -

DECISION COST
side   policy                       decisions  mean ms   med ms   p95 ms   max ms   search: mean depth / fallbacks
a      search / budget_ms=600            3668   507.95   601.45   605.30      616   1.81 / 7
       search stops: { "time_budget": 2997, "completed": 357 }
b      search / budget_ms=600            3305   498.94   601.39   605.22      625   1.84 / 5
       search stops: { "time_budget": 2627, "completed": 375 }

wrote G:/Godot/Gamestorming/zenith/reports/tournament_2026-09-26/search_after/shard_0.tsv (61 matches)
wrote G:/Godot/Gamestorming/zenith/reports/tournament_2026-09-26/search_after/shard_0.json
