Godot Engine v4.6.2.stable.mono.official.71f334935 - https://godotengine.org

matchlab matrix shard 6 of 6: 60 matches
  a field: freestyle_swords, pyre_ascent, pyre_attrition, pyre_beatdown, root_seals, shade_henchmen, shade_mind_siege, shade_salvage, steel_beatdown, steel_heir, storm_unbound, storm_volley, tide_companions, tide_deepwater
  b field: freestyle_swords, pyre_ascent, pyre_attrition, pyre_beatdown, root_seals, shade_henchmen, shade_mind_siege, shade_salvage, steel_beatdown, steel_heir, storm_unbound, storm_volley, tide_companions, tide_deepwater
  a side : search / budget_ms=600
  b side : search / budget_ms=600
  flags  : --budget=600 --json=res://reports/tournament_2026-09-26/search_after/shard_5.json --mode=matrix --policy=search --progress=0 --repeats=1 --scenario=res://tests/scenarios/balance.json --seed=77 --shard=5/6 --styles=1 --tsv=res://reports/tournament_2026-09-26/search_after/shard_5.tsv

=== matchlab, 3534s ===
side a: search / budget_ms=600
side b: search / budget_ms=600
60 matches, 0 unusable

RECORD  (both sides, search / budget_ms=600)
deck               played win% (95% range)       won by surv/seal/asc   lost to surv/seal/asc   turns
steel_beatdown         10 100.0% (72.2-100.0)                  10/0/0                   0/0/0     5.6
pyre_beatdown           8  75.0% (40.9-92.9)                    6/0/0                   2/0/0     7.3
root_seals              8  75.0% (40.9-92.9)                    2/4/0                   2/0/0    17.1
tide_deepwater          8  75.0% (40.9-92.9)                    6/0/0                   1/1/0     8.9
freestyle_swords        8  62.5% (30.6-86.3)                    5/0/0                   3/0/0     6.1
shade_mind_siege        8  62.5% (30.6-86.3)                    5/0/0                   2/0/1     6.3
pyre_ascent             8  50.0% (21.5-78.5)                    1/0/3                   3/1/0     7.9
storm_volley           10  50.0% (23.7-76.3)                    5/0/0                   4/0/1     8.2
pyre_attrition         10  40.0% (16.8-68.7)                    2/0/2                   5/1/0     8.4
tide_companions         8  37.5% (13.7-69.4)                    3/0/0                   5/0/0     7.4
shade_henchmen         10  30.0% (10.8-60.3)                    3/0/0                   6/0/1     6.2
steel_heir              8  25.0% ( 7.1-59.1)                    2/0/0                   6/0/0     5.4
storm_unbound           8  12.5% ( 2.2-47.1)                    1/0/0                   5/1/1     8.8
shade_salvage           8   0.0% ( 0.0-32.4)                    0/0/0                   7/0/1     9.0
all wins by route: 51/4/5

HOW CLOSE IT CAME WHEN IT LOST  (life cards left / Seals missing / share of the Fervor climb left)
deck               losses   own distance at the end      nearest route: surv/seal/asc
steel_beatdown          0     0.0 life / 0.0 seals /   0% asc   0/0/0
pyre_beatdown           2     0.0 life / 7.0 seals /  77% asc   2/0/0
root_seals              2     3.0 life / 5.5 seals /  96% asc   2/0/0
tide_deepwater          2    12.5 life / 6.0 seals / 100% asc   2/0/0
freestyle_swords        3     0.0 life / 7.0 seals /  91% asc   3/0/0
shade_mind_siege        3    13.0 life / 7.0 seals /  97% asc   3/0/0
pyre_ascent             4     4.5 life / 7.0 seals /  69% asc   4/0/0
storm_volley            5    12.2 life / 6.6 seals / 100% asc   5/0/0
pyre_attrition          6     8.5 life / 7.0 seals /  57% asc   5/0/1
tide_companions         5     0.0 life / 7.0 seals / 100% asc   5/0/0
shade_henchmen          7    10.9 life / 7.0 seals / 100% asc   7/0/0
steel_heir              6     0.5 life / 6.8 seals / 100% asc   6/0/0
storm_unbound           7     5.6 life / 7.0 seals /  86% asc   7/0/0
shade_salvage           8     3.3 life / 6.8 seals /  96% asc   8/0/0

WHAT IT HAD LEFT WHEN IT WON  (same three numbers, for the winner itself)
deck                 wins   own distance at the end
steel_beatdown         10    46.1 life / 6.4 seals /  42% asc
pyre_beatdown           6    32.2 life / 7.0 seals /  39% asc
root_seals              6    32.2 life / 0.8 seals /  92% asc
tide_deepwater          6    26.3 life / 5.5 seals /  97% asc
freestyle_swords        5    32.6 life / 7.0 seals /  90% asc
shade_mind_siege        5    28.6 life / 7.0 seals /  98% asc
pyre_ascent             4    38.5 life / 7.0 seals /  43% asc
storm_volley            5    36.8 life / 5.8 seals / 100% asc
pyre_attrition          4    28.5 life / 7.0 seals /  40% asc
tide_companions         3    30.7 life / 7.0 seals /  98% asc
shade_henchmen          3    41.0 life / 6.7 seals /  96% asc
steel_heir              2    20.5 life / 7.0 seals /  91% asc
storm_unbound           1    35.0 life / 6.0 seals /  40% asc
shade_salvage           0     0.0 life / 0.0 seals /   0% asc

MATCHUPS  (side a deck's win% against side b deck, n in brackets)
a \ b              freestyle_sw  pyre_ascent pyre_attriti pyre_beatdow   root_seals shade_henchm shade_mind_s shade_salvag steel_beatdo   steel_heir storm_unboun storm_volley tide_compani tide_deepwat
freestyle_swords              -            -            -        0%[1]            -            -      100%[1]            -            -      100%[1]            -            -        0%[1]            -
pyre_ascent                   -            -        0%[1]            -            -      100%[1]            -            -        0%[1]            -            -      100%[1]            -            -
pyre_attrition            0%[1]            -            -            -        0%[1]            -            -      100%[1]            -            -      100%[1]            -            -        0%[1]
pyre_beatdown                 -            -      100%[1]            -            -            -        0%[1]            -            -      100%[1]            -            -      100%[1]            -
root_seals                    -      100%[1]            -            -            -      100%[1]            -            -        0%[1]            -            -        0%[1]            -            -
shade_henchmen            0%[1]            -            -        0%[1]            -            -            -      100%[1]            -            -      100%[1]            -            -        0%[1]
shade_mind_siege              -            -        0%[1]            -            -      100%[1]            -            -            -      100%[1]            -            -      100%[1]            -
shade_salvage                 -        0%[1]            -            -        0%[1]            -            -            -        0%[1]            -            -        0%[1]            -            -
steel_beatdown          100%[1]            -            -      100%[1]            -            -      100%[1]            -            -            -      100%[1]            -            -      100%[1]
steel_heir                    -            -      100%[1]            -            -        0%[1]            -            -        0%[1]            -            -            -      100%[1]            -
storm_unbound                 -        0%[1]            -            -        0%[1]            -            -      100%[1]            -            -            -        0%[1]            -            -
storm_volley              0%[1]            -            -        0%[1]            -            -        0%[1]            -            -      100%[1]            -            -            -        0%[1]
tide_companions               -            -      100%[1]            -            -      100%[1]            -            -        0%[1]            -            -        0%[1]            -            -
tide_deepwater                -      100%[1]            -            -        0%[1]            -            -      100%[1]            -            -      100%[1]            -            -            -

DECISION COST
side   policy                       decisions  mean ms   med ms   p95 ms   max ms   search: mean depth / fallbacks
a      search / budget_ms=600            3413   501.00   601.38   605.10      622   1.84 / 3
       search stops: { "time_budget": 2738, "completed": 369 }
b      search / budget_ms=600            3586   505.55   601.41   605.64      617   1.90 / 9
       search stops: { "completed": 397, "time_budget": 2886 }

wrote G:/Godot/Gamestorming/zenith/reports/tournament_2026-09-26/search_after/shard_5.tsv (60 matches)
wrote G:/Godot/Gamestorming/zenith/reports/tournament_2026-09-26/search_after/shard_5.json
