Godot Engine v4.6.2.stable.mono.official.71f334935 - https://godotengine.org

matchlab matrix shard 5 of 6: 60 matches
  a field: freestyle_swords, pyre_ascent, pyre_attrition, pyre_beatdown, root_seals, shade_henchmen, shade_mind_siege, shade_salvage, steel_beatdown, steel_heir, storm_unbound, storm_volley, tide_companions, tide_deepwater
  b field: freestyle_swords, pyre_ascent, pyre_attrition, pyre_beatdown, root_seals, shade_henchmen, shade_mind_siege, shade_salvage, steel_beatdown, steel_heir, storm_unbound, storm_volley, tide_companions, tide_deepwater
  a side : search / budget_ms=600
  b side : search / budget_ms=600
  flags  : --budget=600 --json=res://reports/tournament_2026-09-26/search_after/shard_4.json --mode=matrix --policy=search --progress=0 --repeats=1 --scenario=res://tests/scenarios/balance.json --seed=77 --shard=4/6 --styles=1 --tsv=res://reports/tournament_2026-09-26/search_after/shard_4.tsv

=== matchlab, 3663s ===
side a: search / budget_ms=600
side b: search / budget_ms=600
60 matches, 0 unusable

RECORD  (both sides, search / budget_ms=600)
deck               played win% (95% range)       won by surv/seal/asc   lost to surv/seal/asc   turns
steel_beatdown         10  90.0% (59.6-98.2)                    9/0/0                   1/0/0     6.1
pyre_attrition         10  80.0% (49.0-94.3)                    4/0/4                   1/1/0     7.7
freestyle_swords        8  75.0% (40.9-92.9)                    6/0/0                   2/0/0     6.1
root_seals              8  62.5% (30.6-86.3)                    2/3/0                   3/0/0    20.0
shade_mind_siege        8  62.5% (30.6-86.3)                    5/0/0                   2/0/1     6.5
shade_henchmen         10  60.0% (31.3-83.2)                    6/0/0                   3/1/0     6.5
tide_deepwater          8  50.0% (21.5-78.5)                    4/0/0                   4/0/0    10.8
storm_volley           10  40.0% (16.8-68.7)                    4/0/0                   5/0/1     7.7
pyre_beatdown           8  37.5% (13.7-69.4)                    3/0/0                   4/0/1     6.1
steel_heir              8  37.5% (13.7-69.4)                    3/0/0                   5/0/0     5.4
storm_unbound           8  37.5% (13.7-69.4)                    3/0/0                   4/0/1     9.9
shade_salvage           8  25.0% ( 7.1-59.1)                    2/0/0                   4/1/1     7.9
pyre_ascent             8  12.5% ( 2.2-47.1)                    0/0/1                   7/0/0     9.1
tide_companions         8  12.5% ( 2.2-47.1)                    1/0/0                   7/0/0     6.8
all wins by route: 52/3/5

HOW CLOSE IT CAME WHEN IT LOST  (life cards left / Seals missing / share of the Fervor climb left)
deck               losses   own distance at the end      nearest route: surv/seal/asc
steel_beatdown          1     0.0 life / 7.0 seals /  53% asc   1/0/0
pyre_attrition          2    15.0 life / 7.0 seals /  41% asc   1/0/1
freestyle_swords        2     0.0 life / 7.0 seals /  84% asc   2/0/0
root_seals              3     0.7 life / 1.7 seals /  99% asc   3/0/0
shade_mind_siege        3     6.7 life / 7.0 seals / 100% asc   3/0/0
shade_henchmen          4    13.0 life / 7.0 seals /  93% asc   4/0/0
tide_deepwater          4     1.5 life / 7.0 seals / 100% asc   4/0/0
storm_volley            6    10.5 life / 7.0 seals / 100% asc   6/0/0
pyre_beatdown           5     8.4 life / 7.0 seals /  63% asc   5/0/0
steel_heir              5     0.6 life / 7.0 seals /  99% asc   5/0/0
storm_unbound           5     6.6 life / 7.0 seals /  72% asc   5/0/0
shade_salvage           6     7.5 life / 6.8 seals /  95% asc   6/0/0
pyre_ascent             7     0.6 life / 6.9 seals /  60% asc   7/0/0
tide_companions         7     0.0 life / 7.0 seals /  95% asc   7/0/0

WHAT IT HAD LEFT WHEN IT WON  (same three numbers, for the winner itself)
deck                 wins   own distance at the end
steel_beatdown          9    38.7 life / 6.6 seals /  50% asc
pyre_attrition          8    41.9 life / 7.0 seals /  32% asc
freestyle_swords        6    35.5 life / 6.8 seals /  89% asc
root_seals              5    25.2 life / 0.6 seals /  92% asc
shade_mind_siege        5    42.8 life / 6.8 seals /  96% asc
shade_henchmen          6    34.7 life / 6.8 seals /  92% asc
tide_deepwater          4    20.0 life / 6.3 seals / 100% asc
storm_volley            4    22.5 life / 6.3 seals / 100% asc
pyre_beatdown           3    21.0 life / 6.7 seals /  63% asc
steel_heir              3    30.7 life / 7.0 seals /  91% asc
storm_unbound           3    24.7 life / 6.7 seals /  62% asc
shade_salvage           2     6.0 life / 7.0 seals / 100% asc
pyre_ascent             1    26.0 life / 7.0 seals /  40% asc
tide_companions         1     9.0 life / 7.0 seals /  93% asc

MATCHUPS  (side a deck's win% against side b deck, n in brackets)
a \ b              freestyle_sw  pyre_ascent pyre_attriti pyre_beatdow   root_seals shade_henchm shade_mind_s shade_salvag steel_beatdo   steel_heir storm_unboun storm_volley tide_compani tide_deepwat
freestyle_swords              -            -            -      100%[1]            -            -      100%[1]            -            -      100%[1]            -            -      100%[1]            -
pyre_ascent                   -            -        0%[1]            -            -        0%[1]            -            -        0%[1]            -            -      100%[1]            -            -
pyre_attrition          100%[1]            -            -            -        0%[1]            -            -      100%[1]            -            -      100%[1]            -            -      100%[1]
pyre_beatdown                 -            -        0%[1]            -            -            -        0%[1]            -            -      100%[1]            -            -      100%[1]            -
root_seals                    -      100%[1]            -            -            -      100%[1]            -            -        0%[1]            -            -        0%[1]            -            -
shade_henchmen            0%[1]            -            -      100%[1]            -            -            -      100%[1]            -            -      100%[1]            -            -      100%[1]
shade_mind_siege              -            -        0%[1]            -            -      100%[1]            -            -            -      100%[1]            -            -      100%[1]            -
shade_salvage                 -      100%[1]            -            -        0%[1]            -            -            -        0%[1]            -            -        0%[1]            -            -
steel_beatdown          100%[1]            -            -        0%[1]            -            -      100%[1]            -            -            -      100%[1]            -            -      100%[1]
steel_heir                    -            -        0%[1]            -            -      100%[1]            -            -        0%[1]            -            -            -      100%[1]            -
storm_unbound                 -      100%[1]            -            -        0%[1]            -            -        0%[1]            -            -            -      100%[1]            -            -
storm_volley              0%[1]            -            -      100%[1]            -            -        0%[1]            -            -        0%[1]            -            -            -        0%[1]
tide_companions               -            -      100%[1]            -            -        0%[1]            -            -        0%[1]            -            -        0%[1]            -            -
tide_deepwater                -      100%[1]            -            -      100%[1]            -            -      100%[1]            -            -        0%[1]            -            -            -

DECISION COST
side   policy                       decisions  mean ms   med ms   p95 ms   max ms   search: mean depth / fallbacks
a      search / budget_ms=600            3608   502.66   601.39   605.18      625   1.90 / 3
       search stops: { "time_budget": 2892, "completed": 400 }
b      search / budget_ms=600            3591   511.79   601.45   605.24      616   1.82 / 4
       search stops: { "completed": 324, "time_budget": 2959 }

wrote G:/Godot/Gamestorming/zenith/reports/tournament_2026-09-26/search_after/shard_4.tsv (60 matches)
wrote G:/Godot/Gamestorming/zenith/reports/tournament_2026-09-26/search_after/shard_4.json
