Godot Engine v4.6.2.stable.mono.official.71f334935 - https://godotengine.org

matchlab matrix shard 2 of 6: 61 matches
  a field: freestyle_swords, pyre_ascent, pyre_attrition, pyre_beatdown, root_seals, shade_henchmen, shade_mind_siege, shade_salvage, steel_beatdown, steel_heir, storm_unbound, storm_volley, tide_companions, tide_deepwater
  b field: freestyle_swords, pyre_ascent, pyre_attrition, pyre_beatdown, root_seals, shade_henchmen, shade_mind_siege, shade_salvage, steel_beatdown, steel_heir, storm_unbound, storm_volley, tide_companions, tide_deepwater
  a side : search / budget_ms=600
  b side : search / budget_ms=600
  flags  : --budget=600 --json=res://reports/tournament_2026-09-26/search_after/shard_1.json --mode=matrix --policy=search --progress=0 --repeats=1 --scenario=res://tests/scenarios/balance.json --seed=77 --shard=1/6 --styles=1 --tsv=res://reports/tournament_2026-09-26/search_after/shard_1.tsv

=== matchlab, 3801s ===
side a: search / budget_ms=600
side b: search / budget_ms=600
61 matches, 0 unusable

RECORD  (both sides, search / budget_ms=600)
deck               played win% (95% range)       won by surv/seal/asc   lost to surv/seal/asc   turns
pyre_attrition          8  87.5% (52.9-97.8)                    1/0/6                   1/0/0     7.3
freestyle_swords        9  77.8% (45.3-93.7)                    7/0/0                   2/0/0     8.3
steel_beatdown          8  75.0% (40.9-92.9)                    5/0/1                   1/0/1     6.3
shade_mind_siege        9  66.7% (35.4-87.9)                    6/0/0                   2/1/0    10.9
root_seals              9  55.6% (26.7-81.1)                    1/4/0                   3/0/1    18.0
storm_unbound           9  55.6% (26.7-81.1)                    5/0/0                   3/0/1     8.8
storm_volley            8  50.0% (21.5-78.5)                    4/0/0                   0/1/3     7.8
pyre_ascent             9  44.4% (18.9-73.3)                    0/0/4                   4/0/1     7.1
pyre_beatdown           9  44.4% (18.9-73.3)                    4/0/0                   3/1/1     7.9
tide_companions         9  44.4% (18.9-73.3)                    4/0/0                   4/0/1    10.8
shade_henchmen          8  37.5% (13.7-69.4)                    3/0/0                   4/0/1     6.4
tide_deepwater          9  33.3% (12.1-64.6)                    3/0/0                   6/0/0     7.9
shade_salvage           9  22.2% ( 6.3-54.7)                    2/0/0                   6/0/1     6.9
steel_heir              9  11.1% ( 2.0-43.5)                    1/0/0                   7/1/0     8.0
all wins by route: 46/4/11

HOW CLOSE IT CAME WHEN IT LOST  (life cards left / Seals missing / share of the Fervor climb left)
deck               losses   own distance at the end      nearest route: surv/seal/asc
pyre_attrition          1     0.0 life / 7.0 seals /  48% asc   1/0/0
freestyle_swords        2     0.0 life / 7.0 seals / 100% asc   2/0/0
steel_beatdown          2    17.0 life / 6.5 seals /  43% asc   2/0/0
shade_mind_siege        3     2.3 life / 7.0 seals /  90% asc   3/0/0
root_seals              4     3.0 life / 4.0 seals /  98% asc   4/0/0
storm_unbound           4     1.8 life / 7.0 seals /  83% asc   4/0/0
storm_volley            4    28.5 life / 7.0 seals / 100% asc   4/0/0
pyre_ascent             5     2.2 life / 6.8 seals /  52% asc   5/0/0
pyre_beatdown           5    15.0 life / 7.0 seals /  86% asc   5/0/0
tide_companions         5     7.8 life / 7.0 seals / 100% asc   5/0/0
shade_henchmen          5     8.6 life / 6.8 seals /  96% asc   5/0/0
tide_deepwater          6     1.0 life / 6.5 seals /  99% asc   6/0/0
shade_salvage           7     5.1 life / 6.9 seals /  96% asc   7/0/0
steel_heir              8     0.8 life / 7.0 seals /  97% asc   8/0/0

WHAT IT HAD LEFT WHEN IT WON  (same three numbers, for the winner itself)
deck                 wins   own distance at the end
pyre_attrition          7    41.0 life / 6.9 seals /  29% asc
freestyle_swords        7    35.4 life / 6.9 seals /  92% asc
steel_beatdown          6    41.8 life / 6.5 seals /  26% asc
shade_mind_siege        6    21.7 life / 7.0 seals / 100% asc
root_seals              5    20.0 life / 0.2 seals /  96% asc
storm_unbound           5    31.4 life / 7.0 seals /  81% asc
storm_volley            4    26.0 life / 6.5 seals / 100% asc
pyre_ascent             4    32.8 life / 7.0 seals /  40% asc
pyre_beatdown           4    20.8 life / 7.0 seals /  70% asc
tide_companions         4    14.3 life / 6.8 seals /  98% asc
shade_henchmen          3    28.3 life / 5.3 seals /  82% asc
tide_deepwater          3    20.7 life / 6.0 seals /  99% asc
shade_salvage           2    21.5 life / 7.0 seals / 100% asc
steel_heir              1     7.0 life / 7.0 seals /  96% asc

MATCHUPS  (side a deck's win% against side b deck, n in brackets)
a \ b              freestyle_sw  pyre_ascent pyre_attriti pyre_beatdow   root_seals shade_henchm shade_mind_s shade_salvag steel_beatdo   steel_heir storm_unboun storm_volley tide_compani tide_deepwat
freestyle_swords              -      100%[1]            -            -      100%[1]            -            -        0%[1]            -            -      100%[1]            -            -      100%[1]
pyre_ascent                   -            -            -      100%[1]            -            -        0%[1]            -            -        0%[1]            -            -      100%[1]            -
pyre_attrition                -      100%[1]            -            -            -      100%[1]            -            -      100%[1]            -            -      100%[1]            -            -
pyre_beatdown             0%[1]            -            -            -        0%[1]            -            -      100%[1]            -            -        0%[1]            -            -      100%[1]
root_seals                    -            -        0%[1]            -            -            -      100%[1]            -            -      100%[1]            -            -      100%[1]            -
shade_henchmen                -        0%[1]            -            -      100%[1]            -            -            -      100%[1]            -            -        0%[1]            -            -
shade_mind_siege        100%[1]            -            -        0%[1]            -            -            -      100%[1]            -            -        0%[1]            -            -      100%[1]
shade_salvage                 -            -        0%[1]            -            -        0%[1]            -            -            -      100%[1]            -            -        0%[1]            -
steel_beatdown                -      100%[1]            -            -      100%[1]            -            -      100%[1]            -            -            -      100%[1]            -            -
steel_heir                0%[1]            -            -        0%[1]            -            -        0%[1]            -            -            -        0%[1]            -            -        0%[1]
storm_unbound                 -            -        0%[1]            -            -      100%[1]            -            -        0%[1]            -            -            -      100%[1]            -
storm_volley                  -        0%[1]            -            -        0%[1]            -            -      100%[1]            -            -      100%[1]            -            -            -
tide_companions           0%[1]            -            -      100%[1]            -            -        0%[1]            -            -      100%[1]            -            -            -      100%[1]
tide_deepwater                -            -      100%[1]            -            -      100%[1]            -            -        0%[1]            -            -        0%[1]            -            -

DECISION COST
side   policy                       decisions  mean ms   med ms   p95 ms   max ms   search: mean depth / fallbacks
a      search / budget_ms=600            3908   506.30   601.45   605.47      619   1.82 / 4
       search stops: { "time_budget": 3164, "completed": 409 }
b      search / budget_ms=600            3587   504.61   601.43   605.47      615   1.84 / 5
       search stops: { "time_budget": 2897, "completed": 376 }

wrote G:/Godot/Gamestorming/zenith/reports/tournament_2026-09-26/search_after/shard_1.tsv (61 matches)
wrote G:/Godot/Gamestorming/zenith/reports/tournament_2026-09-26/search_after/shard_1.json
