Godot Engine v4.6.2.stable.mono.official.71f334935 - https://godotengine.org

matchlab matrix shard 3 of 6: 61 matches
  a field: freestyle_swords, pyre_ascent, pyre_attrition, pyre_beatdown, root_seals, shade_henchmen, shade_mind_siege, shade_salvage, steel_beatdown, steel_heir, storm_unbound, storm_volley, tide_companions, tide_deepwater
  b field: freestyle_swords, pyre_ascent, pyre_attrition, pyre_beatdown, root_seals, shade_henchmen, shade_mind_siege, shade_salvage, steel_beatdown, steel_heir, storm_unbound, storm_volley, tide_companions, tide_deepwater
  a side : search / budget_ms=600
  b side : search / budget_ms=600
  flags  : --budget=600 --json=res://reports/tournament_2026-09-26/search_after/shard_2.json --mode=matrix --policy=search --progress=0 --repeats=1 --scenario=res://tests/scenarios/balance.json --seed=77 --shard=2/6 --styles=1 --tsv=res://reports/tournament_2026-09-26/search_after/shard_2.tsv

=== matchlab, 3691s ===
side a: search / budget_ms=600
side b: search / budget_ms=600
61 matches, 0 unusable

RECORD  (both sides, search / budget_ms=600)
deck               played win% (95% range)       won by surv/seal/asc   lost to surv/seal/asc   turns
shade_mind_siege        9  88.9% (56.5-98.0)                    8/0/0                   1/0/0     6.9
pyre_attrition          8  87.5% (52.9-97.8)                    3/0/4                   1/0/0     5.5
steel_beatdown          8  87.5% (52.9-97.8)                    7/0/0                   0/0/1     4.9
freestyle_swords        9  66.7% (35.4-87.9)                    6/0/0                   3/0/0     6.9
pyre_beatdown           9  55.6% (26.7-81.1)                    4/0/1                   3/0/1     8.3
root_seals              9  55.6% (26.7-81.1)                    1/4/0                   4/0/0    18.2
tide_companions         9  55.6% (26.7-81.1)                    5/0/0                   3/1/0     9.2
shade_henchmen          8  50.0% (21.5-78.5)                    4/0/0                   3/0/1     5.0
pyre_ascent             9  33.3% (12.1-64.6)                    1/0/2                   5/1/0     9.4
storm_unbound           9  33.3% (12.1-64.6)                    3/0/0                   5/0/1    11.0
tide_deepwater          9  33.3% (12.1-64.6)                    3/0/0                   5/1/0     9.7
storm_volley            8  25.0% ( 7.1-59.1)                    2/0/0                   4/0/2     5.9
steel_heir              9  22.2% ( 6.3-54.7)                    2/0/0                   6/0/1     7.6
shade_salvage           9  11.1% ( 2.0-43.5)                    1/0/0                   7/1/0     8.6
all wins by route: 50/4/7

HOW CLOSE IT CAME WHEN IT LOST  (life cards left / Seals missing / share of the Fervor climb left)
deck               losses   own distance at the end      nearest route: surv/seal/asc
shade_mind_siege        1     0.0 life / 7.0 seals / 100% asc   1/0/0
pyre_attrition          1     0.0 life / 7.0 seals / 100% asc   1/0/0
steel_beatdown          1    42.0 life / 7.0 seals /  67% asc   1/0/0
freestyle_swords        3     0.0 life / 6.7 seals / 100% asc   3/0/0
pyre_beatdown           4     4.8 life / 7.0 seals /  68% asc   4/0/0
root_seals              4     1.5 life / 4.0 seals /  97% asc   4/0/0
tide_companions         4     6.3 life / 7.0 seals / 100% asc   4/0/0
shade_henchmen          4     2.0 life / 7.0 seals / 100% asc   4/0/0
pyre_ascent             6     1.7 life / 6.7 seals /  75% asc   6/0/0
storm_unbound           6     2.2 life / 7.0 seals /  92% asc   6/0/0
tide_deepwater          6     4.3 life / 6.7 seals / 100% asc   6/0/0
storm_volley            6    12.7 life / 6.7 seals / 100% asc   6/0/0
steel_heir              7     1.4 life / 7.0 seals /  95% asc   7/0/0
shade_salvage           8     1.3 life / 7.0 seals /  98% asc   8/0/0

WHAT IT HAD LEFT WHEN IT WON  (same three numbers, for the winner itself)
deck                 wins   own distance at the end
shade_mind_siege        8    38.8 life / 6.9 seals /  98% asc
pyre_attrition          7    32.9 life / 6.9 seals /  37% asc
steel_beatdown          7    38.6 life / 6.1 seals /  43% asc
freestyle_swords        6    36.3 life / 7.0 seals /  95% asc
pyre_beatdown           5    25.6 life / 6.8 seals /  45% asc
root_seals              5    26.6 life / 0.4 seals /  97% asc
tide_companions         5    22.4 life / 6.8 seals /  97% asc
shade_henchmen          4    35.3 life / 7.0 seals /  82% asc
pyre_ascent             3    24.7 life / 6.7 seals /  23% asc
storm_unbound           3    29.0 life / 6.3 seals /  76% asc
tide_deepwater          3    21.0 life / 6.3 seals / 100% asc
storm_volley            2    41.5 life / 6.5 seals / 100% asc
steel_heir              2    15.5 life / 4.5 seals / 100% asc
shade_salvage           1    42.0 life / 7.0 seals / 100% asc

MATCHUPS  (side a deck's win% against side b deck, n in brackets)
a \ b              freestyle_sw  pyre_ascent pyre_attriti pyre_beatdow   root_seals shade_henchm shade_mind_s shade_salvag steel_beatdo   steel_heir storm_unboun storm_volley tide_compani tide_deepwat
freestyle_swords              -            -        0%[1]            -            -        0%[1]            -            -        0%[1]            -            -      100%[1]            -            -
pyre_ascent               0%[1]            -            -            -        0%[1]            -            -        0%[1]            -            -      100%[1]            -            -      100%[1]
pyre_attrition                -            -            -      100%[1]            -            -        0%[1]            -            -      100%[1]            -            -      100%[1]            -
pyre_beatdown                 -      100%[1]            -            -            -        0%[1]            -            -        0%[1]            -            -      100%[1]            -            -
root_seals                0%[1]            -            -      100%[1]            -            -            -      100%[1]            -            -        0%[1]            -            -      100%[1]
shade_henchmen                -            -        0%[1]            -            -            -        0%[1]            -            -      100%[1]            -            -        0%[1]            -
shade_mind_siege              -      100%[1]            -            -      100%[1]            -            -            -        0%[1]            -            -      100%[1]            -            -
shade_salvage             0%[1]            -            -        0%[1]            -            -        0%[1]            -            -            -        0%[1]            -            -        0%[1]
steel_beatdown                -            -        0%[1]            -            -      100%[1]            -            -            -      100%[1]            -            -      100%[1]            -
steel_heir                    -        0%[1]            -            -      100%[1]            -            -      100%[1]            -            -            -        0%[1]            -            -
storm_unbound             0%[1]            -            -        0%[1]            -            -        0%[1]            -            -      100%[1]            -            -            -        0%[1]
storm_volley                  -            -        0%[1]            -            -        0%[1]            -            -        0%[1]            -            -            -      100%[1]            -
tide_companions               -      100%[1]            -            -        0%[1]            -            -      100%[1]            -            -      100%[1]            -            -            -
tide_deepwater            0%[1]            -            -        0%[1]            -            -        0%[1]            -            -      100%[1]            -            -        0%[1]            -

DECISION COST
side   policy                       decisions  mean ms   med ms   p95 ms   max ms   search: mean depth / fallbacks
a      search / budget_ms=600            3650   503.21   601.42   605.22      620   1.82 / 5
       search stops: { "time_budget": 2945, "completed": 389 }
b      search / budget_ms=600            3670   502.12   601.43   605.30      620   1.81 / 8
       search stops: { "time_budget": 2954, "completed": 384 }

wrote G:/Godot/Gamestorming/zenith/reports/tournament_2026-09-26/search_after/shard_2.tsv (61 matches)
wrote G:/Godot/Gamestorming/zenith/reports/tournament_2026-09-26/search_after/shard_2.json
