Godot Engine v4.6.2.stable.mono.official.71f334935 - https://godotengine.org

matchlab matrix shard 2 of 6: 546 matches
  a field: freestyle_swords, pyre_ascent, pyre_attrition, pyre_beatdown, root_seals, shade_henchmen, shade_mind_siege, shade_salvage, steel_beatdown, steel_heir, storm_unbound, storm_volley, tide_companions, tide_deepwater
  b field: freestyle_swords, pyre_ascent, pyre_attrition, pyre_beatdown, root_seals, shade_henchmen, shade_mind_siege, shade_salvage, steel_beatdown, steel_heir, storm_unbound, storm_volley, tide_companions, tide_deepwater
  a side : scorer
  b side : scorer
  flags  : --json=res://reports/tournament_2026-09-26/scorer_decks/shard_1.json --mode=matrix --policy=scorer --progress=0 --repeats=9 --scenario=res://tests/scenarios/balance.json --seed=77 --shard=1/6 --styles=1 --tsv=res://reports/tournament_2026-09-26/scorer_decks/shard_1.tsv

=== matchlab, 371s ===
side a: scorer
side b: scorer
546 matches, 0 unusable

RECORD  (both sides, scorer)
deck               played win% (95% range)       won by surv/seal/asc   lost to surv/seal/asc   turns
pyre_attrition         78  83.3% (73.5-90.0)                  17/0/48                   9/3/1     6.3
steel_beatdown         78  83.3% (73.5-90.0)                   63/0/2                   6/0/7     6.1
shade_mind_siege       78  64.1% (53.0-73.9)                   49/0/1                  17/3/8     7.5
freestyle_swords       78  59.0% (47.9-69.2)                   46/0/0                  32/0/0     7.7
pyre_ascent            78  53.8% (42.9-64.5)                  13/0/29                  31/2/3     7.4
shade_henchmen         78  48.7% (37.9-59.6)                   38/0/0                  30/1/9     5.7
root_seals             78  47.4% (36.7-58.4)                  17/20/0                  39/0/2    16.1
storm_unbound          78  46.2% (35.5-57.1)                   35/0/1                  31/2/9     8.6
pyre_beatdown          78  43.6% (33.1-54.6)                   31/0/3                  33/2/9     7.1
tide_deepwater         78  42.3% (32.0-53.4)                   33/0/0                  42/3/0     8.1
steel_heir             78  37.2% (27.3-48.3)                   29/0/0                  47/0/2     6.4
storm_volley           78  33.3% (23.9-44.4)                   26/0/0                 34/1/17     7.1
tide_companions        78  30.8% (21.6-41.7)                   24/0/0                  42/3/9     8.0
shade_salvage          78  26.9% (18.3-37.7)                   20/0/1                  48/0/9     7.3
all wins by route: 441/20/85

HOW CLOSE IT CAME WHEN IT LOST  (life cards left / Seals missing / share of the Fervor climb left)
deck               losses   own distance at the end      nearest route: surv/seal/asc
pyre_attrition         13    13.9 life / 7.0 seals /  41% asc   9/0/4
steel_beatdown         13    21.5 life / 6.5 seals /  55% asc   8/0/5
shade_mind_siege       28    12.6 life / 7.0 seals /  99% asc   28/0/0
freestyle_swords       32     0.0 life / 6.9 seals /  93% asc   32/0/0
pyre_ascent            36     3.7 life / 6.9 seals /  58% asc   34/0/2
shade_henchmen         40    10.3 life / 6.8 seals /  97% asc   40/0/0
root_seals             41     3.2 life / 3.8 seals /  97% asc   41/0/0
storm_unbound          42    10.1 life / 6.8 seals /  82% asc   40/0/2
pyre_beatdown          44     9.9 life / 6.9 seals /  66% asc   41/0/3
tide_deepwater         45     2.7 life / 6.5 seals / 100% asc   45/0/0
steel_heir             49     2.1 life / 6.8 seals /  90% asc   49/0/0
storm_volley           52    13.4 life / 6.6 seals / 100% asc   52/0/0
tide_companions        54     7.1 life / 6.9 seals /  96% asc   54/0/0
shade_salvage          57     5.8 life / 6.2 seals /  95% asc   57/0/0

WHAT IT HAD LEFT WHEN IT WON  (same three numbers, for the winner itself)
deck                 wins   own distance at the end
pyre_attrition         65    41.4 life / 6.8 seals /  31% asc
steel_beatdown         65    37.5 life / 5.8 seals /  39% asc
shade_mind_siege       50    41.2 life / 6.8 seals /  95% asc
freestyle_swords       46    29.2 life / 6.9 seals /  91% asc
pyre_ascent            42    27.4 life / 6.6 seals /  29% asc
shade_henchmen         38    35.9 life / 6.4 seals /  90% asc
root_seals             37    26.6 life / 1.3 seals /  96% asc
storm_unbound          36    24.4 life / 6.6 seals /  61% asc
pyre_beatdown          34    26.6 life / 6.6 seals /  49% asc
tide_deepwater         33    27.1 life / 6.0 seals /  98% asc
steel_heir             29    22.0 life / 6.2 seals /  75% asc
storm_volley           26    20.4 life / 6.2 seals / 100% asc
tide_companions        24    22.0 life / 6.7 seals /  97% asc
shade_salvage          21    26.2 life / 6.2 seals /  89% asc

MATCHUPS  (side a deck's win% against side b deck, n in brackets)
a \ b              freestyle_sw  pyre_ascent pyre_attriti pyre_beatdow   root_seals shade_henchm shade_mind_s shade_salvag steel_beatdo   steel_heir storm_unboun storm_volley tide_compani tide_deepwat
freestyle_swords              -       67%[3]       67%[3]       33%[3]       67%[3]        0%[3]       33%[3]      100%[3]        0%[3]       67%[3]      100%[3]       67%[3]       67%[3]       33%[3]
pyre_ascent              67%[3]            -        0%[3]       33%[3]       67%[3]       33%[3]       33%[3]      100%[3]       67%[3]       33%[3]       67%[3]      100%[3]      100%[3]       33%[3]
pyre_attrition           67%[3]       67%[3]            -      100%[3]       33%[3]      100%[3]      100%[3]      100%[3]       67%[3]      100%[3]      100%[3]      100%[3]      100%[3]       67%[3]
pyre_beatdown             0%[3]       33%[3]        0%[3]            -       33%[3]       33%[3]       33%[3]       33%[3]       33%[3]       67%[3]       67%[3]       33%[3]      100%[3]       67%[3]
root_seals               33%[3]       67%[3]       33%[3]       67%[3]            -       33%[3]      100%[3]        0%[3]        0%[3]       33%[3]        0%[3]      100%[3]      100%[3]       67%[3]
shade_henchmen           33%[3]       33%[3]        0%[3]       67%[3]      100%[3]            -        0%[3]       67%[3]        0%[3]       67%[3]        0%[3]       67%[3]      100%[3]       33%[3]
shade_mind_siege         67%[3]       67%[3]        0%[3]       67%[3]      100%[3]      100%[3]            -       67%[3]       33%[3]      100%[3]       33%[3]       67%[3]      100%[3]       67%[3]
shade_salvage            67%[3]       33%[3]        0%[3]        0%[3]       33%[3]       33%[3]        0%[3]            -        0%[3]       33%[3]        0%[3]       33%[3]       33%[3]       33%[3]
steel_beatdown           67%[3]      100%[3]        0%[3]      100%[3]       67%[3]      100%[3]       67%[3]      100%[3]            -      100%[3]       67%[3]      100%[3]      100%[3]      100%[3]
steel_heir                0%[3]        0%[3]      100%[3]        0%[3]      100%[3]       33%[3]        0%[3]       33%[3]        0%[3]            -      100%[3]       67%[3]       33%[3]       33%[3]
storm_unbound             0%[3]       33%[3]        0%[3]       67%[3]        0%[3]        0%[3]       67%[3]       67%[3]        0%[3]       67%[3]            -      100%[3]       67%[3]       67%[3]
storm_volley             33%[3]       33%[3]        0%[3]       67%[3]       33%[3]       33%[3]       33%[3]      100%[3]        0%[3]       33%[3]       33%[3]            -       33%[3]       33%[3]
tide_companions          33%[3]       33%[3]       33%[3]       33%[3]        0%[3]       33%[3]       33%[3]       67%[3]        0%[3]      100%[3]       33%[3]        0%[3]            -       67%[3]
tide_deepwater            0%[3]       67%[3]        0%[3]       67%[3]       67%[3]       67%[3]        0%[3]       67%[3]        0%[3]       33%[3]       33%[3]       67%[3]       33%[3]            -

DECISION COST
side   policy                       decisions  mean ms   med ms   p95 ms   max ms   search: mean depth / fallbacks
a      scorer                           34517     4.15     3.52     7.73       52   0.00 / 0
b      scorer                           34468     4.14     3.53     7.71       49   0.00 / 0

wrote G:/Godot/Gamestorming/zenith/reports/tournament_2026-09-26/scorer_decks/shard_1.tsv (546 matches)
wrote G:/Godot/Gamestorming/zenith/reports/tournament_2026-09-26/scorer_decks/shard_1.json
