Godot Engine v4.6.2.stable.mono.official.71f334935 - https://godotengine.org

matchlab matrix shard 1 of 6: 546 matches
  a field: freestyle_swords, pyre_ascent, pyre_attrition, pyre_beatdown, root_seals, shade_henchmen, shade_mind_siege, shade_salvage, steel_beatdown, steel_heir, storm_unbound, storm_volley, tide_companions, tide_deepwater
  b field: freestyle_swords, pyre_ascent, pyre_attrition, pyre_beatdown, root_seals, shade_henchmen, shade_mind_siege, shade_salvage, steel_beatdown, steel_heir, storm_unbound, storm_volley, tide_companions, tide_deepwater
  a side : scorer
  b side : scorer
  flags  : --json=res://reports/tournament_2026-09-26/scorer_decks/shard_0.json --mode=matrix --policy=scorer --progress=0 --repeats=9 --scenario=res://tests/scenarios/balance.json --seed=77 --shard=0/6 --styles=1 --tsv=res://reports/tournament_2026-09-26/scorer_decks/shard_0.tsv

=== matchlab, 370s ===
side a: scorer
side b: scorer
546 matches, 0 unusable

RECORD  (both sides, scorer)
deck               played win% (95% range)       won by surv/seal/asc   lost to surv/seal/asc   turns
steel_beatdown         78  85.9% (76.5-91.9)                   66/0/1                   6/0/5     5.9
shade_mind_siege       78  82.1% (72.1-89.0)                   64/0/0                   9/0/5     7.2
pyre_attrition         78  79.5% (69.2-87.0)                  16/0/46                  13/2/1     5.9
freestyle_swords       78  51.3% (40.4-62.1)                   40/0/0                  37/1/0     7.4
shade_henchmen         78  48.7% (37.9-59.6)                   38/0/0                  32/2/6     5.8
tide_deepwater         78  48.7% (37.9-59.6)                   38/0/0                  38/2/0     7.6
pyre_beatdown          78  46.2% (35.5-57.1)                   35/0/1                 29/3/10     7.0
root_seals             78  43.6% (33.1-54.6)                  14/20/0                  41/0/3    15.4
storm_unbound          78  43.6% (33.1-54.6)                   34/0/0                 31/1/12     8.2
pyre_ascent            78  41.0% (30.8-52.1)                   5/0/27                  41/3/2     7.0
steel_heir             78  41.0% (30.8-52.1)                   32/0/0                  42/1/3     6.2
storm_volley           78  33.3% (23.9-44.4)                   26/0/0                 38/2/12     7.1
tide_companions        78  29.5% (20.5-40.4)                   23/0/0                  46/2/7     8.0
shade_salvage          78  25.6% (17.3-36.3)                   20/0/0                  48/1/9     7.5
all wins by route: 451/20/75

HOW CLOSE IT CAME WHEN IT LOST  (life cards left / Seals missing / share of the Fervor climb left)
deck               losses   own distance at the end      nearest route: surv/seal/asc
steel_beatdown         11    23.8 life / 6.5 seals /  52% asc   7/0/4
shade_mind_siege       14     9.4 life / 7.0 seals /  99% asc   14/0/0
pyre_attrition         16     5.9 life / 7.0 seals /  59% asc   14/0/2
freestyle_swords       38     0.2 life / 6.9 seals /  95% asc   38/0/0
shade_henchmen         40     6.2 life / 6.8 seals /  95% asc   40/0/0
tide_deepwater         40     2.0 life / 6.6 seals /  99% asc   40/0/0
pyre_beatdown          42    10.8 life / 7.0 seals /  68% asc   39/0/3
root_seals             44     5.1 life / 3.5 seals /  98% asc   41/3/0
storm_unbound          44    13.8 life / 6.8 seals /  83% asc   42/0/2
pyre_ascent            46     3.6 life / 6.7 seals /  57% asc   43/0/3
steel_heir             46     2.7 life / 6.5 seals /  87% asc   46/0/0
storm_volley           52     8.6 life / 6.6 seals / 100% asc   52/0/0
tide_companions        55     4.3 life / 6.9 seals /  97% asc   55/0/0
shade_salvage          58     6.5 life / 6.2 seals /  96% asc   58/0/0

WHAT IT HAD LEFT WHEN IT WON  (same three numbers, for the winner itself)
deck                 wins   own distance at the end
steel_beatdown         67    37.0 life / 5.8 seals /  39% asc
shade_mind_siege       64    38.8 life / 6.8 seals /  98% asc
pyre_attrition         62    42.4 life / 6.7 seals /  29% asc
freestyle_swords       40    25.5 life / 6.7 seals /  89% asc
shade_henchmen         38    40.4 life / 6.4 seals /  90% asc
tide_deepwater         38    29.4 life / 5.8 seals /  98% asc
pyre_beatdown          36    28.7 life / 6.6 seals /  61% asc
root_seals             34    28.0 life / 1.1 seals /  96% asc
storm_unbound          34    24.6 life / 6.5 seals /  67% asc
pyre_ascent            32    32.2 life / 6.7 seals /  33% asc
steel_heir             32    27.8 life / 6.4 seals /  81% asc
storm_volley           26    30.4 life / 5.9 seals / 100% asc
tide_companions        23    21.9 life / 6.7 seals /  95% asc
shade_salvage          20    25.0 life / 5.7 seals /  93% asc

MATCHUPS  (side a deck's win% against side b deck, n in brackets)
a \ b              freestyle_sw  pyre_ascent pyre_attriti pyre_beatdow   root_seals shade_henchm shade_mind_s shade_salvag steel_beatdo   steel_heir storm_unboun storm_volley tide_compani tide_deepwat
freestyle_swords              -       67%[3]        0%[3]        0%[3]       67%[3]       33%[3]        0%[3]       33%[3]       33%[3]       67%[3]       67%[3]       67%[3]      100%[3]       33%[3]
pyre_ascent               0%[3]            -        0%[3]      100%[3]        0%[3]       33%[3]        0%[3]       67%[3]       33%[3]        0%[3]      100%[3]      100%[3]        0%[3]        0%[3]
pyre_attrition            0%[3]       67%[3]            -      100%[3]       67%[3]       33%[3]       33%[3]      100%[3]       33%[3]      100%[3]      100%[3]      100%[3]      100%[3]      100%[3]
pyre_beatdown             0%[3]       67%[3]        0%[3]            -       33%[3]       33%[3]        0%[3]       67%[3]        0%[3]       67%[3]       67%[3]       67%[3]       33%[3]      100%[3]
root_seals                0%[3]       67%[3]       33%[3]       33%[3]            -       67%[3]        0%[3]       67%[3]        0%[3]       67%[3]       33%[3]       33%[3]      100%[3]       33%[3]
shade_henchmen           67%[3]       67%[3]        0%[3]       67%[3]       67%[3]            -        0%[3]       33%[3]        0%[3]       33%[3]       67%[3]      100%[3]       67%[3]       33%[3]
shade_mind_siege        100%[3]       67%[3]        0%[3]       33%[3]      100%[3]      100%[3]            -       67%[3]       67%[3]      100%[3]       33%[3]      100%[3]      100%[3]      100%[3]
shade_salvage            33%[3]       33%[3]        0%[3]       33%[3]      100%[3]        0%[3]        0%[3]            -        0%[3]        0%[3]        0%[3]       33%[3]      100%[3]       33%[3]
steel_beatdown          100%[3]       33%[3]       67%[3]      100%[3]      100%[3]      100%[3]       33%[3]      100%[3]            -      100%[3]       67%[3]      100%[3]      100%[3]      100%[3]
steel_heir                0%[3]       33%[3]       33%[3]       33%[3]        0%[3]       67%[3]       33%[3]      100%[3]        0%[3]            -      100%[3]       67%[3]       33%[3]        0%[3]
storm_unbound            67%[3]       33%[3]        0%[3]       67%[3]       67%[3]       33%[3]       33%[3]       67%[3]        0%[3]       67%[3]            -       33%[3]       67%[3]        0%[3]
storm_volley             33%[3]        0%[3]        0%[3]       33%[3]       33%[3]       33%[3]        0%[3]      100%[3]        0%[3]       33%[3]        0%[3]            -      100%[3]        0%[3]
tide_companions         100%[3]       33%[3]        0%[3]       33%[3]        0%[3]       33%[3]        0%[3]      100%[3]        0%[3]       33%[3]        0%[3]        0%[3]            -       33%[3]
tide_deepwater           33%[3]      100%[3]       33%[3]        0%[3]       67%[3]       67%[3]        0%[3]      100%[3]        0%[3]       67%[3]       67%[3]        0%[3]        0%[3]            -

DECISION COST
side   policy                       decisions  mean ms   med ms   p95 ms   max ms   search: mean depth / fallbacks
a      scorer                           33868     4.21     3.56     7.94       58   0.00 / 0
b      scorer                           34180     4.18     3.57     7.81       55   0.00 / 0

wrote G:/Godot/Gamestorming/zenith/reports/tournament_2026-09-26/scorer_decks/shard_0.tsv (546 matches)
wrote G:/Godot/Gamestorming/zenith/reports/tournament_2026-09-26/scorer_decks/shard_0.json
