Godot Engine v4.6.2.stable.mono.official.71f334935 - https://godotengine.org

matchlab matrix shard 6 of 6: 546 matches
  a field: freestyle_swords, pyre_ascent, pyre_attrition, pyre_beatdown, root_seals, shade_henchmen, shade_mind_siege, shade_salvage, steel_beatdown, steel_heir, storm_unbound, storm_volley, tide_companions, tide_deepwater
  b field: freestyle_swords, pyre_ascent, pyre_attrition, pyre_beatdown, root_seals, shade_henchmen, shade_mind_siege, shade_salvage, steel_beatdown, steel_heir, storm_unbound, storm_volley, tide_companions, tide_deepwater
  a side : scorer
  b side : scorer
  flags  : --json=res://reports/tournament_2026-09-26/scorer_decks/shard_5.json --mode=matrix --policy=scorer --progress=0 --repeats=9 --scenario=res://tests/scenarios/balance.json --seed=77 --shard=5/6 --styles=1 --tsv=res://reports/tournament_2026-09-26/scorer_decks/shard_5.tsv

=== matchlab, 375s ===
side a: scorer
side b: scorer
546 matches, 0 unusable

RECORD  (both sides, scorer)
deck               played win% (95% range)       won by surv/seal/asc   lost to surv/seal/asc   turns
shade_mind_siege       78  83.3% (73.5-90.0)                   65/0/0                   7/0/6     7.4
steel_beatdown         78  80.8% (70.7-88.0)                   63/0/0                   9/0/6     5.6
pyre_attrition         78  79.5% (69.2-87.0)                  12/0/50                  10/3/3     5.8
freestyle_swords       78  59.0% (47.9-69.2)                   46/0/0                  31/0/1     7.3
root_seals             78  53.8% (42.9-64.5)                  26/16/0                  33/0/3    16.8
pyre_ascent            78  51.3% (40.4-62.1)                  10/0/30                  33/3/2     7.3
steel_heir             78  50.0% (39.2-60.8)                   38/0/1                  35/3/1     6.2
shade_henchmen         78  47.4% (36.7-58.4)                   37/0/0                  32/0/9     5.7
pyre_beatdown          78  46.2% (35.5-57.1)                   34/0/2                  32/2/8     6.9
tide_deepwater         78  37.2% (27.3-48.3)                   29/0/0                  48/1/0     7.8
storm_volley           78  33.3% (23.9-44.4)                   26/0/0                 39/1/12     7.3
storm_unbound          78  32.1% (22.7-43.0)                   25/0/0                 40/2/11     8.2
tide_companions        78  28.2% (19.4-39.0)                   22/0/0                 45/1/10     8.3
shade_salvage          78  17.9% (11.0-27.9)                   14/0/0                 53/0/11     7.5
all wins by route: 447/16/83

HOW CLOSE IT CAME WHEN IT LOST  (life cards left / Seals missing / share of the Fervor climb left)
deck               losses   own distance at the end      nearest route: surv/seal/asc
shade_mind_siege       13    16.6 life / 7.0 seals /  99% asc   13/0/0
steel_beatdown         15    16.2 life / 6.1 seals /  57% asc   11/0/4
pyre_attrition         16    17.2 life / 7.0 seals /  46% asc   10/0/6
freestyle_swords       32     0.3 life / 6.9 seals /  95% asc   32/0/0
root_seals             36     5.0 life / 3.9 seals /  94% asc   34/2/0
pyre_ascent            38     2.4 life / 6.9 seals /  61% asc   36/0/2
steel_heir             39     2.4 life / 6.7 seals /  88% asc   39/0/0
shade_henchmen         41     8.7 life / 6.9 seals /  98% asc   41/0/0
pyre_beatdown          42     8.6 life / 7.0 seals /  65% asc   38/0/4
tide_deepwater         49     2.0 life / 6.5 seals / 100% asc   49/0/0
storm_volley           52     9.4 life / 6.7 seals / 100% asc   52/0/0
storm_unbound          53     6.8 life / 6.8 seals /  81% asc   52/0/1
tide_companions        56     6.8 life / 6.9 seals /  98% asc   56/0/0
shade_salvage          64     7.0 life / 6.5 seals /  96% asc   64/0/0

WHAT IT HAD LEFT WHEN IT WON  (same three numbers, for the winner itself)
deck                 wins   own distance at the end
shade_mind_siege       65    35.2 life / 6.7 seals /  96% asc
steel_beatdown         63    41.0 life / 5.9 seals /  40% asc
pyre_attrition         62    38.1 life / 6.9 seals /  31% asc
freestyle_swords       46    30.1 life / 6.6 seals /  90% asc
root_seals             42    24.6 life / 1.2 seals /  96% asc
pyre_ascent            40    28.1 life / 6.5 seals /  34% asc
steel_heir             39    23.5 life / 6.4 seals /  71% asc
shade_henchmen         37    36.9 life / 6.4 seals /  88% asc
pyre_beatdown          36    27.3 life / 6.8 seals /  59% asc
tide_deepwater         29    29.1 life / 5.6 seals /  99% asc
storm_volley           26    26.6 life / 6.3 seals / 100% asc
storm_unbound          25    26.4 life / 6.4 seals /  67% asc
tide_companions        22    20.2 life / 6.7 seals /  98% asc
shade_salvage          14    26.5 life / 5.6 seals /  95% asc

MATCHUPS  (side a deck's win% against side b deck, n in brackets)
a \ b              freestyle_sw  pyre_ascent pyre_attriti pyre_beatdow   root_seals shade_henchm shade_mind_s shade_salvag steel_beatdo   steel_heir storm_unboun storm_volley tide_compani tide_deepwat
freestyle_swords              -       67%[3]       67%[3]       33%[3]       67%[3]       33%[3]        0%[3]       67%[3]       33%[3]       67%[3]       33%[3]       33%[3]      100%[3]      100%[3]
pyre_ascent               0%[3]            -       67%[3]       33%[3]        0%[3]       67%[3]        0%[3]      100%[3]       33%[3]       67%[3]       67%[3]      100%[3]      100%[3]       67%[3]
pyre_attrition           67%[3]       67%[3]            -      100%[3]        0%[3]      100%[3]      100%[3]      100%[3]      100%[3]       33%[3]      100%[3]      100%[3]      100%[3]       67%[3]
pyre_beatdown            67%[3]       67%[3]        0%[3]            -        0%[3]       67%[3]        0%[3]       67%[3]        0%[3]       67%[3]       67%[3]      100%[3]       67%[3]       67%[3]
root_seals               67%[3]       67%[3]        0%[3]       33%[3]            -        0%[3]        0%[3]       33%[3]        0%[3]       33%[3]      100%[3]       33%[3]      100%[3]       33%[3]
shade_henchmen            0%[3]       67%[3]        0%[3]      100%[3]      100%[3]            -        0%[3]       67%[3]        0%[3]        0%[3]       67%[3]       67%[3]      100%[3]       67%[3]
shade_mind_siege        100%[3]       67%[3]       33%[3]      100%[3]       67%[3]      100%[3]            -      100%[3]       67%[3]      100%[3]       67%[3]      100%[3]       33%[3]      100%[3]
shade_salvage            33%[3]       33%[3]        0%[3]       33%[3]        0%[3]       33%[3]        0%[3]            -        0%[3]        0%[3]        0%[3]        0%[3]       67%[3]       33%[3]
steel_beatdown           67%[3]      100%[3]       33%[3]      100%[3]      100%[3]      100%[3]       33%[3]      100%[3]            -       67%[3]      100%[3]      100%[3]      100%[3]      100%[3]
steel_heir                0%[3]       33%[3]       33%[3]       67%[3]       33%[3]       67%[3]       33%[3]       67%[3]       33%[3]            -       67%[3]       67%[3]       67%[3]        0%[3]
storm_unbound             0%[3]       33%[3]        0%[3]       33%[3]       33%[3]        0%[3]        0%[3]      100%[3]        0%[3]        0%[3]            -       67%[3]       67%[3]       33%[3]
storm_volley             33%[3]        0%[3]        0%[3]       33%[3]        0%[3]        0%[3]        0%[3]      100%[3]        0%[3]       33%[3]       67%[3]            -      100%[3]        0%[3]
tide_companions          33%[3]       33%[3]        0%[3]       33%[3]        0%[3]       67%[3]        0%[3]       67%[3]        0%[3]      100%[3]       67%[3]        0%[3]            -      100%[3]
tide_deepwater            0%[3]       33%[3]       33%[3]       33%[3]        0%[3]       67%[3]        0%[3]      100%[3]       33%[3]        0%[3]       33%[3]       33%[3]       67%[3]            -

DECISION COST
side   policy                       decisions  mean ms   med ms   p95 ms   max ms   search: mean depth / fallbacks
a      scorer                           34501     4.19     3.57     7.81       44   0.00 / 0
b      scorer                           34742     4.18     3.57     7.83       45   0.00 / 0

wrote G:/Godot/Gamestorming/zenith/reports/tournament_2026-09-26/scorer_decks/shard_5.tsv (546 matches)
wrote G:/Godot/Gamestorming/zenith/reports/tournament_2026-09-26/scorer_decks/shard_5.json
