Godot Engine v4.6.2.stable.mono.official.71f334935 - https://godotengine.org

matchlab matrix shard 3 of 6: 546 matches
  a field: freestyle_swords, pyre_ascent, pyre_attrition, pyre_beatdown, root_seals, shade_henchmen, shade_mind_siege, shade_salvage, steel_beatdown, steel_heir, storm_unbound, storm_volley, tide_companions, tide_deepwater
  b field: freestyle_swords, pyre_ascent, pyre_attrition, pyre_beatdown, root_seals, shade_henchmen, shade_mind_siege, shade_salvage, steel_beatdown, steel_heir, storm_unbound, storm_volley, tide_companions, tide_deepwater
  a side : scorer
  b side : scorer
  flags  : --json=res://reports/tournament_2026-09-26/scorer_decks/shard_2.json --mode=matrix --policy=scorer --progress=0 --repeats=9 --scenario=res://tests/scenarios/balance.json --seed=77 --shard=2/6 --styles=1 --tsv=res://reports/tournament_2026-09-26/scorer_decks/shard_2.tsv

=== matchlab, 365s ===
side a: scorer
side b: scorer
546 matches, 0 unusable

RECORD  (both sides, scorer)
deck               played win% (95% range)       won by surv/seal/asc   lost to surv/seal/asc   turns
steel_beatdown         78  82.1% (72.1-89.0)                   64/0/0                   8/0/6     5.4
pyre_attrition         78  79.5% (69.2-87.0)                  14/0/48                  12/2/2     6.3
shade_mind_siege       78  78.2% (67.8-85.9)                   60/0/1                  10/0/7     6.9
freestyle_swords       78  64.1% (53.0-73.9)                   50/0/0                  28/0/0     7.1
pyre_beatdown          78  57.7% (46.6-68.0)                   39/0/6                  26/1/6     7.1
shade_henchmen         78  51.3% (40.4-62.1)                   40/0/0                  29/0/9     5.4
root_seals             78  44.9% (34.3-55.9)                  24/10/1                  39/0/4    15.7
pyre_ascent            78  42.3% (32.0-53.4)                   6/0/27                  44/0/1     7.3
tide_deepwater         78  41.0% (30.8-52.1)                   32/0/0                  44/1/1     8.0
steel_heir             78  38.5% (28.4-49.6)                   30/0/0                  46/0/2     6.1
storm_unbound          78  37.2% (27.3-48.3)                   29/0/0                  38/2/9     8.8
tide_companions        78  35.9% (26.1-47.0)                   28/0/0                 37/2/11     7.8
storm_volley           78  30.8% (21.6-41.7)                   24/0/0                 39/0/15     7.1
shade_salvage          78  16.7% (10.0-26.5)                   13/0/0                 53/2/10     7.5
all wins by route: 453/10/83

HOW CLOSE IT CAME WHEN IT LOST  (life cards left / Seals missing / share of the Fervor climb left)
deck               losses   own distance at the end      nearest route: surv/seal/asc
steel_beatdown         14    19.9 life / 6.4 seals /  56% asc   10/0/4
pyre_attrition         16     7.9 life / 7.0 seals /  48% asc   12/0/4
shade_mind_siege       17    13.2 life / 6.9 seals /  97% asc   17/0/0
freestyle_swords       28     0.0 life / 7.0 seals /  96% asc   28/0/0
pyre_beatdown          33     7.3 life / 7.0 seals /  67% asc   32/0/1
shade_henchmen         38    10.5 life / 6.7 seals /  94% asc   38/0/0
root_seals             43     3.1 life / 4.3 seals /  96% asc   43/0/0
pyre_ascent            45     0.9 life / 6.9 seals /  61% asc   44/0/1
tide_deepwater         46     1.4 life / 6.6 seals / 100% asc   46/0/0
steel_heir             48     2.2 life / 6.4 seals /  90% asc   48/0/0
storm_unbound          49     9.5 life / 6.9 seals /  83% asc   47/0/2
tide_companions        50     8.0 life / 7.0 seals /  98% asc   50/0/0
storm_volley           54    11.3 life / 6.7 seals / 100% asc   54/0/0
shade_salvage          65     7.2 life / 6.3 seals /  95% asc   65/0/0

WHAT IT HAD LEFT WHEN IT WON  (same three numbers, for the winner itself)
deck                 wins   own distance at the end
steel_beatdown         64    42.0 life / 6.0 seals /  42% asc
pyre_attrition         62    38.3 life / 6.8 seals /  31% asc
shade_mind_siege       61    41.0 life / 6.7 seals /  96% asc
freestyle_swords       50    30.6 life / 6.5 seals /  89% asc
pyre_beatdown          45    25.6 life / 6.8 seals /  54% asc
shade_henchmen         40    40.0 life / 6.3 seals /  88% asc
root_seals             35    24.8 life / 2.0 seals /  95% asc
pyre_ascent            33    33.4 life / 6.7 seals /  32% asc
tide_deepwater         32    27.5 life / 5.6 seals /  99% asc
steel_heir             30    25.1 life / 6.2 seals /  74% asc
storm_unbound          29    29.4 life / 6.6 seals /  64% asc
tide_companions        28    23.6 life / 6.6 seals /  92% asc
storm_volley           24    24.8 life / 6.3 seals / 100% asc
shade_salvage          13    28.0 life / 6.2 seals /  89% asc

MATCHUPS  (side a deck's win% against side b deck, n in brackets)
a \ b              freestyle_sw  pyre_ascent pyre_attriti pyre_beatdow   root_seals shade_henchm shade_mind_s shade_salvag steel_beatdo   steel_heir storm_unboun storm_volley tide_compani tide_deepwat
freestyle_swords              -      100%[3]       67%[3]       67%[3]      100%[3]       67%[3]        0%[3]      100%[3]        0%[3]      100%[3]       67%[3]      100%[3]       67%[3]       67%[3]
pyre_ascent               0%[3]            -       67%[3]        0%[3]       67%[3]      100%[3]       33%[3]       67%[3]       67%[3]       33%[3]       67%[3]       67%[3]       67%[3]       33%[3]
pyre_attrition           33%[3]      100%[3]            -      100%[3]       67%[3]      100%[3]       67%[3]      100%[3]       33%[3]      100%[3]      100%[3]      100%[3]      100%[3]       33%[3]
pyre_beatdown            67%[3]      100%[3]        0%[3]            -       33%[3]       67%[3]        0%[3]      100%[3]       33%[3]      100%[3]       67%[3]      100%[3]       67%[3]      100%[3]
root_seals               33%[3]       67%[3]       67%[3]      100%[3]            -        0%[3]        0%[3]       67%[3]        0%[3]       33%[3]      100%[3]       67%[3]      100%[3]       67%[3]
shade_henchmen           33%[3]      100%[3]        0%[3]       67%[3]      100%[3]            -        0%[3]      100%[3]        0%[3]      100%[3]       67%[3]      100%[3]       33%[3]       33%[3]
shade_mind_siege        100%[3]      100%[3]        0%[3]       33%[3]      100%[3]      100%[3]            -      100%[3]       33%[3]       67%[3]       33%[3]      100%[3]       67%[3]      100%[3]
shade_salvage            33%[3]       33%[3]        0%[3]        0%[3]       33%[3]       33%[3]        0%[3]            -        0%[3]       33%[3]       33%[3]       33%[3]        0%[3]        0%[3]
steel_beatdown          100%[3]       67%[3]       33%[3]      100%[3]      100%[3]       67%[3]        0%[3]       67%[3]            -      100%[3]      100%[3]      100%[3]      100%[3]      100%[3]
steel_heir               33%[3]       67%[3]       33%[3]        0%[3]       67%[3]       33%[3]        0%[3]       67%[3]        0%[3]            -       67%[3]       67%[3]       33%[3]       67%[3]
storm_unbound            33%[3]       33%[3]        0%[3]       33%[3]       33%[3]       33%[3]       33%[3]       33%[3]        0%[3]        0%[3]            -      100%[3]      100%[3]       33%[3]
storm_volley             33%[3]        0%[3]        0%[3]       33%[3]       67%[3]      100%[3]       33%[3]      100%[3]        0%[3]       33%[3]       67%[3]            -       67%[3]        0%[3]
tide_companions          33%[3]        0%[3]        0%[3]       67%[3]        0%[3]        0%[3]       33%[3]      100%[3]       33%[3]       67%[3]        0%[3]       33%[3]            -       67%[3]
tide_deepwater            0%[3]      100%[3]        0%[3]       33%[3]       67%[3]        0%[3]        0%[3]      100%[3]        0%[3]       67%[3]       33%[3]       67%[3]        0%[3]            -

DECISION COST
side   policy                       decisions  mean ms   med ms   p95 ms   max ms   search: mean depth / fallbacks
a      scorer                           33691     4.18     3.56     7.83       49   0.00 / 0
b      scorer                           33720     4.17     3.53     7.91       53   0.00 / 0

wrote G:/Godot/Gamestorming/zenith/reports/tournament_2026-09-26/scorer_decks/shard_2.tsv (546 matches)
wrote G:/Godot/Gamestorming/zenith/reports/tournament_2026-09-26/scorer_decks/shard_2.json
