Godot Engine v4.6.2.stable.mono.official.71f334935 - https://godotengine.org

matchlab matrix shard 5 of 6: 546 matches
  a field: freestyle_swords, pyre_ascent, pyre_attrition, pyre_beatdown, root_seals, shade_henchmen, shade_mind_siege, shade_salvage, steel_beatdown, steel_heir, storm_unbound, storm_volley, tide_companions, tide_deepwater
  b field: freestyle_swords, pyre_ascent, pyre_attrition, pyre_beatdown, root_seals, shade_henchmen, shade_mind_siege, shade_salvage, steel_beatdown, steel_heir, storm_unbound, storm_volley, tide_companions, tide_deepwater
  a side : scorer
  b side : scorer
  flags  : --json=res://reports/tournament_2026-09-26/scorer_decks/shard_4.json --mode=matrix --policy=scorer --progress=0 --repeats=9 --scenario=res://tests/scenarios/balance.json --seed=77 --shard=4/6 --styles=1 --tsv=res://reports/tournament_2026-09-26/scorer_decks/shard_4.tsv

=== matchlab, 368s ===
side a: scorer
side b: scorer
546 matches, 0 unusable

RECORD  (both sides, scorer)
deck               played win% (95% range)       won by surv/seal/asc   lost to surv/seal/asc   turns
steel_beatdown         78  83.3% (73.5-90.0)                   65/0/0                   7/0/6     5.8
pyre_attrition         78  80.8% (70.7-88.0)                  13/0/50                  11/2/2     6.0
shade_mind_siege       78  80.8% (70.7-88.0)                   63/0/0                  10/0/5     7.2
pyre_beatdown          78  55.1% (44.1-65.7)                   41/0/2                  28/0/7     7.2
freestyle_swords       78  51.3% (40.4-62.1)                   40/0/0                  36/1/1     7.3
pyre_ascent            78  47.4% (36.7-58.4)                  12/0/25                  34/2/5     7.1
tide_deepwater         78  47.4% (36.7-58.4)                   37/0/0                  37/3/1     7.7
shade_henchmen         78  43.6% (33.1-54.6)                   34/0/0                  37/1/6     5.9
tide_companions        78  42.3% (32.0-53.4)                   33/0/0                  38/2/5     8.2
storm_volley           78  39.7% (29.6-50.8)                   31/0/0                 36/0/11     7.0
root_seals             78  38.5% (28.4-49.6)                  14/16/0                  41/0/7    15.8
steel_heir             78  37.2% (27.3-48.3)                   29/0/0                  46/0/3     6.1
storm_unbound          78  35.9% (26.1-47.0)                   26/0/2                 35/4/11     8.0
shade_salvage          78  16.7% (10.0-26.5)                   13/0/0                  55/1/9     6.9
all wins by route: 451/16/79

HOW CLOSE IT CAME WHEN IT LOST  (life cards left / Seals missing / share of the Fervor climb left)
deck               losses   own distance at the end      nearest route: surv/seal/asc
steel_beatdown         13    18.2 life / 6.3 seals /  51% asc   10/0/3
pyre_attrition         15     7.6 life / 7.0 seals /  53% asc   13/0/2
shade_mind_siege       15     9.1 life / 6.9 seals /  95% asc   15/0/0
pyre_beatdown          35     9.2 life / 6.8 seals /  62% asc   30/0/5
freestyle_swords       38     0.8 life / 6.9 seals /  95% asc   38/0/0
pyre_ascent            41     5.2 life / 7.0 seals /  64% asc   37/0/4
tide_deepwater         41     3.1 life / 6.5 seals / 100% asc   41/0/0
shade_henchmen         44     6.8 life / 6.8 seals /  94% asc   44/0/0
tide_companions        45     4.9 life / 6.9 seals /  97% asc   45/0/0
storm_volley           47    10.4 life / 6.7 seals / 100% asc   47/0/0
root_seals             48     6.8 life / 4.3 seals /  97% asc   46/2/0
steel_heir             49     2.6 life / 6.7 seals /  87% asc   49/0/0
storm_unbound          50    13.5 life / 7.0 seals /  84% asc   45/0/5
shade_salvage          65     5.9 life / 6.4 seals /  95% asc   65/0/0

WHAT IT HAD LEFT WHEN IT WON  (same three numbers, for the winner itself)
deck                 wins   own distance at the end
steel_beatdown         65    42.2 life / 5.6 seals /  38% asc
pyre_attrition         63    41.7 life / 6.7 seals /  28% asc
shade_mind_siege       63    36.9 life / 6.7 seals /  98% asc
pyre_beatdown          43    25.8 life / 6.7 seals /  58% asc
freestyle_swords       40    31.4 life / 6.7 seals /  92% asc
pyre_ascent            37    29.7 life / 6.5 seals /  30% asc
tide_deepwater         37    33.8 life / 5.6 seals /  98% asc
shade_henchmen         34    39.3 life / 6.4 seals /  88% asc
tide_companions        33    26.3 life / 6.6 seals /  95% asc
storm_volley           31    24.5 life / 6.2 seals / 100% asc
root_seals             30    28.7 life / 0.8 seals /  96% asc
steel_heir             29    27.3 life / 6.6 seals /  77% asc
storm_unbound          28    27.0 life / 6.6 seals /  52% asc
shade_salvage          13    27.4 life / 5.7 seals /  94% asc

MATCHUPS  (side a deck's win% against side b deck, n in brackets)
a \ b              freestyle_sw  pyre_ascent pyre_attriti pyre_beatdow   root_seals shade_henchm shade_mind_s shade_salvag steel_beatdo   steel_heir storm_unboun storm_volley tide_compani tide_deepwat
freestyle_swords              -      100%[3]       67%[3]        0%[3]       67%[3]       33%[3]        0%[3]      100%[3]        0%[3]       33%[3]       33%[3]       67%[3]      100%[3]       33%[3]
pyre_ascent              33%[3]            -       33%[3]       67%[3]      100%[3]       67%[3]        0%[3]      100%[3]        0%[3]      100%[3]      100%[3]      100%[3]       33%[3]       67%[3]
pyre_attrition           67%[3]       67%[3]            -      100%[3]       67%[3]      100%[3]      100%[3]      100%[3]        0%[3]       67%[3]      100%[3]      100%[3]      100%[3]      100%[3]
pyre_beatdown            67%[3]       67%[3]       67%[3]            -      100%[3]      100%[3]       33%[3]       67%[3]       33%[3]       33%[3]      100%[3]      100%[3]       33%[3]       67%[3]
root_seals               67%[3]       67%[3]       33%[3]      100%[3]            -        0%[3]        0%[3]       33%[3]        0%[3]       33%[3]       67%[3]        0%[3]       67%[3]       67%[3]
shade_henchmen            0%[3]      100%[3]       33%[3]       33%[3]       67%[3]            -        0%[3]       67%[3]       33%[3]       67%[3]      100%[3]       67%[3]       33%[3]      100%[3]
shade_mind_siege         67%[3]      100%[3]       33%[3]      100%[3]      100%[3]      100%[3]            -      100%[3]       33%[3]      100%[3]       67%[3]      100%[3]      100%[3]      100%[3]
shade_salvage            33%[3]       67%[3]        0%[3]        0%[3]       33%[3]       33%[3]        0%[3]            -        0%[3]       67%[3]       33%[3]        0%[3]        0%[3]        0%[3]
steel_beatdown           67%[3]       33%[3]        0%[3]       67%[3]       67%[3]      100%[3]       67%[3]      100%[3]            -       67%[3]      100%[3]      100%[3]      100%[3]      100%[3]
steel_heir               33%[3]       33%[3]        0%[3]       33%[3]       67%[3]       33%[3]        0%[3]      100%[3]        0%[3]            -       33%[3]       33%[3]       33%[3]        0%[3]
storm_unbound             0%[3]        0%[3]        0%[3]      100%[3]       33%[3]       33%[3]       33%[3]      100%[3]        0%[3]       33%[3]            -      100%[3]      100%[3]        0%[3]
storm_volley             67%[3]       33%[3]        0%[3]       67%[3]       67%[3]       67%[3]       67%[3]      100%[3]        0%[3]        0%[3]        0%[3]            -      100%[3]        0%[3]
tide_companions          33%[3]      100%[3]        0%[3]       67%[3]       67%[3]      100%[3]        0%[3]       67%[3]        0%[3]      100%[3]       67%[3]        0%[3]            -       33%[3]
tide_deepwater           67%[3]      100%[3]        0%[3]        0%[3]        0%[3]      100%[3]        0%[3]      100%[3]        0%[3]       33%[3]      100%[3]       67%[3]       33%[3]            -

DECISION COST
side   policy                       decisions  mean ms   med ms   p95 ms   max ms   search: mean depth / fallbacks
a      scorer                           34185     4.22     3.59     7.91       48   0.00 / 0
b      scorer                           33501     4.17     3.56     7.80       38   0.00 / 0

wrote G:/Godot/Gamestorming/zenith/reports/tournament_2026-09-26/scorer_decks/shard_4.tsv (546 matches)
wrote G:/Godot/Gamestorming/zenith/reports/tournament_2026-09-26/scorer_decks/shard_4.json
