Godot Engine v4.6.2.stable.mono.official.71f334935 - https://godotengine.org

matchlab matrix shard 4 of 6: 546 matches
  a field: freestyle_swords, pyre_ascent, pyre_attrition, pyre_beatdown, root_seals, shade_henchmen, shade_mind_siege, shade_salvage, steel_beatdown, steel_heir, storm_unbound, storm_volley, tide_companions, tide_deepwater
  b field: freestyle_swords, pyre_ascent, pyre_attrition, pyre_beatdown, root_seals, shade_henchmen, shade_mind_siege, shade_salvage, steel_beatdown, steel_heir, storm_unbound, storm_volley, tide_companions, tide_deepwater
  a side : scorer
  b side : scorer
  flags  : --json=res://reports/tournament_2026-09-26/scorer_decks/shard_3.json --mode=matrix --policy=scorer --progress=0 --repeats=9 --scenario=res://tests/scenarios/balance.json --seed=77 --shard=3/6 --styles=1 --tsv=res://reports/tournament_2026-09-26/scorer_decks/shard_3.tsv

=== matchlab, 372s ===
side a: scorer
side b: scorer
546 matches, 0 unusable

RECORD  (both sides, scorer)
deck               played win% (95% range)       won by surv/seal/asc   lost to surv/seal/asc   turns
pyre_attrition         78  89.7% (81.0-94.7)                  17/0/53                   8/0/0     5.8
steel_beatdown         78  79.5% (69.2-87.0)                   61/0/1                   7/0/9     5.7
shade_mind_siege       78  73.1% (62.3-81.7)                   57/0/0                  12/2/7     7.8
freestyle_swords       78  60.3% (49.2-70.4)                   47/0/0                  31/0/0     7.1
pyre_beatdown          78  52.6% (41.6-63.3)                   37/0/4                 24/2/11     7.1
shade_henchmen         78  52.6% (41.6-63.3)                   41/0/0                  27/2/8     5.9
pyre_ascent            78  50.0% (39.2-60.8)                   9/0/30                  32/1/6     7.0
root_seals             78  48.7% (37.9-59.6)                  22/16/0                  36/0/4    16.0
tide_deepwater         78  44.9% (34.3-55.9)                   35/0/0                  42/1/0     7.7
storm_unbound          78  35.9% (26.1-47.0)                   26/0/2                 35/3/12     8.4
tide_companions        78  35.9% (26.1-47.0)                   28/0/0                  45/1/4     8.0
steel_heir             78  30.8% (21.6-41.7)                   22/0/2                  48/2/4     6.1
storm_volley           78  24.4% (16.2-34.9)                   19/0/0                 43/0/16     6.7
shade_salvage          78  21.8% (14.1-32.2)                   17/0/0                 48/2/11     7.5
all wins by route: 438/16/92

HOW CLOSE IT CAME WHEN IT LOST  (life cards left / Seals missing / share of the Fervor climb left)
deck               losses   own distance at the end      nearest route: surv/seal/asc
pyre_attrition          8     0.0 life / 6.9 seals /  53% asc   8/0/0
steel_beatdown         16    22.9 life / 6.4 seals /  52% asc   10/0/6
shade_mind_siege       21     8.4 life / 6.9 seals /  98% asc   21/0/0
freestyle_swords       31     0.0 life / 6.9 seals /  96% asc   31/0/0
pyre_beatdown          37    13.1 life / 6.9 seals /  67% asc   32/0/5
shade_henchmen         37     9.7 life / 6.8 seals /  95% asc   37/0/0
pyre_ascent            39     6.4 life / 7.0 seals /  56% asc   35/0/4
root_seals             40     3.3 life / 3.8 seals /  95% asc   39/1/0
tide_deepwater         43     1.7 life / 6.6 seals /  99% asc   43/0/0
storm_unbound          50    14.3 life / 6.9 seals /  82% asc   48/0/2
tide_companions        50     2.7 life / 7.0 seals /  97% asc   50/0/0
steel_heir             54     4.1 life / 6.7 seals /  90% asc   54/0/0
storm_volley           59    10.7 life / 6.7 seals / 100% asc   59/0/0
shade_salvage          61     7.6 life / 6.3 seals /  94% asc   61/0/0

WHAT IT HAD LEFT WHEN IT WON  (same three numbers, for the winner itself)
deck                 wins   own distance at the end
pyre_attrition         70    42.7 life / 6.6 seals /  30% asc
steel_beatdown         62    39.2 life / 5.8 seals /  38% asc
shade_mind_siege       57    35.0 life / 6.8 seals /  97% asc
freestyle_swords       47    28.3 life / 6.7 seals /  92% asc
pyre_beatdown          41    24.9 life / 6.6 seals /  50% asc
shade_henchmen         41    38.2 life / 6.5 seals /  87% asc
pyre_ascent            39    34.1 life / 6.6 seals /  35% asc
root_seals             38    25.9 life / 1.4 seals /  95% asc
tide_deepwater         35    32.3 life / 6.0 seals /  99% asc
storm_unbound          28    26.0 life / 6.6 seals /  61% asc
tide_companions        28    24.5 life / 6.6 seals /  96% asc
steel_heir             24    28.3 life / 6.2 seals /  70% asc
storm_volley           19    27.7 life / 6.5 seals / 100% asc
shade_salvage          17    29.6 life / 6.2 seals /  95% asc

MATCHUPS  (side a deck's win% against side b deck, n in brackets)
a \ b              freestyle_sw  pyre_ascent pyre_attriti pyre_beatdow   root_seals shade_henchm shade_mind_s shade_salvag steel_beatdo   steel_heir storm_unboun storm_volley tide_compani tide_deepwat
freestyle_swords              -       67%[3]       67%[3]       67%[3]      100%[3]       67%[3]        0%[3]       33%[3]        0%[3]      100%[3]       67%[3]       67%[3]       67%[3]      100%[3]
pyre_ascent               0%[3]            -        0%[3]       67%[3]        0%[3]       67%[3]       33%[3]      100%[3]       67%[3]      100%[3]      100%[3]      100%[3]       33%[3]        0%[3]
pyre_attrition           33%[3]      100%[3]            -      100%[3]      100%[3]      100%[3]      100%[3]      100%[3]      100%[3]      100%[3]      100%[3]      100%[3]      100%[3]      100%[3]
pyre_beatdown            33%[3]        0%[3]        0%[3]            -       33%[3]      100%[3]       33%[3]       67%[3]       33%[3]      100%[3]      100%[3]       67%[3]      100%[3]       67%[3]
root_seals               33%[3]       67%[3]        0%[3]      100%[3]            -       33%[3]        0%[3]       67%[3]        0%[3]       33%[3]       67%[3]       67%[3]       67%[3]       33%[3]
shade_henchmen           67%[3]       67%[3]       33%[3]       67%[3]       67%[3]            -        0%[3]       67%[3]        0%[3]       67%[3]       67%[3]      100%[3]       33%[3]       67%[3]
shade_mind_siege         67%[3]       67%[3]       33%[3]      100%[3]       33%[3]       67%[3]            -      100%[3]       33%[3]      100%[3]       33%[3]      100%[3]      100%[3]      100%[3]
shade_salvage            33%[3]        0%[3]        0%[3]        0%[3]       33%[3]        0%[3]       33%[3]            -        0%[3]       33%[3]       33%[3]        0%[3]       33%[3]       33%[3]
steel_beatdown           67%[3]      100%[3]        0%[3]       33%[3]      100%[3]      100%[3]      100%[3]       67%[3]            -      100%[3]      100%[3]      100%[3]      100%[3]       67%[3]
steel_heir                0%[3]       33%[3]       67%[3]       33%[3]       67%[3]       33%[3]        0%[3]       33%[3]        0%[3]            -       33%[3]       67%[3]        0%[3]       33%[3]
storm_unbound            33%[3]       33%[3]        0%[3]       33%[3]        0%[3]       33%[3]       33%[3]      100%[3]        0%[3]       33%[3]            -       67%[3]      100%[3]       33%[3]
storm_volley             33%[3]        0%[3]        0%[3]        0%[3]        0%[3]        0%[3]        0%[3]       67%[3]        0%[3]        0%[3]       67%[3]            -      100%[3]        0%[3]
tide_companions          67%[3]       67%[3]        0%[3]       67%[3]       33%[3]        0%[3]        0%[3]       67%[3]       33%[3]      100%[3]       33%[3]        0%[3]            -       67%[3]
tide_deepwater           67%[3]       67%[3]        0%[3]        0%[3]       33%[3]       33%[3]        0%[3]      100%[3]        0%[3]       33%[3]       67%[3]      100%[3]       67%[3]            -

DECISION COST
side   policy                       decisions  mean ms   med ms   p95 ms   max ms   search: mean depth / fallbacks
a      scorer                           34227     4.21     3.61     7.77       57   0.00 / 0
b      scorer                           34170     4.20     3.58     7.85       55   0.00 / 0

wrote G:/Godot/Gamestorming/zenith/reports/tournament_2026-09-26/scorer_decks/shard_3.tsv (546 matches)
wrote G:/Godot/Gamestorming/zenith/reports/tournament_2026-09-26/scorer_decks/shard_3.json
