Godot Engine v4.6.2.stable.mono.official.71f334935 - https://godotengine.org

matchlab matrix shard 6 of 6: 546 matches
  a field: freestyle_swords, pyre_ascent, pyre_attrition, pyre_beatdown, root_seals, shade_henchmen, shade_mind_siege, shade_salvage, steel_beatdown, steel_heir, storm_unbound, storm_volley, tide_companions, tide_deepwater
  b field: freestyle_swords, pyre_ascent, pyre_attrition, pyre_beatdown, root_seals, shade_henchmen, shade_mind_siege, shade_salvage, steel_beatdown, steel_heir, storm_unbound, storm_volley, tide_companions, tide_deepwater
  a side : scorer
  b side : scorer
  flags  : --json=res://reports/tournament_2026-09-26/scorer/shard_5.json --mode=matrix --policy=scorer --progress=0 --repeats=9 --scenario=res://tests/scenarios/balance.json --seed=77 --shard=5/6 --styles=1 --tsv=res://reports/tournament_2026-09-26/scorer/shard_5.tsv

=== matchlab, 402s ===
side a: scorer
side b: scorer
546 matches, 0 unusable

RECORD  (both sides, scorer)
deck               played win% (95% range)       won by surv/seal/asc   lost to surv/seal/asc   turns
shade_mind_siege       78  88.5% (79.5-93.8)                   68/0/1                   7/1/1     7.5
steel_beatdown         78  85.9% (76.5-91.9)                   66/0/1                   9/0/2     5.5
freestyle_swords       78  76.9% (66.4-84.9)                   59/0/1                  18/0/0     6.8
shade_henchmen         78  61.5% (50.4-71.6)                   48/0/0                  25/2/3     5.9
pyre_beatdown          78  59.0% (47.9-69.2)                   45/0/1                  27/3/2     7.0
pyre_attrition         78  56.4% (45.4-66.9)                  26/0/18                  30/3/1     6.9
root_seals             78  55.1% (44.1-65.7)                  21/22/0                  34/0/1    15.9
tide_companions        78  43.6% (33.1-54.6)                   33/0/1                  44/0/0     8.5
storm_volley           78  38.5% (28.4-49.6)                   30/0/0                 38/0/10     7.4
tide_deepwater         78  38.5% (28.4-49.6)                   30/0/0                  44/4/0     7.0
storm_unbound          78  37.2% (27.3-48.3)                   26/0/3                  42/3/4     8.5
steel_heir             78  26.9% (18.3-37.7)                   21/0/0                  55/2/0     6.4
shade_salvage          78  23.1% (15.1-33.6)                   18/0/0                  55/3/2     8.0
pyre_ascent            78   9.0% ( 4.4-17.4)                    6/0/1                  69/1/1     8.2
all wins by route: 497/22/27

HOW CLOSE IT CAME WHEN IT LOST  (life cards left / Seals missing / share of the Fervor climb left)
deck               losses   own distance at the end      nearest route: surv/seal/asc
shade_mind_siege        9     3.3 life / 6.9 seals /  99% asc   9/0/0
steel_beatdown         11     7.5 life / 6.3 seals /  60% asc   9/0/2
freestyle_swords       18     0.0 life / 7.0 seals /  97% asc   18/0/0
shade_henchmen         30     4.7 life / 6.8 seals /  96% asc   30/0/0
pyre_beatdown          32     2.6 life / 6.9 seals /  76% asc   32/0/0
pyre_attrition         34     4.1 life / 7.0 seals /  70% asc   31/0/3
root_seals             35     2.9 life / 4.5 seals /  96% asc   35/0/0
tide_companions        44     0.0 life / 6.9 seals /  96% asc   44/0/0
storm_volley           48     7.2 life / 6.6 seals / 100% asc   48/0/0
tide_deepwater         48     2.6 life / 6.5 seals / 100% asc   48/0/0
storm_unbound          49     4.1 life / 6.8 seals /  82% asc   49/0/0
steel_heir             57     1.6 life / 6.9 seals /  96% asc   57/0/0
shade_salvage          60     1.6 life / 6.9 seals /  97% asc   60/0/0
pyre_ascent            71     1.4 life / 6.9 seals /  76% asc   70/0/1

WHAT IT HAD LEFT WHEN IT WON  (same three numbers, for the winner itself)
deck                 wins   own distance at the end
shade_mind_siege       69    36.2 life / 6.7 seals /  96% asc
steel_beatdown         67    43.1 life / 5.6 seals /  38% asc
freestyle_swords       60    31.2 life / 6.5 seals /  91% asc
shade_henchmen         48    37.8 life / 6.3 seals /  87% asc
pyre_beatdown          46    27.7 life / 6.7 seals /  52% asc
pyre_attrition         44    38.7 life / 6.8 seals /  43% asc
root_seals             43    28.3 life / 1.1 seals /  96% asc
tide_companions        34    27.2 life / 6.6 seals /  92% asc
storm_volley           30    25.3 life / 6.0 seals / 100% asc
tide_deepwater         30    32.1 life / 6.1 seals /  99% asc
storm_unbound          29    31.9 life / 6.6 seals /  60% asc
steel_heir             21    25.0 life / 6.4 seals /  83% asc
shade_salvage          18    17.5 life / 6.9 seals /  95% asc
pyre_ascent             7    16.3 life / 6.4 seals /  67% asc

MATCHUPS  (side a deck's win% against side b deck, n in brackets)
a \ b              freestyle_sw  pyre_ascent pyre_attriti pyre_beatdow   root_seals shade_henchm shade_mind_s shade_salvag steel_beatdo   steel_heir storm_unboun storm_volley tide_compani tide_deepwat
freestyle_swords              -      100%[3]      100%[3]       33%[3]      100%[3]       33%[3]        0%[3]       67%[3]        0%[3]      100%[3]      100%[3]      100%[3]       67%[3]      100%[3]
pyre_ascent               0%[3]            -        0%[3]        0%[3]        0%[3]        0%[3]        0%[3]        0%[3]        0%[3]        0%[3]        0%[3]        0%[3]        0%[3]       33%[3]
pyre_attrition           33%[3]      100%[3]            -       33%[3]        0%[3]       33%[3]       33%[3]       67%[3]       33%[3]      100%[3]      100%[3]      100%[3]       67%[3]       67%[3]
pyre_beatdown             0%[3]      100%[3]       67%[3]            -        0%[3]       67%[3]        0%[3]       67%[3]       33%[3]       67%[3]       67%[3]       67%[3]      100%[3]       67%[3]
root_seals                0%[3]      100%[3]       33%[3]       33%[3]            -        0%[3]       33%[3]      100%[3]        0%[3]       33%[3]       67%[3]        0%[3]       67%[3]      100%[3]
shade_henchmen           33%[3]       67%[3]       33%[3]       33%[3]       33%[3]            -        0%[3]      100%[3]       67%[3]      100%[3]       67%[3]      100%[3]       67%[3]      100%[3]
shade_mind_siege         67%[3]      100%[3]      100%[3]      100%[3]       33%[3]      100%[3]            -      100%[3]       67%[3]      100%[3]      100%[3]      100%[3]      100%[3]      100%[3]
shade_salvage             0%[3]       67%[3]       33%[3]       67%[3]        0%[3]       33%[3]        0%[3]            -        0%[3]        0%[3]       33%[3]        0%[3]       33%[3]        0%[3]
steel_beatdown           33%[3]      100%[3]       67%[3]       67%[3]      100%[3]      100%[3]       67%[3]      100%[3]            -      100%[3]      100%[3]      100%[3]      100%[3]      100%[3]
steel_heir                0%[3]       33%[3]       33%[3]        0%[3]       33%[3]        0%[3]        0%[3]       33%[3]        0%[3]            -       33%[3]       67%[3]        0%[3]        0%[3]
storm_unbound             0%[3]      100%[3]        0%[3]        0%[3]       67%[3]       33%[3]       33%[3]      100%[3]        0%[3]       33%[3]            -       33%[3]       67%[3]       33%[3]
storm_volley              0%[3]      100%[3]       33%[3]        0%[3]        0%[3]        0%[3]        0%[3]       67%[3]        0%[3]       67%[3]      100%[3]            -       67%[3]        0%[3]
tide_companions          33%[3]      100%[3]       67%[3]       67%[3]       67%[3]      100%[3]        0%[3]       67%[3]        0%[3]       33%[3]        0%[3]        0%[3]            -       67%[3]
tide_deepwater            0%[3]       33%[3]       33%[3]       33%[3]        0%[3]        0%[3]        0%[3]      100%[3]        0%[3]      100%[3]       67%[3]       67%[3]       33%[3]            -

DECISION COST
side   policy                       decisions  mean ms   med ms   p95 ms   max ms   search: mean depth / fallbacks
a      scorer                           34454     4.44     3.96     8.39       41   0.00 / 0
b      scorer                           34585     4.48     3.99     8.47       51   0.00 / 0

wrote G:/Godot/Gamestorming/zenith/reports/tournament_2026-09-26/scorer/shard_5.tsv (546 matches)
wrote G:/Godot/Gamestorming/zenith/reports/tournament_2026-09-26/scorer/shard_5.json
