Godot Engine v4.6.2.stable.mono.official.71f334935 - https://godotengine.org

matchlab matrix shard 5 of 6: 546 matches
  a field: freestyle_swords, pyre_ascent, pyre_attrition, pyre_beatdown, root_seals, shade_henchmen, shade_mind_siege, shade_salvage, steel_beatdown, steel_heir, storm_unbound, storm_volley, tide_companions, tide_deepwater
  b field: freestyle_swords, pyre_ascent, pyre_attrition, pyre_beatdown, root_seals, shade_henchmen, shade_mind_siege, shade_salvage, steel_beatdown, steel_heir, storm_unbound, storm_volley, tide_companions, tide_deepwater
  a side : scorer
  b side : scorer
  flags  : --json=res://reports/tournament_2026-09-26/scorer/shard_4.json --mode=matrix --policy=scorer --progress=0 --repeats=9 --scenario=res://tests/scenarios/balance.json --seed=77 --shard=4/6 --styles=1 --tsv=res://reports/tournament_2026-09-26/scorer/shard_4.tsv

=== matchlab, 406s ===
side a: scorer
side b: scorer
546 matches, 0 unusable

RECORD  (both sides, scorer)
deck               played win% (95% range)       won by surv/seal/asc   lost to surv/seal/asc   turns
shade_mind_siege       78  88.5% (79.5-93.8)                   69/0/0                   7/1/1     6.8
steel_beatdown         78  84.6% (75.0-91.0)                   66/0/0                  10/1/1     5.8
freestyle_swords       78  65.4% (54.3-75.0)                   51/0/0                  26/1/0     6.8
pyre_attrition         78  64.1% (53.0-73.9)                  28/0/22                  22/3/3     6.9
root_seals             78  62.8% (51.7-72.7)                  25/24/0                  27/0/2    16.4
pyre_beatdown          78  53.8% (42.9-64.5)                   36/0/6                  30/3/3     7.4
shade_henchmen         78  50.0% (39.2-60.8)                   39/0/0                  35/0/4     6.0
tide_companions        78  50.0% (39.2-60.8)                   39/0/0                  37/1/1     8.8
storm_unbound          78  46.2% (35.5-57.1)                   34/0/2                  38/1/3     8.9
tide_deepwater         78  41.0% (30.8-52.1)                   32/0/0                  43/3/0     7.4
storm_volley           78  37.2% (27.3-48.3)                   29/0/0                 36/3/10     7.2
shade_salvage          78  24.4% (16.2-34.9)                   19/0/0                  55/2/2     8.0
pyre_ascent            78  16.7% (10.0-26.5)                   10/0/3                  59/4/2     8.4
steel_heir             78  15.4% ( 9.0-25.0)                   12/0/0                  64/1/1     7.1
all wins by route: 489/24/33

HOW CLOSE IT CAME WHEN IT LOST  (life cards left / Seals missing / share of the Fervor climb left)
deck               losses   own distance at the end      nearest route: surv/seal/asc
shade_mind_siege        9     5.6 life / 7.0 seals /  97% asc   9/0/0
steel_beatdown         12     7.1 life / 6.2 seals /  62% asc   11/0/1
freestyle_swords       27     1.4 life / 6.9 seals /  97% asc   27/0/0
pyre_attrition         28     3.6 life / 7.0 seals /  72% asc   27/0/1
root_seals             29     4.2 life / 4.7 seals /  95% asc   28/1/0
pyre_beatdown          36     4.6 life / 6.9 seals /  66% asc   35/0/1
shade_henchmen         39     3.0 life / 6.7 seals /  95% asc   39/0/0
tide_companions        39     0.5 life / 7.0 seals /  98% asc   39/0/0
storm_unbound          42     4.0 life / 6.8 seals /  78% asc   40/0/2
tide_deepwater         46     2.0 life / 6.8 seals /  99% asc   46/0/0
storm_volley           49     8.2 life / 6.7 seals / 100% asc   49/0/0
shade_salvage          59     2.1 life / 7.0 seals /  96% asc   59/0/0
pyre_ascent            65     2.2 life / 6.9 seals /  75% asc   64/0/1
steel_heir             66     0.9 life / 6.8 seals /  95% asc   66/0/0

WHAT IT HAD LEFT WHEN IT WON  (same three numbers, for the winner itself)
deck                 wins   own distance at the end
shade_mind_siege       69    40.4 life / 6.7 seals /  98% asc
steel_beatdown         66    41.9 life / 5.7 seals /  37% asc
freestyle_swords       51    32.7 life / 6.7 seals /  91% asc
pyre_attrition         50    37.7 life / 6.7 seals /  43% asc
root_seals             49    24.2 life / 0.9 seals /  94% asc
pyre_beatdown          42    27.1 life / 6.8 seals /  50% asc
shade_henchmen         39    34.6 life / 6.1 seals /  85% asc
tide_companions        39    26.2 life / 6.8 seals /  96% asc
storm_unbound          36    30.0 life / 6.6 seals /  64% asc
tide_deepwater         32    30.8 life / 5.5 seals / 100% asc
storm_volley           29    32.1 life / 6.0 seals / 100% asc
shade_salvage          19    27.2 life / 6.8 seals /  97% asc
pyre_ascent            13    25.2 life / 6.8 seals /  44% asc
steel_heir             12    14.0 life / 6.6 seals /  92% asc

MATCHUPS  (side a deck's win% against side b deck, n in brackets)
a \ b              freestyle_sw  pyre_ascent pyre_attriti pyre_beatdow   root_seals shade_henchm shade_mind_s shade_salvag steel_beatdo   steel_heir storm_unboun storm_volley tide_compani tide_deepwat
freestyle_swords              -      100%[3]       67%[3]       33%[3]       33%[3]       67%[3]        0%[3]      100%[3]       33%[3]       33%[3]       67%[3]      100%[3]      100%[3]      100%[3]
pyre_ascent               0%[3]            -       33%[3]       33%[3]        0%[3]        0%[3]        0%[3]       33%[3]        0%[3]      100%[3]       33%[3]       67%[3]        0%[3]        0%[3]
pyre_attrition           33%[3]      100%[3]            -       67%[3]       67%[3]      100%[3]       33%[3]      100%[3]       33%[3]      100%[3]      100%[3]      100%[3]      100%[3]       67%[3]
pyre_beatdown            67%[3]      100%[3]       67%[3]            -        0%[3]      100%[3]        0%[3]       33%[3]       33%[3]      100%[3]       67%[3]      100%[3]       67%[3]       67%[3]
root_seals                0%[3]      100%[3]       67%[3]      100%[3]            -        0%[3]        0%[3]       67%[3]       33%[3]      100%[3]       67%[3]      100%[3]      100%[3]       67%[3]
shade_henchmen           33%[3]      100%[3]        0%[3]       33%[3]      100%[3]            -        0%[3]       67%[3]        0%[3]       67%[3]      100%[3]       67%[3]       33%[3]       67%[3]
shade_mind_siege        100%[3]      100%[3]       67%[3]      100%[3]       67%[3]      100%[3]            -      100%[3]       33%[3]      100%[3]       67%[3]      100%[3]       67%[3]       67%[3]
shade_salvage            33%[3]       67%[3]       67%[3]       33%[3]        0%[3]        0%[3]        0%[3]            -        0%[3]       67%[3]        0%[3]        0%[3]       33%[3]        0%[3]
steel_beatdown           67%[3]      100%[3]      100%[3]       67%[3]      100%[3]      100%[3]       33%[3]      100%[3]            -      100%[3]       67%[3]      100%[3]      100%[3]      100%[3]
steel_heir                0%[3]        0%[3]        0%[3]       67%[3]        0%[3]        0%[3]        0%[3]       33%[3]        0%[3]            -       67%[3]        0%[3]        0%[3]        0%[3]
storm_unbound            33%[3]      100%[3]        0%[3]       33%[3]       33%[3]       33%[3]        0%[3]      100%[3]       33%[3]      100%[3]            -       67%[3]      100%[3]       33%[3]
storm_volley              0%[3]      100%[3]        0%[3]       33%[3]       33%[3]       33%[3]        0%[3]       67%[3]        0%[3]      100%[3]       67%[3]            -      100%[3]       67%[3]
tide_companions          33%[3]      100%[3]      100%[3]      100%[3]       33%[3]      100%[3]        0%[3]      100%[3]       33%[3]      100%[3]        0%[3]       67%[3]            -       67%[3]
tide_deepwater           33%[3]      100%[3]       67%[3]        0%[3]        0%[3]       33%[3]        0%[3]       67%[3]        0%[3]        0%[3]       67%[3]       67%[3]       33%[3]            -

DECISION COST
side   policy                       decisions  mean ms   med ms   p95 ms   max ms   search: mean depth / fallbacks
a      scorer                           35085     4.48     3.98     8.48       66   0.00 / 0
b      scorer                           34814     4.45     3.96     8.38       42   0.00 / 0

wrote G:/Godot/Gamestorming/zenith/reports/tournament_2026-09-26/scorer/shard_4.tsv (546 matches)
wrote G:/Godot/Gamestorming/zenith/reports/tournament_2026-09-26/scorer/shard_4.json
