Godot Engine v4.6.2.stable.mono.official.71f334935 - https://godotengine.org

matchlab matrix shard 3 of 6: 546 matches
  a field: freestyle_swords, pyre_ascent, pyre_attrition, pyre_beatdown, root_seals, shade_henchmen, shade_mind_siege, shade_salvage, steel_beatdown, steel_heir, storm_unbound, storm_volley, tide_companions, tide_deepwater
  b field: freestyle_swords, pyre_ascent, pyre_attrition, pyre_beatdown, root_seals, shade_henchmen, shade_mind_siege, shade_salvage, steel_beatdown, steel_heir, storm_unbound, storm_volley, tide_companions, tide_deepwater
  a side : scorer
  b side : scorer
  flags  : --json=res://reports/tournament_2026-09-26/scorer/shard_2.json --mode=matrix --policy=scorer --progress=0 --repeats=9 --scenario=res://tests/scenarios/balance.json --seed=77 --shard=2/6 --styles=1 --tsv=res://reports/tournament_2026-09-26/scorer/shard_2.tsv

=== matchlab, 402s ===
side a: scorer
side b: scorer
546 matches, 0 unusable

RECORD  (both sides, scorer)
deck               played win% (95% range)       won by surv/seal/asc   lost to surv/seal/asc   turns
shade_mind_siege       78  87.2% (78.0-92.9)                   68/0/0                   6/2/2     7.2
steel_beatdown         78  79.5% (69.2-87.0)                   62/0/0                  13/1/2     5.7
pyre_attrition         78  71.8% (61.0-80.6)                  37/0/19                  18/4/0     7.6
freestyle_swords       78  66.7% (55.6-76.1)                   52/0/0                  25/1/0     7.0
pyre_beatdown          78  59.0% (47.9-69.2)                   46/0/0                  28/3/1     6.7
shade_henchmen         78  57.7% (46.6-68.0)                   45/0/0                  30/0/3     5.8
root_seals             78  53.8% (42.9-64.5)                  17/25/0                  35/0/1    15.6
storm_unbound          78  51.3% (40.4-62.1)                   39/0/1                  32/3/3     8.5
tide_deepwater         78  42.3% (32.0-53.4)                   33/0/0                  43/2/0     7.3
storm_volley           78  38.5% (28.4-49.6)                   30/0/0                  42/2/4     7.6
tide_companions        78  35.9% (26.1-47.0)                   28/0/0                  48/0/2     8.2
shade_salvage          78  30.8% (21.6-41.7)                   24/0/0                  53/1/0     7.4
pyre_ascent            78  12.8% ( 7.1-22.0)                    9/0/1                  62/3/3     8.4
steel_heir             78  12.8% ( 7.1-22.0)                   10/0/0                  65/3/0     6.7
all wins by route: 500/25/21

HOW CLOSE IT CAME WHEN IT LOST  (life cards left / Seals missing / share of the Fervor climb left)
deck               losses   own distance at the end      nearest route: surv/seal/asc
shade_mind_siege       10    12.6 life / 7.0 seals /  99% asc   10/0/0
steel_beatdown         16     6.8 life / 6.1 seals /  50% asc   15/0/1
pyre_attrition         22     4.1 life / 7.0 seals /  66% asc   20/0/2
freestyle_swords       26     0.1 life / 6.9 seals /  96% asc   26/0/0
pyre_beatdown          32     2.3 life / 7.0 seals /  72% asc   32/0/0
shade_henchmen         33     2.2 life / 6.9 seals /  99% asc   33/0/0
root_seals             36     1.7 life / 4.0 seals /  96% asc   36/0/0
storm_unbound          38     5.0 life / 6.9 seals /  84% asc   37/0/1
tide_deepwater         45     1.2 life / 6.5 seals / 100% asc   45/0/0
storm_volley           48     5.0 life / 6.6 seals / 100% asc   48/0/0
tide_companions        50     0.7 life / 6.9 seals /  95% asc   50/0/0
shade_salvage          54     1.0 life / 6.9 seals /  98% asc   54/0/0
pyre_ascent            68     1.4 life / 6.9 seals /  73% asc   67/0/1
steel_heir             68     1.4 life / 6.9 seals /  97% asc   68/0/0

WHAT IT HAD LEFT WHEN IT WON  (same three numbers, for the winner itself)
deck                 wins   own distance at the end
shade_mind_siege       68    38.4 life / 6.6 seals /  98% asc
steel_beatdown         62    41.6 life / 5.7 seals /  39% asc
pyre_attrition         56    28.9 life / 6.6 seals /  48% asc
freestyle_swords       52    28.3 life / 6.7 seals /  91% asc
pyre_beatdown          46    30.3 life / 6.7 seals /  59% asc
shade_henchmen         45    36.7 life / 6.4 seals /  87% asc
root_seals             42    27.7 life / 1.0 seals /  96% asc
storm_unbound          40    30.6 life / 6.4 seals /  67% asc
tide_deepwater         33    32.2 life / 5.9 seals / 100% asc
storm_volley           30    25.1 life / 6.0 seals / 100% asc
tide_companions        28    25.8 life / 6.9 seals /  95% asc
shade_salvage          24    31.4 life / 6.8 seals /  97% asc
pyre_ascent            10    19.2 life / 6.4 seals /  46% asc
steel_heir             10    21.7 life / 6.8 seals /  94% asc

MATCHUPS  (side a deck's win% against side b deck, n in brackets)
a \ b              freestyle_sw  pyre_ascent pyre_attriti pyre_beatdow   root_seals shade_henchm shade_mind_s shade_salvag steel_beatdo   steel_heir storm_unboun storm_volley tide_compani tide_deepwat
freestyle_swords              -      100%[3]       67%[3]       33%[3]      100%[3]       67%[3]        0%[3]      100%[3]        0%[3]      100%[3]      100%[3]      100%[3]      100%[3]       67%[3]
pyre_ascent               0%[3]            -        0%[3]        0%[3]       33%[3]        0%[3]        0%[3]       33%[3]        0%[3]       67%[3]        0%[3]       33%[3]        0%[3]        0%[3]
pyre_attrition           33%[3]      100%[3]            -       67%[3]        0%[3]      100%[3]       67%[3]       67%[3]      100%[3]      100%[3]      100%[3]      100%[3]      100%[3]       67%[3]
pyre_beatdown             0%[3]      100%[3]       67%[3]            -       33%[3]       67%[3]        0%[3]       67%[3]       33%[3]      100%[3]       67%[3]      100%[3]      100%[3]      100%[3]
root_seals               67%[3]       67%[3]       67%[3]       67%[3]            -        0%[3]       33%[3]       33%[3]       33%[3]       67%[3]       67%[3]       67%[3]      100%[3]       67%[3]
shade_henchmen           33%[3]      100%[3]        0%[3]       67%[3]      100%[3]            -        0%[3]      100%[3]        0%[3]      100%[3]       67%[3]      100%[3]       33%[3]      100%[3]
shade_mind_siege        100%[3]      100%[3]       67%[3]       67%[3]       67%[3]      100%[3]            -      100%[3]      100%[3]      100%[3]       67%[3]      100%[3]       67%[3]      100%[3]
shade_salvage            33%[3]       67%[3]        0%[3]       67%[3]       67%[3]        0%[3]        0%[3]            -        0%[3]       33%[3]        0%[3]        0%[3]        0%[3]       67%[3]
steel_beatdown          100%[3]      100%[3]       67%[3]       67%[3]      100%[3]      100%[3]        0%[3]       67%[3]            -      100%[3]      100%[3]       67%[3]      100%[3]      100%[3]
steel_heir                0%[3]        0%[3]        0%[3]       33%[3]        0%[3]        0%[3]        0%[3]       33%[3]        0%[3]            -        0%[3]       33%[3]        0%[3]       33%[3]
storm_unbound            33%[3]      100%[3]       33%[3]        0%[3]       67%[3]        0%[3]       33%[3]       67%[3]        0%[3]      100%[3]            -      100%[3]      100%[3]       33%[3]
storm_volley             33%[3]      100%[3]        0%[3]       33%[3]       33%[3]        0%[3]        0%[3]       67%[3]        0%[3]      100%[3]       33%[3]            -       67%[3]       67%[3]
tide_companions           0%[3]      100%[3]       33%[3]       67%[3]        0%[3]       67%[3]       33%[3]       33%[3]        0%[3]       33%[3]        0%[3]        0%[3]            -       33%[3]
tide_deepwater           67%[3]      100%[3]       33%[3]       33%[3]       33%[3]      100%[3]        0%[3]       67%[3]       33%[3]      100%[3]       33%[3]       33%[3]        0%[3]            -

DECISION COST
side   policy                       decisions  mean ms   med ms   p95 ms   max ms   search: mean depth / fallbacks
a      scorer                           34776     4.43     3.95     8.43       48   0.00 / 0
b      scorer                           34524     4.43     3.96     8.36       50   0.00 / 0

wrote G:/Godot/Gamestorming/zenith/reports/tournament_2026-09-26/scorer/shard_2.tsv (546 matches)
wrote G:/Godot/Gamestorming/zenith/reports/tournament_2026-09-26/scorer/shard_2.json
