Godot Engine v4.6.2.stable.mono.official.71f334935 - https://godotengine.org

matchlab matrix shard 2 of 6: 546 matches
  a field: freestyle_swords, pyre_ascent, pyre_attrition, pyre_beatdown, root_seals, shade_henchmen, shade_mind_siege, shade_salvage, steel_beatdown, steel_heir, storm_unbound, storm_volley, tide_companions, tide_deepwater
  b field: freestyle_swords, pyre_ascent, pyre_attrition, pyre_beatdown, root_seals, shade_henchmen, shade_mind_siege, shade_salvage, steel_beatdown, steel_heir, storm_unbound, storm_volley, tide_companions, tide_deepwater
  a side : scorer
  b side : scorer
  flags  : --json=res://reports/tournament_2026-09-26/scorer/shard_1.json --mode=matrix --policy=scorer --progress=0 --repeats=9 --scenario=res://tests/scenarios/balance.json --seed=77 --shard=1/6 --styles=1 --tsv=res://reports/tournament_2026-09-26/scorer/shard_1.tsv

=== matchlab, 404s ===
side a: scorer
side b: scorer
546 matches, 0 unusable

RECORD  (both sides, scorer)
deck               played win% (95% range)       won by surv/seal/asc   lost to surv/seal/asc   turns
steel_beatdown         78  84.6% (75.0-91.0)                   66/0/0                   9/0/3     5.7
shade_mind_siege       78  82.1% (72.1-89.0)                   64/0/0                  10/3/1     7.9
freestyle_swords       78  66.7% (55.6-76.1)                   52/0/0                  26/0/0     7.1
pyre_attrition         78  65.4% (54.3-75.0)                  36/0/15                  24/2/1     6.8
root_seals             78  55.1% (44.1-65.7)                  29/14/0                  35/0/0    16.2
shade_henchmen         78  53.8% (42.9-64.5)                   42/0/0                  32/1/3     5.9
tide_deepwater         78  52.6% (41.6-63.3)                   41/0/0                  36/1/0     6.9
storm_unbound          78  51.3% (40.4-62.1)                   39/0/1                  35/1/2     8.8
tide_companions        78  46.2% (35.5-57.1)                   36/0/0                  41/0/1     8.5
pyre_beatdown          78  44.9% (34.3-55.9)                   32/0/3                  38/2/3     7.4
storm_volley           78  38.5% (28.4-49.6)                   30/0/0                  41/0/7     7.4
steel_heir             78  26.9% (18.3-37.7)                   21/0/0                  56/1/0     6.9
shade_salvage          78  19.2% (12.0-29.3)                   15/0/0                  61/2/0     8.0
pyre_ascent            78  12.8% ( 7.1-22.0)                    8/0/2                  67/1/0     8.4
all wins by route: 511/14/21

HOW CLOSE IT CAME WHEN IT LOST  (life cards left / Seals missing / share of the Fervor climb left)
deck               losses   own distance at the end      nearest route: surv/seal/asc
steel_beatdown         12     8.5 life / 6.1 seals /  55% asc   11/0/1
shade_mind_siege       14     8.0 life / 6.9 seals /  98% asc   14/0/0
freestyle_swords       26     0.0 life / 6.9 seals /  96% asc   26/0/0
pyre_attrition         27     4.3 life / 7.0 seals /  74% asc   25/0/2
root_seals             35     2.1 life / 3.7 seals /  96% asc   35/0/0
shade_henchmen         36     4.2 life / 6.8 seals /  96% asc   36/0/0
tide_deepwater         37     2.4 life / 6.6 seals / 100% asc   37/0/0
storm_unbound          38     3.6 life / 6.9 seals /  81% asc   38/0/0
tide_companions        42     0.7 life / 6.9 seals /  98% asc   42/0/0
pyre_beatdown          43     4.1 life / 6.9 seals /  64% asc   41/0/2
storm_volley           48     3.5 life / 6.6 seals / 100% asc   48/0/0
steel_heir             57     0.6 life / 6.9 seals /  95% asc   57/0/0
shade_salvage          63     0.8 life / 7.0 seals /  97% asc   63/0/0
pyre_ascent            68     0.9 life / 6.9 seals /  76% asc   68/0/0

WHAT IT HAD LEFT WHEN IT WON  (same three numbers, for the winner itself)
deck                 wins   own distance at the end
steel_beatdown         66    40.2 life / 6.0 seals /  41% asc
shade_mind_siege       64    34.4 life / 6.9 seals /  97% asc
freestyle_swords       52    32.0 life / 6.8 seals /  93% asc
pyre_attrition         51    33.9 life / 6.8 seals /  48% asc
root_seals             43    27.5 life / 1.7 seals /  96% asc
shade_henchmen         42    41.7 life / 6.4 seals /  87% asc
tide_deepwater         41    28.8 life / 5.8 seals /  99% asc
storm_unbound          40    27.9 life / 6.4 seals /  64% asc
tide_companions        36    23.3 life / 6.8 seals /  96% asc
pyre_beatdown          35    25.8 life / 6.8 seals /  42% asc
storm_volley           30    25.8 life / 6.2 seals / 100% asc
steel_heir             21    21.3 life / 6.7 seals /  88% asc
shade_salvage          15    22.4 life / 6.8 seals /  96% asc
pyre_ascent            10    16.0 life / 6.6 seals /  47% asc

MATCHUPS  (side a deck's win% against side b deck, n in brackets)
a \ b              freestyle_sw  pyre_ascent pyre_attriti pyre_beatdow   root_seals shade_henchm shade_mind_s shade_salvag steel_beatdo   steel_heir storm_unboun storm_volley tide_compani tide_deepwat
freestyle_swords              -      100%[3]       33%[3]       33%[3]       33%[3]       33%[3]        0%[3]       67%[3]       67%[3]      100%[3]       33%[3]      100%[3]      100%[3]       33%[3]
pyre_ascent               0%[3]            -        0%[3]       33%[3]       33%[3]       33%[3]        0%[3]       67%[3]        0%[3]        0%[3]        0%[3]       33%[3]        0%[3]        0%[3]
pyre_attrition          100%[3]      100%[3]            -      100%[3]       33%[3]      100%[3]        0%[3]       67%[3]        0%[3]      100%[3]       67%[3]      100%[3]       67%[3]       33%[3]
pyre_beatdown            33%[3]      100%[3]       33%[3]            -        0%[3]       33%[3]        0%[3]       67%[3]        0%[3]       67%[3]      100%[3]      100%[3]        0%[3]       33%[3]
root_seals               33%[3]      100%[3]       33%[3]      100%[3]            -        0%[3]       67%[3]       67%[3]        0%[3]       67%[3]       67%[3]       33%[3]      100%[3]       67%[3]
shade_henchmen            0%[3]      100%[3]       67%[3]       67%[3]       33%[3]            -        0%[3]      100%[3]        0%[3]       67%[3]       67%[3]       67%[3]      100%[3]        0%[3]
shade_mind_siege         67%[3]      100%[3]       67%[3]       67%[3]       33%[3]      100%[3]            -      100%[3]       67%[3]      100%[3]       67%[3]      100%[3]       67%[3]      100%[3]
shade_salvage             0%[3]       33%[3]       33%[3]       67%[3]       33%[3]        0%[3]        0%[3]            -        0%[3]       33%[3]       33%[3]       33%[3]        0%[3]        0%[3]
steel_beatdown           67%[3]      100%[3]       33%[3]        0%[3]      100%[3]      100%[3]       33%[3]      100%[3]            -      100%[3]      100%[3]      100%[3]      100%[3]      100%[3]
steel_heir                0%[3]       33%[3]       33%[3]        0%[3]       33%[3]       67%[3]        0%[3]       67%[3]        0%[3]            -        0%[3]        0%[3]        0%[3]       33%[3]
storm_unbound             0%[3]      100%[3]        0%[3]      100%[3]       67%[3]        0%[3]       67%[3]      100%[3]        0%[3]       67%[3]            -      100%[3]       67%[3]       67%[3]
storm_volley              0%[3]      100%[3]        0%[3]       33%[3]       67%[3]       33%[3]        0%[3]      100%[3]        0%[3]       67%[3]       67%[3]            -      100%[3]        0%[3]
tide_companions           0%[3]      100%[3]      100%[3]       33%[3]       67%[3]       33%[3]       33%[3]      100%[3]        0%[3]       67%[3]       67%[3]        0%[3]            -       33%[3]
tide_deepwater            0%[3]      100%[3]       33%[3]       67%[3]       67%[3]       33%[3]        0%[3]       67%[3]        0%[3]       33%[3]       33%[3]      100%[3]       33%[3]            -

DECISION COST
side   policy                       decisions  mean ms   med ms   p95 ms   max ms   search: mean depth / fallbacks
a      scorer                           34931     4.41     3.92     8.43       68   0.00 / 0
b      scorer                           35100     4.43     3.95     8.43       51   0.00 / 0

wrote G:/Godot/Gamestorming/zenith/reports/tournament_2026-09-26/scorer/shard_1.tsv (546 matches)
wrote G:/Godot/Gamestorming/zenith/reports/tournament_2026-09-26/scorer/shard_1.json
