Godot Engine v4.6.2.stable.mono.official.71f334935 - https://godotengine.org

matchlab matrix shard 4 of 6: 546 matches
  a field: freestyle_swords, pyre_ascent, pyre_attrition, pyre_beatdown, root_seals, shade_henchmen, shade_mind_siege, shade_salvage, steel_beatdown, steel_heir, storm_unbound, storm_volley, tide_companions, tide_deepwater
  b field: freestyle_swords, pyre_ascent, pyre_attrition, pyre_beatdown, root_seals, shade_henchmen, shade_mind_siege, shade_salvage, steel_beatdown, steel_heir, storm_unbound, storm_volley, tide_companions, tide_deepwater
  a side : scorer
  b side : scorer
  flags  : --json=res://reports/tournament_2026-09-26/scorer/shard_3.json --mode=matrix --policy=scorer --progress=0 --repeats=9 --scenario=res://tests/scenarios/balance.json --seed=77 --shard=3/6 --styles=1 --tsv=res://reports/tournament_2026-09-26/scorer/shard_3.tsv

=== matchlab, 400s ===
side a: scorer
side b: scorer
546 matches, 0 unusable

RECORD  (both sides, scorer)
deck               played win% (95% range)       won by surv/seal/asc   lost to surv/seal/asc   turns
shade_mind_siege       78  92.3% (84.2-96.4)                   72/0/0                   4/1/1     7.3
steel_beatdown         78  85.9% (76.5-91.9)                   67/0/0                   8/0/3     5.4
freestyle_swords       78  67.9% (57.0-77.3)                   53/0/0                  25/0/0     6.7
pyre_attrition         78  67.9% (57.0-77.3)                  33/0/20                  21/3/1     7.7
pyre_beatdown          78  57.7% (46.6-68.0)                   43/0/2                  31/0/2     6.6
shade_henchmen         78  56.4% (45.4-66.9)                   44/0/0                  30/0/4     5.8
root_seals             78  52.6% (41.6-63.3)                  20/21/0                  37/0/0    15.6
tide_deepwater         78  43.6% (33.1-54.6)                   34/0/0                  40/4/0     7.7
storm_unbound          78  39.7% (29.6-50.8)                   31/0/0                  38/3/6     8.8
storm_volley           78  37.2% (27.3-48.3)                   29/0/0                  43/1/5     7.6
tide_companions        78  35.9% (26.1-47.0)                   28/0/0                  48/2/0     8.1
shade_salvage          78  24.4% (16.2-34.9)                   19/0/0                  53/3/3     8.1
steel_heir             78  20.5% (13.0-30.8)                   16/0/0                  60/2/0     6.8
pyre_ascent            78  17.9% (11.0-27.9)                    9/0/5                  60/2/2     8.0
all wins by route: 498/21/27

HOW CLOSE IT CAME WHEN IT LOST  (life cards left / Seals missing / share of the Fervor climb left)
deck               losses   own distance at the end      nearest route: surv/seal/asc
shade_mind_siege        6     3.3 life / 7.0 seals /  99% asc   6/0/0
steel_beatdown         11     7.5 life / 6.5 seals /  69% asc   10/0/1
freestyle_swords       25     0.0 life / 7.0 seals /  95% asc   25/0/0
pyre_attrition         25     5.0 life / 7.0 seals /  71% asc   24/0/1
pyre_beatdown          33     3.4 life / 6.8 seals /  66% asc   31/0/2
shade_henchmen         34     2.6 life / 6.7 seals /  96% asc   34/0/0
root_seals             37     2.5 life / 4.5 seals /  97% asc   37/0/0
tide_deepwater         44     2.0 life / 6.5 seals /  99% asc   44/0/0
storm_unbound          47     6.8 life / 6.8 seals /  79% asc   44/0/3
storm_volley           49     3.9 life / 6.7 seals / 100% asc   49/0/0
tide_companions        50     1.1 life / 7.0 seals /  96% asc   50/0/0
shade_salvage          59     2.2 life / 6.9 seals /  98% asc   59/0/0
steel_heir             62     1.2 life / 6.9 seals /  97% asc   62/0/0
pyre_ascent            64     1.6 life / 6.9 seals /  78% asc   63/0/1

WHAT IT HAD LEFT WHEN IT WON  (same three numbers, for the winner itself)
deck                 wins   own distance at the end
shade_mind_siege       72    36.4 life / 6.7 seals /  97% asc
steel_beatdown         67    43.8 life / 5.7 seals /  41% asc
freestyle_swords       53    30.2 life / 6.8 seals /  92% asc
pyre_attrition         53    31.1 life / 6.5 seals /  43% asc
pyre_beatdown          45    29.3 life / 6.7 seals /  56% asc
shade_henchmen         44    38.0 life / 6.4 seals /  87% asc
root_seals             41    29.7 life / 1.0 seals /  94% asc
tide_deepwater         34    28.2 life / 5.6 seals /  99% asc
storm_unbound          31    30.8 life / 6.3 seals /  65% asc
storm_volley           29    28.3 life / 6.3 seals / 100% asc
tide_companions        28    24.3 life / 6.8 seals /  94% asc
shade_salvage          19    26.4 life / 6.7 seals /  95% asc
steel_heir             16    22.2 life / 6.3 seals /  87% asc
pyre_ascent            14    27.8 life / 6.9 seals /  50% asc

MATCHUPS  (side a deck's win% against side b deck, n in brackets)
a \ b              freestyle_sw  pyre_ascent pyre_attriti pyre_beatdow   root_seals shade_henchm shade_mind_s shade_salvag steel_beatdo   steel_heir storm_unboun storm_volley tide_compani tide_deepwat
freestyle_swords              -      100%[3]       67%[3]      100%[3]       67%[3]       67%[3]        0%[3]       67%[3]       33%[3]      100%[3]      100%[3]       33%[3]      100%[3]      100%[3]
pyre_ascent               0%[3]            -        0%[3]        0%[3]        0%[3]        0%[3]        0%[3]       67%[3]        0%[3]      100%[3]       33%[3]       33%[3]       33%[3]        0%[3]
pyre_attrition           33%[3]      100%[3]            -        0%[3]        0%[3]      100%[3]       33%[3]       67%[3]       67%[3]      100%[3]      100%[3]       67%[3]      100%[3]      100%[3]
pyre_beatdown            67%[3]       33%[3]       67%[3]            -      100%[3]       33%[3]       33%[3]       67%[3]        0%[3]      100%[3]      100%[3]       67%[3]       67%[3]       33%[3]
root_seals                0%[3]      100%[3]        0%[3]       33%[3]            -        0%[3]       33%[3]       67%[3]        0%[3]       67%[3]      100%[3]      100%[3]       67%[3]      100%[3]
shade_henchmen           33%[3]       67%[3]       33%[3]        0%[3]       33%[3]            -        0%[3]       67%[3]        0%[3]      100%[3]      100%[3]      100%[3]       67%[3]      100%[3]
shade_mind_siege        100%[3]      100%[3]       67%[3]       67%[3]      100%[3]      100%[3]            -      100%[3]      100%[3]      100%[3]      100%[3]      100%[3]      100%[3]      100%[3]
shade_salvage             0%[3]       33%[3]       67%[3]       67%[3]       33%[3]       33%[3]        0%[3]            -        0%[3]       33%[3]       33%[3]        0%[3]       33%[3]        0%[3]
steel_beatdown           67%[3]      100%[3]       67%[3]      100%[3]      100%[3]      100%[3]       33%[3]      100%[3]            -      100%[3]      100%[3]      100%[3]      100%[3]      100%[3]
steel_heir               33%[3]       67%[3]        0%[3]        0%[3]       67%[3]        0%[3]        0%[3]        0%[3]        0%[3]            -       67%[3]       33%[3]        0%[3]       33%[3]
storm_unbound             0%[3]      100%[3]        0%[3]       67%[3]       67%[3]       67%[3]        0%[3]      100%[3]        0%[3]       67%[3]            -      100%[3]      100%[3]       33%[3]
storm_volley             33%[3]      100%[3]        0%[3]       67%[3]       33%[3]        0%[3]        0%[3]      100%[3]        0%[3]       33%[3]       33%[3]            -       67%[3]       67%[3]
tide_companions          33%[3]      100%[3]       33%[3]       33%[3]        0%[3]        0%[3]        0%[3]      100%[3]        0%[3]      100%[3]       33%[3]       33%[3]            -       67%[3]
tide_deepwater           67%[3]      100%[3]        0%[3]       33%[3]        0%[3]       33%[3]        0%[3]      100%[3]       33%[3]       67%[3]       67%[3]      100%[3]       67%[3]            -

DECISION COST
side   policy                       decisions  mean ms   med ms   p95 ms   max ms   search: mean depth / fallbacks
a      scorer                           34907     4.41     3.94     8.33       48   0.00 / 0
b      scorer                           34549     4.43     3.95     8.33       41   0.00 / 0

wrote G:/Godot/Gamestorming/zenith/reports/tournament_2026-09-26/scorer/shard_3.tsv (546 matches)
wrote G:/Godot/Gamestorming/zenith/reports/tournament_2026-09-26/scorer/shard_3.json
