Godot Engine v4.6.2.stable.mono.official.71f334935 - https://godotengine.org

matchlab matrix shard 4 of 6: 61 matches
  a field: freestyle_swords, pyre_ascent, pyre_attrition, pyre_beatdown, root_seals, shade_henchmen, shade_mind_siege, shade_salvage, steel_beatdown, steel_heir, storm_unbound, storm_volley, tide_companions, tide_deepwater
  b field: freestyle_swords, pyre_ascent, pyre_attrition, pyre_beatdown, root_seals, shade_henchmen, shade_mind_siege, shade_salvage, steel_beatdown, steel_heir, storm_unbound, storm_volley, tide_companions, tide_deepwater
  a side : search / budget_ms=600
  b side : search / budget_ms=600
  flags  : --budget=600 --json=res://reports/tournament_2026-09-26/shard_3.json --mode=matrix --policy=search --progress=10 --repeats=1 --scenario=res://tests/scenarios/balance.json --seed=77 --shard=3/6 --styles=1 --tsv=res://reports/tournament_2026-09-26/shard_3.tsv
  10/61, 588s elapsed, ~3000s left
  20/61, 1329s elapsed, ~2725s left
  30/61, 1921s elapsed, ~1986s left
  40/61, 2534s elapsed, ~1330s left
  50/61, 3075s elapsed, ~677s left
  60/61, 3810s elapsed, ~64s left

=== matchlab, 3883s ===
side a: search / budget_ms=600
side b: search / budget_ms=600
61 matches, 0 unusable

RECORD  (both sides, search / budget_ms=600)
deck               played win% (95% range)       won by surv/seal/asc   lost to surv/seal/asc   turns
pyre_attrition          8  87.5% (52.9-97.8)                    1/0/6                   1/0/0     6.1
steel_beatdown          8  87.5% (52.9-97.8)                    7/0/0                   0/0/1     4.6
freestyle_swords        9  77.8% (45.3-93.7)                    7/0/0                   2/0/0     6.8
shade_mind_siege        9  77.8% (45.3-93.7)                    7/0/0                   1/0/1     6.9
tide_deepwater          9  55.6% (26.7-81.1)                    5/0/0                   4/0/0     9.1
shade_henchmen          8  50.0% (21.5-78.5)                    4/0/0                   3/0/1     4.4
pyre_beatdown           9  44.4% (18.9-73.3)                    4/0/0                   4/0/1     7.2
root_seals              9  44.4% (18.9-73.3)                    4/0/0                   5/0/0    16.2
storm_volley            8  37.5% (13.7-69.4)                    3/0/0                   4/0/1     6.5
shade_salvage           9  33.3% (12.1-64.6)                    3/0/0                   6/0/0     9.6
storm_unbound           9  33.3% (12.1-64.6)                    3/0/0                   6/0/0    10.8
tide_companions         9  33.3% (12.1-64.6)                    3/0/0                   5/0/1     8.0
pyre_ascent             9  22.2% ( 6.3-54.7)                    2/0/0                   7/0/0     9.7
steel_heir              9  22.2% ( 6.3-54.7)                    2/0/0                   7/0/0     7.4
all wins by route: 55/0/6

HOW CLOSE IT CAME WHEN IT LOST  (life cards left / Seals missing / share of the Fervor climb left)
deck               losses   own distance at the end      nearest route: surv/seal/asc
pyre_attrition          1     0.0 life / 7.0 seals /  20% asc   1/0/0
steel_beatdown          1    62.0 life / 7.0 seals /  67% asc   0/0/1
freestyle_swords        2     0.0 life / 7.0 seals / 100% asc   2/0/0
shade_mind_siege        2    25.0 life / 7.0 seals / 100% asc   2/0/0
tide_deepwater          4     0.5 life / 6.5 seals / 100% asc   4/0/0
shade_henchmen          4    12.0 life / 6.8 seals /  88% asc   4/0/0
pyre_beatdown           5     9.8 life / 7.0 seals /  84% asc   5/0/0
root_seals              5     2.4 life / 4.2 seals /  97% asc   5/0/0
storm_volley            5     8.6 life / 7.0 seals / 100% asc   5/0/0
shade_salvage           6     0.8 life / 6.2 seals /  94% asc   6/0/0
storm_unbound           6     0.5 life / 6.8 seals /  81% asc   6/0/0
tide_companions         6     5.3 life / 7.0 seals /  98% asc   6/0/0
pyre_ascent             7     0.6 life / 7.0 seals /  58% asc   7/0/0
steel_heir              7     0.4 life / 7.0 seals /  93% asc   7/0/0

WHAT IT HAD LEFT WHEN IT WON  (same three numbers, for the winner itself)
deck                 wins   own distance at the end
pyre_attrition          7    33.9 life / 7.0 seals /  36% asc
steel_beatdown          7    38.7 life / 6.4 seals /  40% asc
freestyle_swords        7    27.9 life / 6.9 seals /  95% asc
shade_mind_siege        7    37.3 life / 6.9 seals /  99% asc
tide_deepwater          5    22.0 life / 6.6 seals / 100% asc
shade_henchmen          4    56.5 life / 6.3 seals /  86% asc
pyre_beatdown           4    37.0 life / 6.8 seals /  53% asc
root_seals              4    31.3 life / 3.3 seals /  96% asc
storm_volley            3    21.3 life / 6.7 seals / 100% asc
shade_salvage           3    15.7 life / 6.0 seals /  98% asc
storm_unbound           3    11.3 life / 6.7 seals /  76% asc
tide_companions         3    26.0 life / 7.0 seals /  96% asc
pyre_ascent             2    34.0 life / 7.0 seals /  44% asc
steel_heir              2    10.0 life / 5.5 seals /  88% asc

MATCHUPS  (side a deck's win% against side b deck, n in brackets)
a \ b              freestyle_sw  pyre_ascent pyre_attriti pyre_beatdow   root_seals shade_henchm shade_mind_s shade_salvag steel_beatdo   steel_heir storm_unboun storm_volley tide_compani tide_deepwat
freestyle_swords              -            -      100%[1]            -            -        0%[1]            -            -        0%[1]            -            -      100%[1]            -            -
pyre_ascent               0%[1]            -            -            -      100%[1]            -            -        0%[1]            -            -        0%[1]            -            -        0%[1]
pyre_attrition                -            -            -      100%[1]            -            -      100%[1]            -            -      100%[1]            -            -      100%[1]            -
pyre_beatdown                 -      100%[1]            -            -            -        0%[1]            -            -        0%[1]            -            -      100%[1]            -            -
root_seals                0%[1]            -            -      100%[1]            -            -            -      100%[1]            -            -      100%[1]            -            -        0%[1]
shade_henchmen                -            -        0%[1]            -            -            -        0%[1]            -            -      100%[1]            -            -      100%[1]            -
shade_mind_siege              -      100%[1]            -            -      100%[1]            -            -            -        0%[1]            -            -      100%[1]            -            -
shade_salvage             0%[1]            -            -        0%[1]            -            -        0%[1]            -            -            -        0%[1]            -            -      100%[1]
steel_beatdown                -            -        0%[1]            -            -      100%[1]            -            -            -      100%[1]            -            -      100%[1]            -
steel_heir                    -        0%[1]            -            -      100%[1]            -            -        0%[1]            -            -            -        0%[1]            -            -
storm_unbound             0%[1]            -            -        0%[1]            -            -        0%[1]            -            -      100%[1]            -            -            -        0%[1]
storm_volley                  -            -        0%[1]            -            -      100%[1]            -            -        0%[1]            -            -            -      100%[1]            -
tide_companions               -      100%[1]            -            -        0%[1]            -            -      100%[1]            -            -      100%[1]            -            -            -
tide_deepwater            0%[1]            -            -      100%[1]            -            -        0%[1]            -            -        0%[1]            -            -      100%[1]            -

DECISION COST
side   policy                       decisions  mean ms   med ms   p95 ms   max ms   search: mean depth / fallbacks
a      search / budget_ms=600            3560   542.76   601.54   605.39      622   1.87 / 2
       search stops: { "time_budget": 3099, "completed": 384 }
b      search / budget_ms=600            3617   536.22   601.51   605.51      621   1.94 / 1
       search stops: { "time_budget": 3089, "completed": 437 }

wrote G:/Godot/Gamestorming/zenith/reports/tournament_2026-09-26/shard_3.tsv (61 matches)
wrote G:/Godot/Gamestorming/zenith/reports/tournament_2026-09-26/shard_3.json
