Godot Engine v4.6.2.stable.mono.official.71f334935 - https://godotengine.org

matchlab matrix shard 5 of 6: 60 matches
  a field: freestyle_swords, pyre_ascent, pyre_attrition, pyre_beatdown, root_seals, shade_henchmen, shade_mind_siege, shade_salvage, steel_beatdown, steel_heir, storm_unbound, storm_volley, tide_companions, tide_deepwater
  b field: freestyle_swords, pyre_ascent, pyre_attrition, pyre_beatdown, root_seals, shade_henchmen, shade_mind_siege, shade_salvage, steel_beatdown, steel_heir, storm_unbound, storm_volley, tide_companions, tide_deepwater
  a side : search / budget_ms=600
  b side : search / budget_ms=600
  flags  : --budget=600 --json=res://reports/tournament_2026-09-26/shard_4.json --mode=matrix --policy=search --progress=10 --repeats=1 --scenario=res://tests/scenarios/balance.json --seed=77 --shard=4/6 --styles=1 --tsv=res://reports/tournament_2026-09-26/shard_4.tsv
  10/60, 569s elapsed, ~2844s left
  20/60, 1162s elapsed, ~2324s left
  30/60, 1776s elapsed, ~1776s left
  40/60, 2418s elapsed, ~1209s left
  50/60, 2964s elapsed, ~593s left
  60/60, 3777s elapsed, ~0s left

=== matchlab, 3777s ===
side a: search / budget_ms=600
side b: search / budget_ms=600
60 matches, 0 unusable

RECORD  (both sides, search / budget_ms=600)
deck               played win% (95% range)       won by surv/seal/asc   lost to surv/seal/asc   turns
pyre_attrition         10  90.0% (59.6-98.2)                    6/0/3                   1/0/0     7.3
steel_beatdown         10  80.0% (49.0-94.3)                    8/0/0                   2/0/0     6.0
shade_mind_siege        8  75.0% (40.9-92.9)                    6/0/0                   2/0/0     6.6
freestyle_swords        8  62.5% (30.6-86.3)                    5/0/0                   3/0/0     5.5
tide_deepwater          8  62.5% (30.6-86.3)                    5/0/0                   3/0/0    10.8
pyre_ascent             8  50.0% (21.5-78.5)                    1/0/3                   4/0/0     9.1
pyre_beatdown           8  50.0% (21.5-78.5)                    4/0/0                   3/0/1     6.4
shade_henchmen         10  50.0% (23.7-76.3)                    5/0/0                   5/0/0     5.2
shade_salvage           8  37.5% (13.7-69.4)                    3/0/0                   4/0/1     8.6
tide_companions         8  37.5% (13.7-69.4)                    3/0/0                   4/0/1     7.8
storm_volley           10  30.0% (10.8-60.3)                    3/0/0                   7/0/0     9.6
root_seals              8  25.0% ( 7.1-59.1)                    1/1/0                   5/0/1    14.9
storm_unbound           8  25.0% ( 7.1-59.1)                    2/0/0                   3/1/2    10.1
steel_heir              8  12.5% ( 2.2-47.1)                    1/0/0                   7/0/0     6.4
all wins by route: 53/1/6

HOW CLOSE IT CAME WHEN IT LOST  (life cards left / Seals missing / share of the Fervor climb left)
deck               losses   own distance at the end      nearest route: surv/seal/asc
pyre_attrition          1     0.0 life / 7.0 seals /  52% asc   1/0/0
steel_beatdown          2     0.0 life / 5.5 seals /  73% asc   2/0/0
shade_mind_siege        2     0.0 life / 7.0 seals / 100% asc   2/0/0
freestyle_swords        3     0.0 life / 7.0 seals /  95% asc   3/0/0
tide_deepwater          3     1.0 life / 6.3 seals / 100% asc   3/0/0
pyre_ascent             4     0.3 life / 7.0 seals /  75% asc   4/0/0
pyre_beatdown           4     6.3 life / 7.0 seals /  98% asc   4/0/0
shade_henchmen          5     1.6 life / 7.0 seals / 100% asc   5/0/0
shade_salvage           5     6.8 life / 7.0 seals /  94% asc   5/0/0
tide_companions         5     5.4 life / 7.0 seals /  99% asc   5/0/0
storm_volley            7     2.7 life / 6.9 seals / 100% asc   7/0/0
root_seals              6     4.0 life / 4.5 seals /  99% asc   6/0/0
storm_unbound           6    12.7 life / 7.0 seals /  87% asc   6/0/0
steel_heir              7     0.4 life / 6.9 seals /  96% asc   7/0/0

WHAT IT HAD LEFT WHEN IT WON  (same three numbers, for the winner itself)
deck                 wins   own distance at the end
pyre_attrition          9    36.8 life / 7.0 seals /  40% asc
steel_beatdown          8    46.1 life / 6.3 seals /  47% asc
shade_mind_siege        6    40.8 life / 7.0 seals /  91% asc
freestyle_swords        5    33.8 life / 6.8 seals /  98% asc
tide_deepwater          5    28.4 life / 6.4 seals /  95% asc
pyre_ascent             4    30.5 life / 6.3 seals /  26% asc
pyre_beatdown           4    23.3 life / 7.0 seals /  35% asc
shade_henchmen          5    46.4 life / 6.4 seals /  93% asc
shade_salvage           3    28.3 life / 6.0 seals /  88% asc
tide_companions         3    13.7 life / 7.0 seals /  98% asc
storm_volley            3    14.0 life / 7.0 seals / 100% asc
root_seals              2    39.5 life / 0.5 seals / 100% asc
storm_unbound           2    29.0 life / 6.5 seals /  50% asc
steel_heir              1     4.0 life / 7.0 seals /  80% asc

MATCHUPS  (side a deck's win% against side b deck, n in brackets)
a \ b              freestyle_sw  pyre_ascent pyre_attriti pyre_beatdow   root_seals shade_henchm shade_mind_s shade_salvag steel_beatdo   steel_heir storm_unboun storm_volley tide_compani tide_deepwat
freestyle_swords              -            -            -      100%[1]            -            -        0%[1]            -            -      100%[1]            -            -      100%[1]            -
pyre_ascent                   -            -        0%[1]            -            -        0%[1]            -            -        0%[1]            -            -      100%[1]            -            -
pyre_attrition          100%[1]            -            -            -      100%[1]            -            -        0%[1]            -            -      100%[1]            -            -      100%[1]
pyre_beatdown                 -            -        0%[1]            -            -            -      100%[1]            -            -      100%[1]            -            -        0%[1]            -
root_seals                    -        0%[1]            -            -            -        0%[1]            -            -        0%[1]            -            -      100%[1]            -            -
shade_henchmen            0%[1]            -            -        0%[1]            -            -            -      100%[1]            -            -      100%[1]            -            -        0%[1]
shade_mind_siege              -            -        0%[1]            -            -      100%[1]            -            -            -      100%[1]            -            -      100%[1]            -
shade_salvage                 -        0%[1]            -            -      100%[1]            -            -            -      100%[1]            -            -        0%[1]            -            -
steel_beatdown          100%[1]            -            -      100%[1]            -            -        0%[1]            -            -            -      100%[1]            -            -      100%[1]
steel_heir                    -            -        0%[1]            -            -        0%[1]            -            -        0%[1]            -            -            -        0%[1]            -
storm_unbound                 -        0%[1]            -            -        0%[1]            -            -      100%[1]            -            -            -        0%[1]            -            -
storm_volley              0%[1]            -            -        0%[1]            -            -        0%[1]            -            -        0%[1]            -            -            -        0%[1]
tide_companions               -            -        0%[1]            -            -      100%[1]            -            -        0%[1]            -            -        0%[1]            -            -
tide_deepwater                -      100%[1]            -            -      100%[1]            -            -      100%[1]            -            -        0%[1]            -            -            -

DECISION COST
side   policy                       decisions  mean ms   med ms   p95 ms   max ms   search: mean depth / fallbacks
a      search / budget_ms=600            3463   536.68   601.50   605.47      621   1.92 / 2
       search stops: { "time_budget": 2978, "completed": 394 }
b      search / budget_ms=600            3555   536.47   601.52   605.69      631   1.90 / 12
       search stops: { "completed": 414, "time_budget": 3053 }

wrote G:/Godot/Gamestorming/zenith/reports/tournament_2026-09-26/shard_4.tsv (60 matches)
wrote G:/Godot/Gamestorming/zenith/reports/tournament_2026-09-26/shard_4.json
