Godot Engine v4.6.2.stable.mono.official.71f334935 - https://godotengine.org

matchlab matrix shard 1 of 6: 61 matches
  a field: freestyle_swords, pyre_ascent, pyre_attrition, pyre_beatdown, root_seals, shade_henchmen, shade_mind_siege, shade_salvage, steel_beatdown, steel_heir, storm_unbound, storm_volley, tide_companions, tide_deepwater
  b field: freestyle_swords, pyre_ascent, pyre_attrition, pyre_beatdown, root_seals, shade_henchmen, shade_mind_siege, shade_salvage, steel_beatdown, steel_heir, storm_unbound, storm_volley, tide_companions, tide_deepwater
  a side : search / budget_ms=600
  b side : search / budget_ms=600
  flags  : --budget=600 --json=res://reports/tournament_2026-09-26/shard_0.json --mode=matrix --policy=search --progress=10 --repeats=1 --scenario=res://tests/scenarios/balance.json --seed=77 --shard=0/6 --styles=1 --tsv=res://reports/tournament_2026-09-26/shard_0.tsv
  10/61, 477s elapsed, ~2433s left
  20/61, 1044s elapsed, ~2141s left
  30/61, 1653s elapsed, ~1708s left
  40/61, 2205s elapsed, ~1157s left
  50/61, 2712s elapsed, ~597s left
  60/61, 3374s elapsed, ~56s left

=== matchlab, 3444s ===
side a: search / budget_ms=600
side b: search / budget_ms=600
61 matches, 0 unusable

RECORD  (both sides, search / budget_ms=600)
deck               played win% (95% range)       won by surv/seal/asc   lost to surv/seal/asc   turns
pyre_attrition          8  87.5% (52.9-97.8)                    0/0/7                   1/0/0     6.9
shade_henchmen          8  87.5% (52.9-97.8)                    7/0/0                   1/0/0     7.0
pyre_beatdown           9  77.8% (45.3-93.7)                    6/0/1                   1/0/1     6.7
shade_mind_siege        9  77.8% (45.3-93.7)                    7/0/0                   1/0/1     7.1
steel_beatdown          8  75.0% (40.9-92.9)                    6/0/0                   1/0/1     4.4
freestyle_swords        9  66.7% (35.4-87.9)                    6/0/0                   3/0/0     5.3
tide_deepwater          9  55.6% (26.7-81.1)                    5/0/0                   3/0/1     6.0
storm_volley            8  50.0% (21.5-78.5)                    4/0/0                   3/0/1     7.9
pyre_ascent             9  44.4% (18.9-73.3)                    1/0/3                   4/0/1     6.4
steel_heir              9  33.3% (12.1-64.6)                    3/0/0                   6/0/0     6.2
tide_companions         9  33.3% (12.1-64.6)                    3/0/0                   5/0/1     8.8
root_seals              9  11.1% ( 2.0-43.5)                    1/0/0                   7/0/1    10.1
shade_salvage           9  11.1% ( 2.0-43.5)                    1/0/0                   6/0/2     7.9
storm_unbound           9   0.0% ( 0.0-29.9)                    0/0/0                   8/0/1     7.3
all wins by route: 50/0/11

HOW CLOSE IT CAME WHEN IT LOST  (life cards left / Seals missing / share of the Fervor climb left)
deck               losses   own distance at the end      nearest route: surv/seal/asc
pyre_attrition          1     0.0 life / 7.0 seals /  56% asc   1/0/0
shade_henchmen          1     2.0 life / 7.0 seals / 100% asc   1/0/0
pyre_beatdown           2    34.5 life / 7.0 seals /  83% asc   1/0/1
shade_mind_siege        2     9.5 life / 7.0 seals / 100% asc   2/0/0
steel_beatdown          2    12.5 life / 7.0 seals /  73% asc   2/0/0
freestyle_swords        3     0.0 life / 7.0 seals / 100% asc   3/0/0
tide_deepwater          4     9.3 life / 7.0 seals / 100% asc   4/0/0
storm_volley            4    14.3 life / 7.0 seals / 100% asc   4/0/0
pyre_ascent             5     4.2 life / 7.0 seals /  75% asc   5/0/0
steel_heir              6     0.3 life / 7.0 seals /  99% asc   6/0/0
tide_companions         6     5.0 life / 6.8 seals / 100% asc   6/0/0
root_seals              8     6.3 life / 6.0 seals /  98% asc   8/0/0
shade_salvage           8     2.4 life / 7.0 seals / 100% asc   8/0/0
storm_unbound           9     4.2 life / 6.9 seals /  83% asc   9/0/0

WHAT IT HAD LEFT WHEN IT WON  (same three numbers, for the winner itself)
deck                 wins   own distance at the end
pyre_attrition          7    49.4 life / 7.0 seals /  20% asc
shade_henchmen          7    36.7 life / 6.0 seals /  88% asc
pyre_beatdown           7    38.9 life / 6.9 seals /  48% asc
shade_mind_siege        7    38.3 life / 6.7 seals /  98% asc
steel_beatdown          6    53.5 life / 6.2 seals /  41% asc
freestyle_swords        6    35.7 life / 6.5 seals /  93% asc
tide_deepwater          5    29.8 life / 6.6 seals / 100% asc
storm_volley            4    30.0 life / 6.0 seals / 100% asc
pyre_ascent             4    32.0 life / 6.5 seals /  32% asc
steel_heir              3    20.7 life / 7.0 seals /  94% asc
tide_companions         3    16.0 life / 7.0 seals / 100% asc
root_seals              1    25.0 life / 1.0 seals / 100% asc
shade_salvage           1    48.0 life / 7.0 seals /  95% asc
storm_unbound           0     0.0 life / 0.0 seals /   0% asc

MATCHUPS  (side a deck's win% against side b deck, n in brackets)
a \ b              freestyle_sw  pyre_ascent pyre_attriti pyre_beatdow   root_seals shade_henchm shade_mind_s shade_salvag steel_beatdo   steel_heir storm_unboun storm_volley tide_compani tide_deepwat
freestyle_swords              -      100%[1]            -            -      100%[1]            -            -      100%[1]            -            -      100%[1]            -            -      100%[1]
pyre_ascent                   -            -            -      100%[1]            -            -      100%[1]            -            -      100%[1]            -            -      100%[1]            -
pyre_attrition                -      100%[1]            -            -            -        0%[1]            -            -      100%[1]            -            -      100%[1]            -            -
pyre_beatdown           100%[1]            -            -            -      100%[1]            -            -      100%[1]            -            -      100%[1]            -            -      100%[1]
root_seals                    -            -        0%[1]            -            -            -        0%[1]            -            -        0%[1]            -            -      100%[1]            -
shade_henchmen                -      100%[1]            -            -      100%[1]            -            -            -      100%[1]            -            -      100%[1]            -            -
shade_mind_siege        100%[1]            -            -      100%[1]            -            -            -      100%[1]            -            -      100%[1]            -            -        0%[1]
shade_salvage                 -            -        0%[1]            -            -        0%[1]            -            -            -      100%[1]            -            -        0%[1]            -
steel_beatdown                -      100%[1]            -            -      100%[1]            -            -      100%[1]            -            -            -      100%[1]            -            -
steel_heir                0%[1]            -            -        0%[1]            -            -        0%[1]            -            -            -      100%[1]            -            -        0%[1]
storm_unbound                 -            -        0%[1]            -            -        0%[1]            -            -        0%[1]            -            -            -        0%[1]            -
storm_volley                  -      100%[1]            -            -      100%[1]            -            -      100%[1]            -            -      100%[1]            -            -            -
tide_companions         100%[1]            -            -        0%[1]            -            -        0%[1]            -            -        0%[1]            -            -            -        0%[1]
tide_deepwater                -            -        0%[1]            -            -      100%[1]            -            -        0%[1]            -            -      100%[1]            -            -

DECISION COST
side   policy                       decisions  mean ms   med ms   p95 ms   max ms   search: mean depth / fallbacks
a      search / budget_ms=600            3248   539.60   601.59   605.48      619   1.88 / 1
       search stops: { "time_budget": 2819, "completed": 335 }
b      search / budget_ms=600            3073   546.86   601.64   605.71      624   1.84 / 2
       search stops: { "time_budget": 2715, "completed": 276 }

wrote G:/Godot/Gamestorming/zenith/reports/tournament_2026-09-26/shard_0.tsv (61 matches)
wrote G:/Godot/Gamestorming/zenith/reports/tournament_2026-09-26/shard_0.json
