Godot Engine v4.6.2.stable.mono.official.71f334935 - https://godotengine.org

matchlab matrix shard 6 of 6: 60 matches
  a field: freestyle_swords, pyre_ascent, pyre_attrition, pyre_beatdown, root_seals, shade_henchmen, shade_mind_siege, shade_salvage, steel_beatdown, steel_heir, storm_unbound, storm_volley, tide_companions, tide_deepwater
  b field: freestyle_swords, pyre_ascent, pyre_attrition, pyre_beatdown, root_seals, shade_henchmen, shade_mind_siege, shade_salvage, steel_beatdown, steel_heir, storm_unbound, storm_volley, tide_companions, tide_deepwater
  a side : search / budget_ms=600
  b side : search / budget_ms=600
  flags  : --budget=600 --json=res://reports/tournament_2026-09-26/shard_5.json --mode=matrix --policy=search --progress=10 --repeats=1 --scenario=res://tests/scenarios/balance.json --seed=77 --shard=5/6 --styles=1 --tsv=res://reports/tournament_2026-09-26/shard_5.tsv
  10/60, 536s elapsed, ~2679s left
  20/60, 1086s elapsed, ~2172s left
  30/60, 1669s elapsed, ~1669s left
  40/60, 2198s elapsed, ~1099s left
  50/60, 2889s elapsed, ~578s left
  60/60, 3491s elapsed, ~0s left

=== matchlab, 3491s ===
side a: search / budget_ms=600
side b: search / budget_ms=600
60 matches, 0 unusable

RECORD  (both sides, search / budget_ms=600)
deck               played win% (95% range)       won by surv/seal/asc   lost to surv/seal/asc   turns
steel_beatdown         10 100.0% (72.2-100.0)                  10/0/0                   0/0/0     6.7
shade_mind_siege        8  87.5% (52.9-97.8)                    7/0/0                   1/0/0     7.5
pyre_attrition         10  80.0% (49.0-94.3)                    5/0/3                   2/0/0     6.3
tide_deepwater          8  75.0% (40.9-92.9)                    6/0/0                   2/0/0     7.8
freestyle_swords        8  50.0% (21.5-78.5)                    4/0/0                   4/0/0     7.3
shade_henchmen         10  50.0% (23.7-76.3)                    5/0/0                   5/0/0     7.1
tide_companions         8  50.0% (21.5-78.5)                    4/0/0                   4/0/0     6.3
storm_volley           10  40.0% (16.8-68.7)                    4/0/0                   4/1/1     8.9
pyre_beatdown           8  37.5% (13.7-69.4)                    3/0/0                   4/0/1     5.8
root_seals              8  37.5% (13.7-69.4)                    0/3/0                   5/0/0    12.5
storm_unbound           8  37.5% (13.7-69.4)                    3/0/0                   4/1/0    11.8
pyre_ascent             8  25.0% ( 7.1-59.1)                    1/0/1                   4/1/1     8.4
shade_salvage           8  12.5% ( 2.2-47.1)                    1/0/0                   7/0/0     7.4
steel_heir              8   0.0% ( 0.0-32.4)                    0/0/0                   7/0/1     6.0
all wins by route: 53/3/4

HOW CLOSE IT CAME WHEN IT LOST  (life cards left / Seals missing / share of the Fervor climb left)
deck               losses   own distance at the end      nearest route: surv/seal/asc
steel_beatdown          0     0.0 life / 0.0 seals /   0% asc   0/0/0
shade_mind_siege        1     0.0 life / 7.0 seals / 100% asc   1/0/0
pyre_attrition          2     0.0 life / 7.0 seals /  72% asc   2/0/0
tide_deepwater          2     0.0 life / 7.0 seals / 100% asc   2/0/0
freestyle_swords        4     0.0 life / 7.0 seals /  99% asc   4/0/0
shade_henchmen          5     0.8 life / 6.8 seals /  96% asc   5/0/0
tide_companions         4     0.0 life / 7.0 seals /  97% asc   4/0/0
storm_volley            6    14.2 life / 6.7 seals / 100% asc   6/0/0
pyre_beatdown           5     9.4 life / 7.0 seals /  73% asc   4/0/1
root_seals              5     3.8 life / 5.6 seals /  97% asc   5/0/0
storm_unbound           5     4.8 life / 7.0 seals /  80% asc   5/0/0
pyre_ascent             6     8.2 life / 7.0 seals /  56% asc   5/0/1
shade_salvage           7     0.4 life / 6.6 seals /  98% asc   7/0/0
steel_heir              8     2.1 life / 7.0 seals /  99% asc   8/0/0

WHAT IT HAD LEFT WHEN IT WON  (same three numbers, for the winner itself)
deck                 wins   own distance at the end
steel_beatdown         10    37.2 life / 5.8 seals /  44% asc
shade_mind_siege        7    32.9 life / 6.9 seals /  94% asc
pyre_attrition          8    41.8 life / 6.6 seals /  41% asc
tide_deepwater          6    41.8 life / 6.8 seals /  93% asc
freestyle_swords        4    23.3 life / 7.0 seals /  89% asc
shade_henchmen          5    31.8 life / 6.4 seals /  91% asc
tide_companions         4    31.3 life / 7.0 seals /  98% asc
storm_volley            4    27.5 life / 6.3 seals / 100% asc
pyre_beatdown           3    33.7 life / 7.0 seals /  69% asc
root_seals              3    21.0 life / 0.0 seals /  93% asc
storm_unbound           3    15.3 life / 6.0 seals /  53% asc
pyre_ascent             2    37.5 life / 6.5 seals /  34% asc
shade_salvage           1    52.0 life / 6.0 seals / 100% asc
steel_heir              0     0.0 life / 0.0 seals /   0% asc

MATCHUPS  (side a deck's win% against side b deck, n in brackets)
a \ b              freestyle_sw  pyre_ascent pyre_attriti pyre_beatdow   root_seals shade_henchm shade_mind_s shade_salvag steel_beatdo   steel_heir storm_unboun storm_volley tide_compani tide_deepwat
freestyle_swords              -            -            -      100%[1]            -            -        0%[1]            -            -      100%[1]            -            -        0%[1]            -
pyre_ascent                   -            -        0%[1]            -            -        0%[1]            -            -        0%[1]            -            -      100%[1]            -            -
pyre_attrition          100%[1]            -            -            -      100%[1]            -            -      100%[1]            -            -      100%[1]            -            -        0%[1]
pyre_beatdown                 -            -        0%[1]            -            -            -        0%[1]            -            -      100%[1]            -            -        0%[1]            -
root_seals                    -      100%[1]            -            -            -        0%[1]            -            -        0%[1]            -            -      100%[1]            -            -
shade_henchmen            0%[1]            -            -        0%[1]            -            -            -      100%[1]            -            -        0%[1]            -            -      100%[1]
shade_mind_siege              -            -      100%[1]            -            -      100%[1]            -            -            -      100%[1]            -            -      100%[1]            -
shade_salvage                 -        0%[1]            -            -      100%[1]            -            -            -        0%[1]            -            -        0%[1]            -            -
steel_beatdown          100%[1]            -            -      100%[1]            -            -      100%[1]            -            -            -      100%[1]            -            -      100%[1]
steel_heir                    -            -        0%[1]            -            -        0%[1]            -            -        0%[1]            -            -            -        0%[1]            -
storm_unbound                 -      100%[1]            -            -        0%[1]            -            -      100%[1]            -            -            -        0%[1]            -            -
storm_volley              0%[1]            -            -        0%[1]            -            -        0%[1]            -            -      100%[1]            -            -            -        0%[1]
tide_companions               -            -        0%[1]            -            -      100%[1]            -            -        0%[1]            -            -        0%[1]            -            -
tide_deepwater                -      100%[1]            -            -      100%[1]            -            -      100%[1]            -            -      100%[1]            -            -            -

DECISION COST
side   policy                       decisions  mean ms   med ms   p95 ms   max ms   search: mean depth / fallbacks
a      search / budget_ms=600            3252   527.59   601.47   605.19      619   2.01 / 2
       search stops: { "time_budget": 2723, "completed": 438 }
b      search / budget_ms=600            3271   539.52   601.54   605.38      645   1.91 / 4
       search stops: { "completed": 355, "time_budget": 2827 }

wrote G:/Godot/Gamestorming/zenith/reports/tournament_2026-09-26/shard_5.tsv (60 matches)
wrote G:/Godot/Gamestorming/zenith/reports/tournament_2026-09-26/shard_5.json
