Godot Engine v4.6.2.stable.mono.official.71f334935 - https://godotengine.org

matchlab matrix shard 3 of 6: 61 matches
  a field: freestyle_swords, pyre_ascent, pyre_attrition, pyre_beatdown, root_seals, shade_henchmen, shade_mind_siege, shade_salvage, steel_beatdown, steel_heir, storm_unbound, storm_volley, tide_companions, tide_deepwater
  b field: freestyle_swords, pyre_ascent, pyre_attrition, pyre_beatdown, root_seals, shade_henchmen, shade_mind_siege, shade_salvage, steel_beatdown, steel_heir, storm_unbound, storm_volley, tide_companions, tide_deepwater
  a side : search / budget_ms=600
  b side : search / budget_ms=600
  flags  : --budget=600 --json=res://reports/tournament_2026-09-26/shard_2.json --mode=matrix --policy=search --progress=10 --repeats=1 --scenario=res://tests/scenarios/balance.json --seed=77 --shard=2/6 --styles=1 --tsv=res://reports/tournament_2026-09-26/shard_2.tsv
  10/61, 509s elapsed, ~2598s left
  20/61, 1104s elapsed, ~2264s left
  30/61, 1742s elapsed, ~1800s left
  40/61, 2352s elapsed, ~1235s left
  50/61, 2976s elapsed, ~655s left
  60/61, 3732s elapsed, ~62s left

=== matchlab, 3855s ===
side a: search / budget_ms=600
side b: search / budget_ms=600
61 matches, 0 unusable

RECORD  (both sides, search / budget_ms=600)
deck               played win% (95% range)       won by surv/seal/asc   lost to surv/seal/asc   turns
shade_mind_siege        9  88.9% (56.5-98.0)                    8/0/0                   1/0/0     7.4
tide_deepwater          9  77.8% (45.3-93.7)                    7/0/0                   2/0/0    10.3
pyre_attrition          8  75.0% (40.9-92.9)                    3/0/3                   2/0/0     5.0
steel_beatdown          8  75.0% (40.9-92.9)                    5/0/1                   2/0/0     5.1
freestyle_swords        9  66.7% (35.4-87.9)                    6/0/0                   3/0/0     6.0
tide_companions         9  66.7% (35.4-87.9)                    6/0/0                   3/0/0    10.4
pyre_beatdown           9  55.6% (26.7-81.1)                    4/0/1                   3/0/1     7.2
pyre_ascent             9  33.3% (12.1-64.6)                    1/0/2                   6/0/0     7.4
root_seals              9  33.3% (12.1-64.6)                    3/0/0                   4/0/2    14.7
storm_unbound           9  33.3% (12.1-64.6)                    3/0/0                   5/0/1    11.2
shade_henchmen          8  25.0% ( 7.1-59.1)                    2/0/0                   5/0/1     5.5
storm_volley            8  25.0% ( 7.1-59.1)                    2/0/0                   4/0/2     6.6
shade_salvage           9  22.2% ( 6.3-54.7)                    2/0/0                   7/0/0     9.2
steel_heir              9  22.2% ( 6.3-54.7)                    2/0/0                   7/0/0     7.3
all wins by route: 54/0/7

HOW CLOSE IT CAME WHEN IT LOST  (life cards left / Seals missing / share of the Fervor climb left)
deck               losses   own distance at the end      nearest route: surv/seal/asc
shade_mind_siege        1     0.0 life / 7.0 seals /  85% asc   1/0/0
tide_deepwater          2     1.0 life / 6.5 seals / 100% asc   2/0/0
pyre_attrition          2     0.0 life / 7.0 seals /  86% asc   2/0/0
steel_beatdown          2     2.5 life / 7.0 seals /  53% asc   2/0/0
freestyle_swords        3     0.0 life / 7.0 seals /  91% asc   3/0/0
tide_companions         3     0.0 life / 7.0 seals /  98% asc   3/0/0
pyre_beatdown           4     8.3 life / 7.0 seals /  83% asc   4/0/0
pyre_ascent             6     0.7 life / 7.0 seals /  70% asc   6/0/0
root_seals              6     8.8 life / 5.0 seals / 100% asc   6/0/0
storm_unbound           6     8.8 life / 7.0 seals /  89% asc   6/0/0
shade_henchmen          6    10.0 life / 6.8 seals /  98% asc   6/0/0
storm_volley            6     9.5 life / 6.8 seals / 100% asc   6/0/0
shade_salvage           7     0.4 life / 6.6 seals /  98% asc   7/0/0
steel_heir              7     0.4 life / 6.9 seals /  93% asc   7/0/0

WHAT IT HAD LEFT WHEN IT WON  (same three numbers, for the winner itself)
deck                 wins   own distance at the end
shade_mind_siege        8    37.9 life / 6.8 seals /  98% asc
tide_deepwater          7    30.1 life / 6.7 seals /  99% asc
pyre_attrition          6    43.3 life / 7.0 seals /  50% asc
steel_beatdown          6    42.2 life / 5.8 seals /  37% asc
freestyle_swords        6    39.2 life / 6.8 seals /  91% asc
tide_companions         6    17.3 life / 6.7 seals /  92% asc
pyre_beatdown           5    41.6 life / 6.8 seals /  37% asc
pyre_ascent             3    34.0 life / 7.0 seals /  29% asc
root_seals              3    35.3 life / 5.0 seals /  99% asc
storm_unbound           3    14.3 life / 6.7 seals /  56% asc
shade_henchmen          2    33.5 life / 7.0 seals /  70% asc
storm_volley            2    20.5 life / 7.0 seals / 100% asc
shade_salvage           2    37.0 life / 6.5 seals /  98% asc
steel_heir              2    16.5 life / 6.5 seals /  84% asc

MATCHUPS  (side a deck's win% against side b deck, n in brackets)
a \ b              freestyle_sw  pyre_ascent pyre_attriti pyre_beatdow   root_seals shade_henchm shade_mind_s shade_salvag steel_beatdo   steel_heir storm_unboun storm_volley tide_compani tide_deepwat
freestyle_swords              -            -        0%[1]            -            -      100%[1]            -            -      100%[1]            -            -        0%[1]            -            -
pyre_ascent               0%[1]            -            -            -      100%[1]            -            -        0%[1]            -            -      100%[1]            -            -        0%[1]
pyre_attrition                -            -            -      100%[1]            -            -        0%[1]            -            -      100%[1]            -            -      100%[1]            -
pyre_beatdown                 -      100%[1]            -            -            -      100%[1]            -            -        0%[1]            -            -      100%[1]            -            -
root_seals                0%[1]            -            -        0%[1]            -            -            -        0%[1]            -            -      100%[1]            -            -        0%[1]
shade_henchmen                -            -        0%[1]            -            -            -        0%[1]            -            -      100%[1]            -            -        0%[1]            -
shade_mind_siege              -      100%[1]            -            -      100%[1]            -            -            -      100%[1]            -            -        0%[1]            -            -
shade_salvage             0%[1]            -            -        0%[1]            -            -        0%[1]            -            -            -        0%[1]            -            -        0%[1]
steel_beatdown                -            -      100%[1]            -            -      100%[1]            -            -            -      100%[1]            -            -      100%[1]            -
steel_heir                    -        0%[1]            -            -        0%[1]            -            -      100%[1]            -            -            -      100%[1]            -            -
storm_unbound             0%[1]            -            -      100%[1]            -            -        0%[1]            -            -      100%[1]            -            -            -        0%[1]
storm_volley                  -            -        0%[1]            -            -        0%[1]            -            -        0%[1]            -            -            -        0%[1]            -
tide_companions               -      100%[1]            -            -        0%[1]            -            -      100%[1]            -            -      100%[1]            -            -            -
tide_deepwater          100%[1]            -            -      100%[1]            -            -        0%[1]            -            -      100%[1]            -            -        0%[1]            -

DECISION COST
side   policy                       decisions  mean ms   med ms   p95 ms   max ms   search: mean depth / fallbacks
a      search / budget_ms=600            3514   541.32   601.59   605.16      625   1.86 / 2
       search stops: { "time_budget": 3061, "completed": 376 }
b      search / budget_ms=600            3587   541.12   601.63   605.60      614   1.90 / 2
       search stops: { "time_budget": 3104, "completed": 391 }

wrote G:/Godot/Gamestorming/zenith/reports/tournament_2026-09-26/shard_2.tsv (61 matches)
wrote G:/Godot/Gamestorming/zenith/reports/tournament_2026-09-26/shard_2.json
