Godot Engine v4.6.2.stable.mono.official.71f334935 - https://godotengine.org

matchlab matrix shard 2 of 6: 546 matches
  a field: freestyle_swords, pyre_ascent, pyre_attrition, pyre_beatdown, root_seals, shade_henchmen, shade_mind_siege, shade_salvage, steel_beatdown, steel_heir, storm_unbound, storm_volley, tide_companions, tide_deepwater
  b field: freestyle_swords, pyre_ascent, pyre_attrition, pyre_beatdown, root_seals, shade_henchmen, shade_mind_siege, shade_salvage, steel_beatdown, steel_heir, storm_unbound, storm_volley, tide_companions, tide_deepwater
  a side : scorer
  b side : scorer
  flags  : --json=res://reports/tournament_2026-09-26/scorer_after2/shard_1.json --mode=matrix --policy=scorer --progress=0 --repeats=9 --scenario=res://tests/scenarios/balance.json --seed=77 --shard=1/6 --styles=1 --tsv=res://reports/tournament_2026-09-26/scorer_after2/shard_1.tsv

=== matchlab, 408s ===
side a: scorer
side b: scorer
546 matches, 0 unusable

RECORD  (both sides, scorer)
deck               played win% (95% range)       won by surv/seal/asc   lost to surv/seal/asc   turns
pyre_attrition         78  87.2% (78.0-92.9)                  17/0/51                   6/3/1     6.3
steel_beatdown         78  83.3% (73.5-90.0)                   63/0/2                   6/0/7     6.1
shade_mind_siege       78  64.1% (53.0-73.9)                   49/0/1                  17/3/8     7.8
freestyle_swords       78  61.5% (50.4-71.6)                   48/0/0                  30/0/0     7.7
pyre_ascent            78  53.8% (42.9-64.5)                  15/0/27                  31/2/3     7.4
root_seals             78  51.3% (40.4-62.1)                  21/19/0                  36/0/2    16.1
storm_unbound          78  51.3% (40.4-62.1)                   39/0/1                  27/2/9     8.9
shade_henchmen         78  48.7% (37.9-59.6)                   38/0/0                  30/1/9     5.9
pyre_beatdown          78  43.6% (33.1-54.6)                   31/0/3                  33/2/9     7.0
storm_volley           78  39.7% (29.6-50.8)                   31/0/0                 30/1/16     7.3
tide_deepwater         78  38.5% (28.4-49.6)                   30/0/0                  45/2/1     8.3
tide_companions        78  28.2% (19.4-39.0)                   22/0/0                  44/3/9     8.2
shade_salvage          78  25.6% (17.3-36.3)                   20/0/0                  50/0/8     8.4
steel_heir             78  23.1% (15.1-33.6)                   18/0/0                  57/0/3     6.6
all wins by route: 442/19/85

HOW CLOSE IT CAME WHEN IT LOST  (life cards left / Seals missing / share of the Fervor climb left)
deck               losses   own distance at the end      nearest route: surv/seal/asc
pyre_attrition         10    18.1 life / 7.0 seals /  40% asc   6/0/4
steel_beatdown         13    21.5 life / 6.5 seals /  55% asc   8/0/5
shade_mind_siege       28    12.6 life / 7.0 seals /  99% asc   28/0/0
freestyle_swords       30     0.0 life / 6.9 seals /  93% asc   30/0/0
pyre_ascent            36     3.7 life / 6.9 seals /  56% asc   34/0/2
root_seals             38     3.3 life / 3.9 seals /  97% asc   38/0/0
storm_unbound          38    11.1 life / 6.8 seals /  83% asc   36/0/2
shade_henchmen         40    10.2 life / 6.8 seals /  97% asc   40/0/0
pyre_beatdown          44     9.9 life / 7.0 seals /  67% asc   41/0/3
storm_volley           47    14.1 life / 6.6 seals / 100% asc   47/0/0
tide_deepwater         48     2.5 life / 6.5 seals / 100% asc   48/0/0
tide_companions        56     6.9 life / 6.9 seals /  97% asc   56/0/0
shade_salvage          58     4.2 life / 6.8 seals /  98% asc   58/0/0
steel_heir             60     1.0 life / 6.9 seals /  97% asc   60/0/0

WHAT IT HAD LEFT WHEN IT WON  (same three numbers, for the winner itself)
deck                 wins   own distance at the end
pyre_attrition         68    40.9 life / 6.8 seals /  31% asc
steel_beatdown         65    37.9 life / 6.0 seals /  40% asc
shade_mind_siege       50    41.0 life / 6.8 seals /  95% asc
freestyle_swords       48    28.3 life / 6.9 seals /  91% asc
pyre_ascent            42    29.3 life / 6.6 seals /  30% asc
root_seals             40    27.9 life / 1.4 seals /  96% asc
storm_unbound          40    28.5 life / 6.5 seals /  61% asc
shade_henchmen         38    38.9 life / 6.5 seals /  89% asc
pyre_beatdown          34    28.9 life / 6.6 seals /  52% asc
storm_volley           31    18.1 life / 6.1 seals / 100% asc
tide_deepwater         30    25.9 life / 5.7 seals /  97% asc
tide_companions        22    18.6 life / 6.5 seals /  96% asc
shade_salvage          20    22.9 life / 6.5 seals /  94% asc
steel_heir             18    18.1 life / 6.6 seals /  94% asc

MATCHUPS  (side a deck's win% against side b deck, n in brackets)
a \ b              freestyle_sw  pyre_ascent pyre_attriti pyre_beatdow   root_seals shade_henchm shade_mind_s shade_salvag steel_beatdo   steel_heir storm_unboun storm_volley tide_compani tide_deepwat
freestyle_swords              -       67%[3]       67%[3]       33%[3]       67%[3]        0%[3]       33%[3]      100%[3]        0%[3]      100%[3]      100%[3]       67%[3]       67%[3]       33%[3]
pyre_ascent              67%[3]            -        0%[3]       33%[3]       67%[3]       33%[3]       33%[3]       67%[3]       67%[3]      100%[3]       67%[3]      100%[3]      100%[3]       33%[3]
pyre_attrition           67%[3]       67%[3]            -      100%[3]       33%[3]      100%[3]      100%[3]      100%[3]       67%[3]      100%[3]      100%[3]      100%[3]      100%[3]       67%[3]
pyre_beatdown             0%[3]       33%[3]        0%[3]            -       33%[3]       33%[3]       33%[3]       67%[3]       33%[3]       67%[3]       67%[3]       33%[3]      100%[3]       67%[3]
root_seals               33%[3]       67%[3]       33%[3]       67%[3]            -       33%[3]      100%[3]        0%[3]        0%[3]       33%[3]        0%[3]      100%[3]      100%[3]      100%[3]
shade_henchmen           33%[3]       33%[3]        0%[3]       67%[3]      100%[3]            -        0%[3]      100%[3]        0%[3]       67%[3]        0%[3]       67%[3]      100%[3]       33%[3]
shade_mind_siege         67%[3]       67%[3]        0%[3]       67%[3]      100%[3]      100%[3]            -      100%[3]       33%[3]      100%[3]       33%[3]       67%[3]      100%[3]       67%[3]
shade_salvage            33%[3]       33%[3]        0%[3]       67%[3]       33%[3]       67%[3]       33%[3]            -        0%[3]       67%[3]        0%[3]        0%[3]       33%[3]       33%[3]
steel_beatdown           67%[3]      100%[3]        0%[3]      100%[3]       67%[3]      100%[3]       67%[3]      100%[3]            -      100%[3]       67%[3]      100%[3]      100%[3]      100%[3]
steel_heir                0%[3]       33%[3]        0%[3]        0%[3]       33%[3]       33%[3]        0%[3]       67%[3]        0%[3]            -       33%[3]        0%[3]       67%[3]        0%[3]
storm_unbound             0%[3]       33%[3]        0%[3]       67%[3]        0%[3]        0%[3]       67%[3]      100%[3]        0%[3]      100%[3]            -      100%[3]       67%[3]       67%[3]
storm_volley             33%[3]       33%[3]        0%[3]       67%[3]       33%[3]       33%[3]       33%[3]      100%[3]        0%[3]      100%[3]       33%[3]            -       33%[3]       33%[3]
tide_companions          33%[3]       33%[3]       33%[3]       33%[3]        0%[3]       33%[3]       33%[3]       67%[3]        0%[3]       33%[3]       33%[3]        0%[3]            -       67%[3]
tide_deepwater            0%[3]       67%[3]        0%[3]       33%[3]       67%[3]       67%[3]        0%[3]       67%[3]        0%[3]        0%[3]       33%[3]       67%[3]        0%[3]            -

DECISION COST
side   policy                       decisions  mean ms   med ms   p95 ms   max ms   search: mean depth / fallbacks
a      scorer                           34806     4.56     4.00     8.66       57   0.00 / 0
b      scorer                           34680     4.53     4.00     8.40       59   0.00 / 0

wrote G:/Godot/Gamestorming/zenith/reports/tournament_2026-09-26/scorer_after2/shard_1.tsv (546 matches)
wrote G:/Godot/Gamestorming/zenith/reports/tournament_2026-09-26/scorer_after2/shard_1.json
