Godot Engine v4.6.2.stable.mono.official.71f334935 - https://godotengine.org

matchlab matrix shard 1 of 6: 546 matches
  a field: freestyle_swords, pyre_ascent, pyre_attrition, pyre_beatdown, root_seals, shade_henchmen, shade_mind_siege, shade_salvage, steel_beatdown, steel_heir, storm_unbound, storm_volley, tide_companions, tide_deepwater
  b field: freestyle_swords, pyre_ascent, pyre_attrition, pyre_beatdown, root_seals, shade_henchmen, shade_mind_siege, shade_salvage, steel_beatdown, steel_heir, storm_unbound, storm_volley, tide_companions, tide_deepwater
  a side : scorer
  b side : scorer
  flags  : --json=res://reports/tournament_2026-09-26/scorer_after2/shard_0.json --mode=matrix --policy=scorer --progress=0 --repeats=9 --scenario=res://tests/scenarios/balance.json --seed=77 --shard=0/6 --styles=1 --tsv=res://reports/tournament_2026-09-26/scorer_after2/shard_0.tsv

=== matchlab, 400s ===
side a: scorer
side b: scorer
546 matches, 0 unusable

RECORD  (both sides, scorer)
deck               played win% (95% range)       won by surv/seal/asc   lost to surv/seal/asc   turns
steel_beatdown         78  85.9% (76.5-91.9)                   66/0/1                   6/0/5     6.0
shade_mind_siege       78  84.6% (75.0-91.0)                   66/0/0                   7/0/5     7.2
pyre_attrition         78  80.8% (70.7-88.0)                  19/0/44                  12/2/1     6.1
shade_henchmen         78  56.4% (45.4-66.9)                   44/0/0                  26/2/6     5.6
freestyle_swords       78  53.8% (42.9-64.5)                   42/0/0                  35/1/0     7.3
storm_unbound          78  50.0% (39.2-60.8)                   39/0/0                 26/1/12     8.3
root_seals             78  48.7% (37.9-59.6)                  16/22/0                  37/0/3    15.7
pyre_ascent            78  47.4% (36.7-58.4)                   9/0/28                  36/3/2     7.2
pyre_beatdown          78  47.4% (36.7-58.4)                   37/0/0                 28/3/10     6.9
tide_deepwater         78  39.7% (29.6-50.8)                   31/0/0                  46/1/0     7.6
tide_companions        78  33.3% (23.9-44.4)                   26/0/0                  43/2/7     8.1
storm_volley           78  32.1% (22.7-43.0)                   25/0/0                 39/2/12     7.2
shade_salvage          78  20.5% (13.0-30.8)                   16/0/0                  53/1/8     7.5
steel_heir             78  19.2% (12.0-29.3)                   15/0/0                  57/4/2     6.8
all wins by route: 451/22/73

HOW CLOSE IT CAME WHEN IT LOST  (life cards left / Seals missing / share of the Fervor climb left)
deck               losses   own distance at the end      nearest route: surv/seal/asc
steel_beatdown         11    23.8 life / 6.5 seals /  52% asc   7/0/4
shade_mind_siege       12    11.0 life / 7.0 seals / 100% asc   12/0/0
pyre_attrition         15     6.3 life / 7.0 seals /  59% asc   13/0/2
shade_henchmen         34     7.0 life / 6.8 seals /  95% asc   34/0/0
freestyle_swords       36     0.2 life / 6.9 seals /  95% asc   36/0/0
storm_unbound          39    15.5 life / 6.8 seals /  84% asc   37/0/2
root_seals             40     5.5 life / 3.8 seals /  98% asc   37/3/0
pyre_ascent            41     4.0 life / 6.8 seals /  59% asc   38/0/3
pyre_beatdown          41    11.1 life / 7.0 seals /  68% asc   38/0/3
tide_deepwater         47     1.6 life / 6.6 seals /  99% asc   47/0/0
tide_companions        52     4.6 life / 7.0 seals /  97% asc   52/0/0
storm_volley           53     8.5 life / 6.6 seals / 100% asc   53/0/0
shade_salvage          62     5.2 life / 6.8 seals /  97% asc   62/0/0
steel_heir             63     1.8 life / 6.9 seals /  94% asc   63/0/0

WHAT IT HAD LEFT WHEN IT WON  (same three numbers, for the winner itself)
deck                 wins   own distance at the end
steel_beatdown         67    37.7 life / 5.8 seals /  40% asc
shade_mind_siege       66    39.8 life / 6.8 seals /  97% asc
pyre_attrition         63    41.9 life / 6.8 seals /  29% asc
shade_henchmen         44    42.6 life / 6.4 seals /  91% asc
freestyle_swords       42    30.1 life / 6.8 seals /  90% asc
storm_unbound          39    28.1 life / 6.4 seals /  64% asc
root_seals             38    29.1 life / 1.0 seals /  95% asc
pyre_ascent            37    30.4 life / 6.6 seals /  33% asc
pyre_beatdown          37    30.8 life / 6.7 seals /  62% asc
tide_deepwater         31    33.2 life / 5.6 seals /  98% asc
tide_companions        26    22.1 life / 6.5 seals /  95% asc
storm_volley           25    29.4 life / 5.9 seals / 100% asc
shade_salvage          16    24.2 life / 6.5 seals /  94% asc
steel_heir             15    18.5 life / 6.8 seals /  92% asc

MATCHUPS  (side a deck's win% against side b deck, n in brackets)
a \ b              freestyle_sw  pyre_ascent pyre_attriti pyre_beatdow   root_seals shade_henchm shade_mind_s shade_salvag steel_beatdo   steel_heir storm_unboun storm_volley tide_compani tide_deepwat
freestyle_swords              -       67%[3]        0%[3]        0%[3]       67%[3]       33%[3]        0%[3]      100%[3]       33%[3]      100%[3]       67%[3]       67%[3]      100%[3]       33%[3]
pyre_ascent               0%[3]            -        0%[3]      100%[3]        0%[3]       33%[3]        0%[3]       33%[3]       33%[3]       67%[3]      100%[3]      100%[3]        0%[3]       33%[3]
pyre_attrition            0%[3]       67%[3]            -      100%[3]       67%[3]       33%[3]       33%[3]      100%[3]       33%[3]      100%[3]      100%[3]      100%[3]      100%[3]      100%[3]
pyre_beatdown             0%[3]       67%[3]        0%[3]            -       33%[3]       33%[3]        0%[3]       67%[3]        0%[3]       67%[3]       67%[3]       67%[3]       33%[3]      100%[3]
root_seals                0%[3]       67%[3]       33%[3]       33%[3]            -       67%[3]        0%[3]       33%[3]        0%[3]      100%[3]       33%[3]       33%[3]      100%[3]      100%[3]
shade_henchmen           67%[3]       67%[3]        0%[3]       67%[3]       67%[3]            -        0%[3]      100%[3]        0%[3]      100%[3]       67%[3]      100%[3]       67%[3]       33%[3]
shade_mind_siege        100%[3]       67%[3]        0%[3]       33%[3]      100%[3]      100%[3]            -      100%[3]       67%[3]      100%[3]       33%[3]      100%[3]      100%[3]      100%[3]
shade_salvage            33%[3]        0%[3]        0%[3]       33%[3]        0%[3]        0%[3]        0%[3]            -        0%[3]       33%[3]        0%[3]       33%[3]       33%[3]       33%[3]
steel_beatdown          100%[3]       33%[3]       67%[3]      100%[3]      100%[3]      100%[3]       33%[3]      100%[3]            -      100%[3]       67%[3]      100%[3]      100%[3]      100%[3]
steel_heir                0%[3]        0%[3]        0%[3]        0%[3]        0%[3]       33%[3]        0%[3]       33%[3]        0%[3]            -       33%[3]       67%[3]        0%[3]       33%[3]
storm_unbound            67%[3]       33%[3]        0%[3]       67%[3]       67%[3]       33%[3]       33%[3]      100%[3]        0%[3]      100%[3]            -       33%[3]       67%[3]        0%[3]
storm_volley             33%[3]        0%[3]        0%[3]       33%[3]       33%[3]       33%[3]        0%[3]       67%[3]        0%[3]       33%[3]        0%[3]            -      100%[3]        0%[3]
tide_companions         100%[3]       33%[3]        0%[3]       33%[3]        0%[3]       33%[3]        0%[3]       67%[3]        0%[3]       33%[3]        0%[3]        0%[3]            -       67%[3]
tide_deepwater           67%[3]       67%[3]       33%[3]        0%[3]      100%[3]       33%[3]        0%[3]       67%[3]        0%[3]       67%[3]       33%[3]        0%[3]        0%[3]            -

DECISION COST
side   policy                       decisions  mean ms   med ms   p95 ms   max ms   search: mean depth / fallbacks
a      scorer                           33794     4.57     3.99     8.56       46   0.00 / 0
b      scorer                           33754     4.58     4.01     8.54       46   0.00 / 0

wrote G:/Godot/Gamestorming/zenith/reports/tournament_2026-09-26/scorer_after2/shard_0.tsv (546 matches)
wrote G:/Godot/Gamestorming/zenith/reports/tournament_2026-09-26/scorer_after2/shard_0.json
