Godot Engine v4.6.2.stable.mono.official.71f334935 - https://godotengine.org

matchlab matrix shard 6 of 6: 546 matches
  a field: freestyle_swords, pyre_ascent, pyre_attrition, pyre_beatdown, root_seals, shade_henchmen, shade_mind_siege, shade_salvage, steel_beatdown, steel_heir, storm_unbound, storm_volley, tide_companions, tide_deepwater
  b field: freestyle_swords, pyre_ascent, pyre_attrition, pyre_beatdown, root_seals, shade_henchmen, shade_mind_siege, shade_salvage, steel_beatdown, steel_heir, storm_unbound, storm_volley, tide_companions, tide_deepwater
  a side : scorer
  b side : scorer
  flags  : --json=res://reports/tournament_2026-09-26/scorer_after2/shard_5.json --mode=matrix --policy=scorer --progress=0 --repeats=9 --scenario=res://tests/scenarios/balance.json --seed=77 --shard=5/6 --styles=1 --tsv=res://reports/tournament_2026-09-26/scorer_after2/shard_5.tsv

=== matchlab, 407s ===
side a: scorer
side b: scorer
546 matches, 0 unusable

RECORD  (both sides, scorer)
deck               played win% (95% range)       won by surv/seal/asc   lost to surv/seal/asc   turns
pyre_attrition         78  84.6% (75.0-91.0)                  18/0/48                   6/3/3     5.8
shade_mind_siege       78  84.6% (75.0-91.0)                   66/0/0                   6/0/6     7.4
steel_beatdown         78  83.3% (73.5-90.0)                   65/0/0                   8/0/5     5.7
freestyle_swords       78  62.8% (51.7-72.7)                   49/0/0                  28/0/1     7.4
root_seals             78  57.7% (46.6-68.0)                  31/14/0                  30/0/3    16.7
shade_henchmen         78  56.4% (45.4-66.9)                   44/0/0                  25/0/9     5.8
pyre_ascent            78  50.0% (39.2-60.8)                  11/0/28                  34/3/2     7.5
pyre_beatdown          78  47.4% (36.7-58.4)                   35/0/2                  31/2/8     7.1
tide_deepwater         78  38.5% (28.4-49.6)                   30/0/0                  47/1/0     8.0
storm_unbound          78  33.3% (23.9-44.4)                   26/0/0                 39/2/11     8.3
storm_volley           78  33.3% (23.9-44.4)                   26/0/0                 39/1/12     7.5
tide_companions        78  29.5% (20.5-40.4)                   23/0/0                 44/1/10     8.3
steel_heir             78  23.1% (15.1-33.6)                   18/0/0                  59/0/1     6.5
shade_salvage          78  15.4% ( 9.0-25.0)                   12/0/0                  58/1/7     8.2
all wins by route: 454/14/78

HOW CLOSE IT CAME WHEN IT LOST  (life cards left / Seals missing / share of the Fervor climb left)
deck               losses   own distance at the end      nearest route: surv/seal/asc
pyre_attrition         12    22.9 life / 7.0 seals /  47% asc   6/0/6
shade_mind_siege       12    18.0 life / 7.0 seals /  99% asc   12/0/0
steel_beatdown         13    17.8 life / 5.9 seals /  60% asc   9/0/4
freestyle_swords       29     0.3 life / 6.9 seals /  95% asc   29/0/0
root_seals             33     5.4 life / 4.0 seals /  94% asc   31/2/0
shade_henchmen         34    10.1 life / 6.9 seals /  98% asc   34/0/0
pyre_ascent            39     2.3 life / 6.9 seals /  62% asc   37/0/2
pyre_beatdown          41     8.8 life / 6.9 seals /  65% asc   37/0/4
tide_deepwater         48     1.9 life / 6.5 seals / 100% asc   48/0/0
storm_unbound          52     7.0 life / 6.8 seals /  81% asc   51/0/1
storm_volley           52     9.3 life / 6.7 seals / 100% asc   52/0/0
tide_companions        55     6.9 life / 6.9 seals /  98% asc   55/0/0
steel_heir             60     0.6 life / 6.9 seals /  97% asc   60/0/0
shade_salvage          66     3.0 life / 6.9 seals /  97% asc   66/0/0

WHAT IT HAD LEFT WHEN IT WON  (same three numbers, for the winner itself)
deck                 wins   own distance at the end
pyre_attrition         66    38.4 life / 6.8 seals /  30% asc
shade_mind_siege       66    35.5 life / 6.8 seals /  96% asc
steel_beatdown         65    41.2 life / 5.9 seals /  41% asc
freestyle_swords       49    32.3 life / 6.7 seals /  91% asc
root_seals             45    28.9 life / 1.4 seals /  96% asc
shade_henchmen         44    35.2 life / 6.6 seals /  88% asc
pyre_ascent            39    27.0 life / 6.5 seals /  36% asc
pyre_beatdown          37    28.2 life / 6.8 seals /  57% asc
tide_deepwater         30    34.4 life / 5.7 seals /  99% asc
storm_unbound          26    26.9 life / 6.5 seals /  71% asc
storm_volley           26    25.9 life / 6.4 seals / 100% asc
tide_companions        23    23.3 life / 6.9 seals /  95% asc
steel_heir             18    26.7 life / 6.5 seals /  90% asc
shade_salvage          12    25.5 life / 6.3 seals /  95% asc

MATCHUPS  (side a deck's win% against side b deck, n in brackets)
a \ b              freestyle_sw  pyre_ascent pyre_attriti pyre_beatdow   root_seals shade_henchm shade_mind_s shade_salvag steel_beatdo   steel_heir storm_unboun storm_volley tide_compani tide_deepwat
freestyle_swords              -       67%[3]       67%[3]       33%[3]       67%[3]       33%[3]        0%[3]      100%[3]       33%[3]      100%[3]       33%[3]       33%[3]      100%[3]      100%[3]
pyre_ascent               0%[3]            -       67%[3]       33%[3]        0%[3]       67%[3]        0%[3]       67%[3]       33%[3]      100%[3]       67%[3]      100%[3]      100%[3]       67%[3]
pyre_attrition           67%[3]       67%[3]            -      100%[3]        0%[3]      100%[3]      100%[3]      100%[3]      100%[3]      100%[3]      100%[3]      100%[3]      100%[3]      100%[3]
pyre_beatdown            67%[3]       67%[3]        0%[3]            -        0%[3]       67%[3]        0%[3]       67%[3]        0%[3]       67%[3]       67%[3]      100%[3]       67%[3]       33%[3]
root_seals               67%[3]       67%[3]        0%[3]       33%[3]            -        0%[3]        0%[3]       67%[3]        0%[3]       33%[3]      100%[3]       33%[3]      100%[3]      100%[3]
shade_henchmen            0%[3]       67%[3]        0%[3]      100%[3]      100%[3]            -        0%[3]      100%[3]        0%[3]      100%[3]       67%[3]       67%[3]      100%[3]      100%[3]
shade_mind_siege        100%[3]       67%[3]       33%[3]      100%[3]       67%[3]      100%[3]            -      100%[3]       67%[3]      100%[3]       67%[3]      100%[3]       33%[3]      100%[3]
shade_salvage             0%[3]       33%[3]        0%[3]        0%[3]        0%[3]        0%[3]        0%[3]            -        0%[3]      100%[3]        0%[3]       33%[3]       67%[3]        0%[3]
steel_beatdown           67%[3]      100%[3]       33%[3]      100%[3]      100%[3]      100%[3]       33%[3]      100%[3]            -      100%[3]      100%[3]      100%[3]      100%[3]      100%[3]
steel_heir                0%[3]       67%[3]        0%[3]       33%[3]       33%[3]       33%[3]        0%[3]       67%[3]        0%[3]            -       67%[3]       67%[3]        0%[3]        0%[3]
storm_unbound             0%[3]       33%[3]        0%[3]       33%[3]       33%[3]        0%[3]        0%[3]      100%[3]        0%[3]       33%[3]            -       67%[3]       67%[3]       33%[3]
storm_volley             33%[3]        0%[3]        0%[3]       33%[3]        0%[3]        0%[3]        0%[3]       67%[3]        0%[3]      100%[3]       67%[3]            -      100%[3]        0%[3]
tide_companions          33%[3]       33%[3]        0%[3]       33%[3]        0%[3]       67%[3]        0%[3]      100%[3]        0%[3]       33%[3]       67%[3]        0%[3]            -       67%[3]
tide_deepwater            0%[3]       33%[3]       33%[3]       33%[3]        0%[3]       67%[3]        0%[3]      100%[3]       33%[3]      100%[3]       33%[3]       33%[3]       33%[3]            -

DECISION COST
side   policy                       decisions  mean ms   med ms   p95 ms   max ms   search: mean depth / fallbacks
a      scorer                           34333     4.57     4.01     8.58       60   0.00 / 0
b      scorer                           34458     4.57     4.01     8.63       45   0.00 / 0

wrote G:/Godot/Gamestorming/zenith/reports/tournament_2026-09-26/scorer_after2/shard_5.tsv (546 matches)
wrote G:/Godot/Gamestorming/zenith/reports/tournament_2026-09-26/scorer_after2/shard_5.json
