Godot Engine v4.6.2.stable.mono.official.71f334935 - https://godotengine.org

matchlab matrix shard 5 of 6: 546 matches
  a field: freestyle_swords, pyre_ascent, pyre_attrition, pyre_beatdown, root_seals, shade_henchmen, shade_mind_siege, shade_salvage, steel_beatdown, steel_heir, storm_unbound, storm_volley, tide_companions, tide_deepwater
  b field: freestyle_swords, pyre_ascent, pyre_attrition, pyre_beatdown, root_seals, shade_henchmen, shade_mind_siege, shade_salvage, steel_beatdown, steel_heir, storm_unbound, storm_volley, tide_companions, tide_deepwater
  a side : scorer
  b side : scorer
  flags  : --json=res://reports/tournament_2026-09-26/scorer_after2/shard_4.json --mode=matrix --policy=scorer --progress=0 --repeats=9 --scenario=res://tests/scenarios/balance.json --seed=77 --shard=4/6 --styles=1 --tsv=res://reports/tournament_2026-09-26/scorer_after2/shard_4.tsv

=== matchlab, 401s ===
side a: scorer
side b: scorer
546 matches, 0 unusable

RECORD  (both sides, scorer)
deck               played win% (95% range)       won by surv/seal/asc   lost to surv/seal/asc   turns
steel_beatdown         78  83.3% (73.5-90.0)                   65/0/0                   7/0/6     5.9
shade_mind_siege       78  80.8% (70.7-88.0)                   63/0/0                  10/0/5     7.3
pyre_attrition         78  79.5% (69.2-87.0)                  15/0/47                  12/2/2     6.1
freestyle_swords       78  57.7% (46.6-68.0)                   45/0/0                  31/1/1     7.4
pyre_beatdown          78  55.1% (44.1-65.7)                   41/0/2                  28/0/7     7.1
tide_deepwater         78  50.0% (39.2-60.8)                   39/0/0                  35/4/0     7.5
pyre_ascent            78  46.2% (35.5-57.1)                  12/0/24                  35/2/5     7.2
root_seals             78  42.3% (32.0-53.4)                  15/18/0                  38/0/7    16.3
shade_henchmen         78  41.0% (30.8-52.1)                   32/0/0                  39/1/6     5.9
storm_volley           78  38.5% (28.4-49.6)                   30/0/0                 37/0/11     7.2
tide_companions        78  38.5% (28.4-49.6)                   30/0/0                  41/2/5     8.5
storm_unbound          78  34.6% (25.0-45.7)                   26/0/1                 36/4/11     8.2
shade_salvage          78  28.2% (19.4-39.0)                   22/0/0                  49/1/6     8.0
steel_heir             78  24.4% (16.2-34.9)                   19/0/0                  56/1/2     7.0
all wins by route: 454/18/74

HOW CLOSE IT CAME WHEN IT LOST  (life cards left / Seals missing / share of the Fervor climb left)
deck               losses   own distance at the end      nearest route: surv/seal/asc
steel_beatdown         13    18.0 life / 6.3 seals /  53% asc   10/0/3
shade_mind_siege       15     9.1 life / 6.9 seals /  95% asc   15/0/0
pyre_attrition         16     7.1 life / 7.0 seals /  56% asc   14/0/2
freestyle_swords       33     1.0 life / 6.9 seals /  94% asc   33/0/0
pyre_beatdown          35     9.2 life / 6.8 seals /  65% asc   30/0/5
tide_deepwater         39     3.9 life / 6.6 seals / 100% asc   39/0/0
pyre_ascent            42     5.0 life / 6.9 seals /  62% asc   38/0/4
root_seals             45     6.9 life / 4.4 seals /  96% asc   43/2/0
shade_henchmen         46     6.6 life / 6.7 seals /  93% asc   46/0/0
storm_volley           48    10.2 life / 6.6 seals / 100% asc   48/0/0
tide_companions        48     4.6 life / 6.9 seals /  97% asc   48/0/0
storm_unbound          51    13.2 life / 6.9 seals /  82% asc   46/0/5
shade_salvage          56     3.7 life / 6.8 seals /  98% asc   56/0/0
steel_heir             59     0.7 life / 6.9 seals /  97% asc   59/0/0

WHAT IT HAD LEFT WHEN IT WON  (same three numbers, for the winner itself)
deck                 wins   own distance at the end
steel_beatdown         65    42.1 life / 5.6 seals /  40% asc
shade_mind_siege       63    37.4 life / 6.7 seals /  98% asc
pyre_attrition         62    44.3 life / 6.8 seals /  30% asc
freestyle_swords       45    31.4 life / 6.7 seals /  91% asc
pyre_beatdown          43    25.2 life / 6.8 seals /  59% asc
tide_deepwater         39    32.4 life / 5.7 seals /  97% asc
pyre_ascent            36    28.4 life / 6.6 seals /  29% asc
root_seals             33    25.8 life / 1.0 seals /  96% asc
shade_henchmen         32    39.5 life / 6.5 seals /  88% asc
storm_volley           30    22.6 life / 6.1 seals / 100% asc
tide_companions        30    26.5 life / 6.6 seals /  95% asc
storm_unbound          27    26.6 life / 6.6 seals /  56% asc
shade_salvage          22    19.6 life / 6.2 seals /  93% asc
steel_heir             19    20.2 life / 6.7 seals /  88% asc

MATCHUPS  (side a deck's win% against side b deck, n in brackets)
a \ b              freestyle_sw  pyre_ascent pyre_attriti pyre_beatdow   root_seals shade_henchm shade_mind_s shade_salvag steel_beatdo   steel_heir storm_unboun storm_volley tide_compani tide_deepwat
freestyle_swords              -      100%[3]       67%[3]        0%[3]       67%[3]       33%[3]        0%[3]      100%[3]        0%[3]       67%[3]       33%[3]       67%[3]      100%[3]      100%[3]
pyre_ascent              33%[3]            -       33%[3]       67%[3]      100%[3]       67%[3]        0%[3]       67%[3]        0%[3]       67%[3]      100%[3]      100%[3]       33%[3]       67%[3]
pyre_attrition           67%[3]       67%[3]            -      100%[3]       67%[3]      100%[3]      100%[3]      100%[3]        0%[3]      100%[3]      100%[3]      100%[3]      100%[3]      100%[3]
pyre_beatdown            67%[3]       67%[3]       67%[3]            -      100%[3]      100%[3]       33%[3]       67%[3]       33%[3]       33%[3]      100%[3]      100%[3]       33%[3]       67%[3]
root_seals               67%[3]       67%[3]       33%[3]      100%[3]            -        0%[3]        0%[3]        0%[3]        0%[3]      100%[3]       67%[3]        0%[3]       67%[3]       67%[3]
shade_henchmen            0%[3]      100%[3]       33%[3]       33%[3]       67%[3]            -        0%[3]      100%[3]       33%[3]       33%[3]      100%[3]       67%[3]       33%[3]       67%[3]
shade_mind_siege         67%[3]      100%[3]       33%[3]      100%[3]      100%[3]      100%[3]            -      100%[3]       33%[3]      100%[3]       67%[3]      100%[3]      100%[3]      100%[3]
shade_salvage             0%[3]       67%[3]        0%[3]       33%[3]       33%[3]       67%[3]        0%[3]            -        0%[3]       67%[3]       33%[3]        0%[3]       67%[3]       33%[3]
steel_beatdown           67%[3]       33%[3]        0%[3]       67%[3]       67%[3]      100%[3]       67%[3]      100%[3]            -      100%[3]      100%[3]      100%[3]      100%[3]      100%[3]
steel_heir                0%[3]        0%[3]        0%[3]        0%[3]        0%[3]       33%[3]        0%[3]       33%[3]        0%[3]            -      100%[3]       67%[3]       33%[3]       33%[3]
storm_unbound             0%[3]        0%[3]        0%[3]      100%[3]       33%[3]       33%[3]       33%[3]       67%[3]        0%[3]      100%[3]            -      100%[3]      100%[3]        0%[3]
storm_volley             67%[3]       33%[3]        0%[3]       67%[3]       67%[3]       67%[3]       67%[3]       67%[3]        0%[3]       33%[3]        0%[3]            -      100%[3]        0%[3]
tide_companions          33%[3]      100%[3]        0%[3]       67%[3]       67%[3]      100%[3]        0%[3]       67%[3]        0%[3]       67%[3]       67%[3]        0%[3]            -       33%[3]
tide_deepwater           67%[3]      100%[3]       67%[3]        0%[3]        0%[3]      100%[3]        0%[3]      100%[3]       33%[3]      100%[3]      100%[3]       67%[3]       33%[3]            -

DECISION COST
side   policy                       decisions  mean ms   med ms   p95 ms   max ms   search: mean depth / fallbacks
a      scorer                           34403     4.56     4.01     8.51       63   0.00 / 0
b      scorer                           33634     4.55     4.00     8.54       48   0.00 / 0

wrote G:/Godot/Gamestorming/zenith/reports/tournament_2026-09-26/scorer_after2/shard_4.tsv (546 matches)
wrote G:/Godot/Gamestorming/zenith/reports/tournament_2026-09-26/scorer_after2/shard_4.json
