Godot Engine v4.6.2.stable.mono.official.71f334935 - https://godotengine.org

matchlab matrix shard 4 of 6: 546 matches
  a field: freestyle_swords, pyre_ascent, pyre_attrition, pyre_beatdown, root_seals, shade_henchmen, shade_mind_siege, shade_salvage, steel_beatdown, steel_heir, storm_unbound, storm_volley, tide_companions, tide_deepwater
  b field: freestyle_swords, pyre_ascent, pyre_attrition, pyre_beatdown, root_seals, shade_henchmen, shade_mind_siege, shade_salvage, steel_beatdown, steel_heir, storm_unbound, storm_volley, tide_companions, tide_deepwater
  a side : scorer
  b side : scorer
  flags  : --json=res://reports/tournament_2026-09-26/scorer_after2/shard_3.json --mode=matrix --policy=scorer --progress=0 --repeats=9 --scenario=res://tests/scenarios/balance.json --seed=77 --shard=3/6 --styles=1 --tsv=res://reports/tournament_2026-09-26/scorer_after2/shard_3.tsv

=== matchlab, 399s ===
side a: scorer
side b: scorer
546 matches, 0 unusable

RECORD  (both sides, scorer)
deck               played win% (95% range)       won by surv/seal/asc   lost to surv/seal/asc   turns
pyre_attrition         78  91.0% (82.6-95.6)                  16/0/55                   7/0/0     5.8
steel_beatdown         78  80.8% (70.7-88.0)                   62/0/1                   6/0/9     5.5
shade_mind_siege       78  74.4% (63.7-82.7)                   58/0/0                  11/2/7     7.8
freestyle_swords       78  64.1% (53.0-73.9)                   50/0/0                  28/0/0     7.0
shade_henchmen         78  56.4% (45.4-66.9)                   44/0/0                  24/2/8     5.8
pyre_beatdown          78  55.1% (44.1-65.7)                   40/0/3                 22/2/11     7.1
pyre_ascent            78  51.3% (40.4-62.1)                  15/0/25                  31/1/6     7.1
root_seals             78  51.3% (40.4-62.1)                  23/17/0                  34/0/4    15.8
tide_deepwater         78  48.7% (37.9-59.6)                   38/0/0                  38/1/1     7.4
storm_unbound          78  39.7% (29.6-50.8)                   29/0/2                 32/3/12     8.7
tide_companions        78  33.3% (23.9-44.4)                   26/0/0                  47/1/4     8.2
storm_volley           78  28.2% (19.4-39.0)                   22/0/0                 41/0/15     6.8
steel_heir             78  15.4% ( 9.0-25.0)                   11/0/1                  63/1/2     6.6
shade_salvage          78  10.3% ( 5.3-19.0)                    8/0/0                  58/4/8     7.7
all wins by route: 442/17/87

HOW CLOSE IT CAME WHEN IT LOST  (life cards left / Seals missing / share of the Fervor climb left)
deck               losses   own distance at the end      nearest route: surv/seal/asc
pyre_attrition          7     0.0 life / 6.7 seals /  63% asc   7/0/0
steel_beatdown         15    24.5 life / 6.5 seals /  54% asc   9/0/6
shade_mind_siege       20     8.8 life / 6.9 seals /  98% asc   20/0/0
freestyle_swords       28     0.0 life / 6.9 seals /  96% asc   28/0/0
shade_henchmen         34    10.5 life / 6.8 seals /  95% asc   34/0/0
pyre_beatdown          35    13.9 life / 6.9 seals /  67% asc   30/0/5
pyre_ascent            38     6.5 life / 7.0 seals /  56% asc   34/0/4
root_seals             38     3.3 life / 3.8 seals /  95% asc   37/1/0
tide_deepwater         40     2.3 life / 6.6 seals /  99% asc   40/0/0
storm_unbound          47    15.2 life / 6.9 seals /  82% asc   45/0/2
tide_companions        52     2.6 life / 7.0 seals /  97% asc   52/0/0
storm_volley           56    11.8 life / 6.7 seals / 100% asc   56/0/0
steel_heir             66     1.3 life / 6.9 seals /  95% asc   66/0/0
shade_salvage          70     4.5 life / 6.9 seals /  97% asc   70/0/0

WHAT IT HAD LEFT WHEN IT WON  (same three numbers, for the winner itself)
deck                 wins   own distance at the end
pyre_attrition         71    42.9 life / 6.7 seals /  30% asc
steel_beatdown         63    41.7 life / 5.8 seals /  39% asc
shade_mind_siege       58    37.5 life / 6.8 seals /  97% asc
freestyle_swords       50    28.3 life / 6.8 seals /  93% asc
shade_henchmen         44    37.1 life / 6.6 seals /  90% asc
pyre_beatdown          43    26.3 life / 6.6 seals /  53% asc
pyre_ascent            40    33.5 life / 6.7 seals /  35% asc
root_seals             40    28.4 life / 1.5 seals /  95% asc
tide_deepwater         38    34.6 life / 5.8 seals /  99% asc
storm_unbound          31    22.9 life / 6.6 seals /  61% asc
tide_companions        26    23.6 life / 6.6 seals /  96% asc
storm_volley           22    24.5 life / 6.3 seals / 100% asc
steel_heir             12    18.0 life / 6.8 seals /  88% asc
shade_salvage           8    23.6 life / 6.4 seals /  93% asc

MATCHUPS  (side a deck's win% against side b deck, n in brackets)
a \ b              freestyle_sw  pyre_ascent pyre_attriti pyre_beatdow   root_seals shade_henchm shade_mind_s shade_salvag steel_beatdo   steel_heir storm_unboun storm_volley tide_compani tide_deepwat
freestyle_swords              -       67%[3]       67%[3]       67%[3]      100%[3]       67%[3]        0%[3]      100%[3]        0%[3]      100%[3]       67%[3]       67%[3]       67%[3]      100%[3]
pyre_ascent               0%[3]            -        0%[3]       67%[3]        0%[3]       67%[3]       33%[3]      100%[3]       67%[3]      100%[3]      100%[3]      100%[3]       33%[3]       33%[3]
pyre_attrition           33%[3]      100%[3]            -      100%[3]      100%[3]      100%[3]      100%[3]      100%[3]      100%[3]      100%[3]      100%[3]      100%[3]      100%[3]       67%[3]
pyre_beatdown            33%[3]        0%[3]        0%[3]            -       33%[3]      100%[3]       33%[3]      100%[3]       33%[3]      100%[3]      100%[3]       67%[3]      100%[3]       67%[3]
root_seals               33%[3]       67%[3]        0%[3]      100%[3]            -       33%[3]        0%[3]       67%[3]        0%[3]       67%[3]       67%[3]       67%[3]       67%[3]       33%[3]
shade_henchmen           67%[3]       67%[3]       33%[3]       67%[3]       67%[3]            -        0%[3]      100%[3]        0%[3]      100%[3]       67%[3]      100%[3]       33%[3]       67%[3]
shade_mind_siege         67%[3]       67%[3]       33%[3]      100%[3]       33%[3]       67%[3]            -      100%[3]       33%[3]      100%[3]       33%[3]      100%[3]      100%[3]      100%[3]
shade_salvage             0%[3]       33%[3]        0%[3]        0%[3]        0%[3]        0%[3]        0%[3]            -        0%[3]       33%[3]        0%[3]       33%[3]       33%[3]       33%[3]
steel_beatdown           67%[3]      100%[3]        0%[3]       33%[3]      100%[3]      100%[3]      100%[3]      100%[3]            -      100%[3]      100%[3]      100%[3]      100%[3]       67%[3]
steel_heir                0%[3]        0%[3]        0%[3]        0%[3]       33%[3]        0%[3]        0%[3]       33%[3]        0%[3]            -       33%[3]       33%[3]       33%[3]        0%[3]
storm_unbound            33%[3]       33%[3]        0%[3]       33%[3]        0%[3]       33%[3]       33%[3]      100%[3]        0%[3]       67%[3]            -       67%[3]      100%[3]       67%[3]
storm_volley             33%[3]        0%[3]        0%[3]        0%[3]        0%[3]        0%[3]        0%[3]      100%[3]        0%[3]       67%[3]       67%[3]            -      100%[3]        0%[3]
tide_companions          67%[3]       67%[3]        0%[3]       67%[3]       33%[3]        0%[3]        0%[3]      100%[3]       33%[3]       67%[3]       33%[3]        0%[3]            -       33%[3]
tide_deepwater           67%[3]       67%[3]        0%[3]        0%[3]       67%[3]       33%[3]        0%[3]      100%[3]        0%[3]       67%[3]       67%[3]      100%[3]       67%[3]            -

DECISION COST
side   policy                       decisions  mean ms   med ms   p95 ms   max ms   search: mean depth / fallbacks
a      scorer                           33848     4.56     4.02     8.48       49   0.00 / 0
b      scorer                           33734     4.58     4.02     8.67       47   0.00 / 0

wrote G:/Godot/Gamestorming/zenith/reports/tournament_2026-09-26/scorer_after2/shard_3.tsv (546 matches)
wrote G:/Godot/Gamestorming/zenith/reports/tournament_2026-09-26/scorer_after2/shard_3.json
